Component: ARM Compiler 5.06 update 6 (build 750) Tool: armlink [4d35ed]

==============================================================================

Section Cross References

    main.o(i.advertising_init) refers to memseta.o(.text) for __aeabi_memclr4
    main.o(i.advertising_init) refers to ble_advdata.o(i.ble_advdata_encode) for ble_advdata_encode
    main.o(i.advertising_init) refers to app_error.o(i.app_error_handler_bare) for app_error_handler_bare
    main.o(i.advertising_init) refers to main.o(.constdata) for .constdata
    main.o(i.advertising_init) refers to main.o(.bss) for .bss
    main.o(i.advertising_init) refers to main.o(.data) for .data
    main.o(i.advertising_start) refers to app_error.o(i.app_error_handler_bare) for app_error_handler_bare
    main.o(i.advertising_start) refers to boards.o(i.bsp_board_led_on) for bsp_board_led_on
    main.o(i.advertising_start) refers to main.o(.data) for .data
    main.o(i.assert_nrf_callback) refers to app_error_handler_keil.o(.emb_text) for app_error_handler
    main.o(i.ble_evt_handler) refers to nrf_log_frontend.o(i.nrf_log_frontend_std_0) for nrf_log_frontend_std_0
    main.o(i.ble_evt_handler) refers to boards.o(i.bsp_board_led_on) for bsp_board_led_on
    main.o(i.ble_evt_handler) refers to boards.o(i.bsp_board_led_off) for bsp_board_led_off
    main.o(i.ble_evt_handler) refers to nrf_ble_qwr.o(i.nrf_ble_qwr_conn_handle_assign) for nrf_ble_qwr_conn_handle_assign
    main.o(i.ble_evt_handler) refers to app_error.o(i.app_error_handler_bare) for app_error_handler_bare
    main.o(i.ble_evt_handler) refers to app_button.o(i.app_button_enable) for app_button_enable
    main.o(i.ble_evt_handler) refers to app_button.o(i.app_button_disable) for app_button_disable
    main.o(i.ble_evt_handler) refers to main.o(i.advertising_start) for advertising_start
    main.o(i.ble_evt_handler) refers to main.o(.data) for .data
    main.o(i.ble_evt_handler) refers to nrf_log_frontend.o(log_const_data) for m_nrf_log_app_logs_data_const
    main.o(i.ble_evt_handler) refers to main.o(.bss) for .bss
    main.o(i.button_event_handler) refers to nrf_log_frontend.o(i.nrf_log_frontend_std_0) for nrf_log_frontend_std_0
    main.o(i.button_event_handler) refers to ble_lbs.o(i.ble_lbs_on_button_change) for ble_lbs_on_button_change
    main.o(i.button_event_handler) refers to app_error.o(i.app_error_handler_bare) for app_error_handler_bare
    main.o(i.button_event_handler) refers to nrf_log_frontend.o(log_const_data) for m_nrf_log_app_logs_data_const
    main.o(i.button_event_handler) refers to main.o(.bss) for .bss
    main.o(i.button_event_handler) refers to main.o(.data) for .data
    main.o(i.conn_params_error_handler) refers to app_error.o(i.app_error_handler_bare) for app_error_handler_bare
    main.o(i.led_write_handler) refers to boards.o(i.bsp_board_led_on) for bsp_board_led_on
    main.o(i.led_write_handler) refers to boards.o(i.bsp_board_led_off) for bsp_board_led_off
    main.o(i.led_write_handler) refers to nrf_log_frontend.o(i.nrf_log_frontend_std_0) for nrf_log_frontend_std_0
    main.o(i.led_write_handler) refers to nrf_log_frontend.o(log_const_data) for m_nrf_log_app_logs_data_const
    main.o(i.main) refers to nrf_log_frontend.o(i.nrf_log_init) for nrf_log_init
    main.o(i.main) refers to app_error.o(i.app_error_handler_bare) for app_error_handler_bare
    main.o(i.main) refers to nrf_log_default_backends.o(i.nrf_log_default_backends_init) for nrf_log_default_backends_init
    main.o(i.main) refers to boards.o(i.bsp_board_init) for bsp_board_init
    main.o(i.main) refers to app_timer2.o(i.app_timer_init) for app_timer_init
    main.o(i.main) refers to app_button.o(i.app_button_init) for app_button_init
    main.o(i.main) refers to nrf_pwr_mgmt.o(i.nrf_pwr_mgmt_init) for nrf_pwr_mgmt_init
    main.o(i.main) refers to nrf_sdh.o(i.nrf_sdh_enable_request) for nrf_sdh_enable_request
    main.o(i.main) refers to nrf_sdh_ble.o(i.nrf_sdh_ble_default_cfg_set) for nrf_sdh_ble_default_cfg_set
    main.o(i.main) refers to nrf_sdh_ble.o(i.nrf_sdh_ble_enable) for nrf_sdh_ble_enable
    main.o(i.main) refers to nrf_ble_gatt.o(i.nrf_ble_gatt_init) for nrf_ble_gatt_init
    main.o(i.main) refers to nrf_ble_qwr.o(i.nrf_ble_qwr_init) for nrf_ble_qwr_init
    main.o(i.main) refers to ble_lbs.o(i.ble_lbs_init) for ble_lbs_init
    main.o(i.main) refers to main.o(i.advertising_init) for advertising_init
    main.o(i.main) refers to memseta.o(.text) for __aeabi_memclr4
    main.o(i.main) refers to ble_conn_params.o(i.ble_conn_params_init) for ble_conn_params_init
    main.o(i.main) refers to nrf_log_frontend.o(i.nrf_log_frontend_std_0) for nrf_log_frontend_std_0
    main.o(i.main) refers to main.o(i.advertising_start) for advertising_start
    main.o(i.main) refers to nrf_log_frontend.o(i.nrf_log_frontend_dequeue) for nrf_log_frontend_dequeue
    main.o(i.main) refers to nrf_pwr_mgmt.o(i.nrf_pwr_mgmt_run) for nrf_pwr_mgmt_run
[...]
    m_preferred_conn_params                  0x2000001c   Data           8  ble_conn_params.o(.data)
    .data                                    0x20000024   Section       20  nrf_drv_uart.o(.data)
    m_handlers                               0x20000028   Data           8  nrf_drv_uart.o(.data)
    m_contexts                               0x20000030   Data           8  nrf_drv_uart.o(.data)
    .data                                    0x20000038   Section        8  nrfx_clock.o(.data)
    m_clock_cb                               0x20000038   Data           8  nrfx_clock.o(.data)
    .data                                    0x20000040   Section        8  nrfx_prs.o(.data)
    m_prs_box_4                              0x20000040   Data           8  nrfx_prs.o(.data)
    .data                                    0x20000048   Section       24  app_button.o(.data)
    m_button_count                           0x20000048   Data           1  app_button.o(.data)
    mp_buttons                               0x2000004c   Data           4  app_button.o(.data)
    m_detection_delay                        0x20000050   Data           4  app_button.o(.data)
    m_pin_active                             0x20000058   Data           8  app_button.o(.data)
    .data                                    0x20000060   Section       32  app_button.o(.data)
    m_detection_delay_timer_id_data          0x20000060   Data          32  app_button.o(.data)
    .data                                    0x20000080   Section       32  app_timer2.o(.data)
    m_global_active                          0x20000080   Data           1  app_timer2.o(.data)
    mp_active_timer                          0x20000084   Data           4  app_timer2.o(.data)
    m_rtc_inst                               0x20000088   Data           8  app_timer2.o(.data)
    m_base_counter                           0x20000090   Data           8  app_timer2.o(.data)
    m_stamp64                                0x20000098   Data           8  app_timer2.o(.data)
    .data                                    0x200000a0   Section        4  app_timer2.o(.data)
    m_app_timer_sortlist_sortlist_cb         0x200000a0   Data           4  app_timer2.o(.data)
    .data                                    0x200000a4   Section       12  drv_rtc.o(.data)
    m_handlers                               0x200000a4   Data           4  drv_rtc.o(.data)
    m_cb                                     0x200000a8   Data           8  drv_rtc.o(.data)
    .data                                    0x200000b0   Section        8  nrf_pwr_mgmt.o(.data)
    m_pwr_mgmt_evt                           0x200000b0   Data           1  nrf_pwr_mgmt.o(.data)
    m_shutdown_started                       0x200000b1   Data           1  nrf_pwr_mgmt.o(.data)
    m_sysoff_mtx                             0x200000b4   Data           4  nrf_pwr_mgmt.o(.data)
    .data                                    0x200000b8   Section       24  nrf_log_backend_uart.o(.data)
    m_xfer_done                              0x200000b8   Data           1  nrf_log_backend_uart.o(.data)
    m_async_mode                             0x200000b9   Data           1  nrf_log_backend_uart.o(.data)
    .data                                    0x200000d0   Section        8  nrf_log_default_backends.o(.data)
    log_backend_cb_uart_log_backend          0x200000d0   Data           8  nrf_log_default_backends.o(.data)
    .data                                    0x200000d8   Section        4  nrf_log_frontend.o(.data)
    m_buffer_mask                            0x200000d8   Data           4  nrf_log_frontend.o(.data)
    .data                                    0x200000dc   Section        8  nrf_log_frontend.o(.data)
    log_mempool_nrf_balloc_pool_stack        0x200000dc   Data           8  nrf_log_frontend.o(.data)
    .data                                    0x200000e4   Section        8  nrf_log_frontend.o(.data)
    log_mempool_nrf_balloc_cb                0x200000e4   Data           8  nrf_log_frontend.o(.data)
    .data                                    0x200000ec   Section       64  nrf_log_str_formatter.o(.data)
    m_freq                                   0x200000ec   Data           4  nrf_log_str_formatter.o(.data)
    m_timestamp_div                          0x200000f0   Data           4  nrf_log_str_formatter.o(.data)
    severity_names                           0x200000f4   Data          20  nrf_log_str_formatter.o(.data)
    m_colors                                 0x20000108   Data          36  nrf_log_str_formatter.o(.data)
    .data                                    0x2000012c   Section        3  nrf_sdh.o(.data)
    m_nrf_sdh_enabled                        0x2000012c   Data           1  nrf_sdh.o(.data)
    m_nrf_sdh_suspended                      0x2000012d   Data           1  nrf_sdh.o(.data)
    m_nrf_sdh_continue                       0x2000012e   Data           1  nrf_sdh.o(.data)
    .data                                    0x2000012f   Section        1  nrf_sdh_ble.o(.data)
    m_stack_is_enabled                       0x2000012f   Data           1  nrf_sdh_ble.o(.data)
    .data                                    0x20000130   Section        4  system_nrf52.o(.data)
    __tagsym$$used                           0x20000130   Number         0  system_nrf52.o(.data)
    .bss                                     0x20000134   Section       56  main.o(.bss)
    m_lbs                                    0x20000134   Data          24  main.o(.bss)
    m_gatt                                   0x2000014c   Data          20  main.o(.bss)
    m_qwr                                    0x20000160   Data          12  main.o(.bss)
    .bss                                     0x2000016c   Section       31  main.o(.bss)
    m_enc_advdata                            0x2000016c   Data          31  main.o(.bss)
    .bss                                     0x2000018b   Section       31  main.o(.bss)
    m_enc_scan_response_data                 0x2000018b   Data          31  main.o(.bss)
    .bss                                     0x200001b0   Section       80  ble_conn_params.o(.bss)
    m_timer_data                             0x200001b0   Data          32  ble_conn_params.o(.bss)
    m_conn_params_instances                  0x200001d0   Data          20  ble_conn_params.o(.bss)
    m_conn_params_config                     0x200001e4   Data          28  ble_conn_params.o(.bss)
    .bss                                     0x20000200   Section      124  ble_conn_state.o(.bss)
    m_bcs                                    0x20000200   Data         124  ble_conn_state.o(.bss)
    .bss                                     0x2000027c   Section       20  nrf_drv_clock.o(.bss)
    m_clock_cb                               0x2000027c   Data          20  nrf_drv_clock.o(.bss)
    .bss                                     0x20000290   Section      108  nrfx_gpiote.o(.bss)
    m_cb                                     0x20000290   Data         108  nrfx_gpiote.o(.bss)
    .bss                                     0x200002fc   Section       44  nrfx_uart.o(.bss)
    m_cb                                     0x200002fc   Data          44  nrfx_uart.o(.bss)
    .bss                                     0x20000328   Section       36  nrfx_uarte.o(.bss)
    m_cb                                     0x20000328   Data          36  nrfx_uarte.o(.bss)
    .bss                                     0x2000034c   Section       32  app_button.o(.bss)
    m_pin_states                             0x2000034c   Data          32  app_button.o(.bss)
    .bss                                     0x2000036c   Section       16  app_timer2.o(.bss)
    m_req_fifo_inst                          0x2000036c   Data          16  app_timer2.o(.bss)
    .bss                                     0x2000037c   Section       88  app_timer2.o(.bss)
    m_req_fifo_data                          0x2000037c   Data          88  app_timer2.o(.bss)
    .bss                                     0x200003d4   Section       12  app_util_platform.o(.bss)
    .bss                                     0x200003e0   Section       12  nrf_pwr_mgmt.o(.bss)
    m_handlers_iter                          0x200003e0   Data          12  nrf_pwr_mgmt.o(.bss)
    .bss                                     0x200003ec   Section       64  nrf_log_backend_uart.o(.bss)
    m_string_buff                            0x200003ec   Data          64  nrf_log_backend_uart.o(.bss)
    .bss                                     0x2000042c   Section      192  nrf_log_frontend.o(.bss)
    log_mempool_nrf_balloc_pool_mem          0x2000042c   Data         192  nrf_log_frontend.o(.bss)
    .bss                                     0x200004ec   Section      128  nrf_log_frontend.o(.bss)
    m_log_push_ringbuf_buf                   0x200004ec   Data         128  nrf_log_frontend.o(.bss)
    .bss                                     0x2000056c   Section       24  nrf_log_frontend.o(.bss)
    m_log_push_ringbuf_cb                    0x2000056c   Data          24  nrf_log_frontend.o(.bss)
    .bss                                     0x20000584   Section     1056  nrf_log_frontend.o(.bss)
    m_log_data                               0x20000584   Data        1056  nrf_log_frontend.o(.bss)
    STACK                                    0x200009a8   Section     8192  arm_startup_nrf52840.o(STACK)

    Global Symbols

    Symbol Name                              Value     Ov Type        Size  Object(Section)

    BuildAttributes$$THM_ISAv4$E$P$D$K$B$S$7EM$VFPi3$EXTD16$VFPS$VFMA$PE$A:L22UL41UL21$X:L11$S22US41US21$IEEE1$IW$USESV6$~STKCKD$USESV7$~SHL$OSPACE$EBA8$MICROLIB$REQ8$EABIv2 0x00000000   Number         0  anon$$obj.o ABSOLUTE
    __ARM_use_no_argv                        0x00000000   Number         0  main.o ABSOLUTE
    __Vectors                                0x00000000   Data           4  arm_startup_nrf52840.o(RESET)
    __use_no_errno                           0x00000000   Number         0  useno.o ABSOLUTE
    __use_no_exception_handling              0x00000000   Number         0  useno.o ABSOLUTE
    __use_no_fp                              0x00000000   Number         0  useno.o ABSOLUTE
    __use_no_heap                            0x00000000   Number         0  useno.o ABSOLUTE
    __use_no_heap_region                     0x00000000   Number         0  useno.o ABSOLUTE
    __use_no_semihosting                     0x00000000   Number         0  useno.o ABSOLUTE
    __use_no_semihosting_swi                 0x00000000   Number         0  useno.o ABSOLUTE
    __use_no_signal_handling                 0x00000000   Number         0  useno.o ABSOLUTE
    __cpp_initialize__aeabi_                  - Undefined Weak Reference
    __cxa_finalize                            - Undefined Weak Reference
    _clock_init                               - Undefined Weak Reference
    _microlib_exit                            - Undefined Weak Reference
    log_dynamic_data$$Base                    - Undefined Reference
    pwr_mgmt_data0$$Base                      - Undefined Reference
    pwr_mgmt_data0$$Limit                     - Undefined Reference
    pwr_mgmt_data1$$Base                      - Undefined Reference
    pwr_mgmt_data1$$Limit                     - Undefined Reference
    pwr_mgmt_data2$$Base                      - Undefined Reference
    pwr_mgmt_data2$$Limit                     - Undefined Reference
    sdh_req_observers0$$Base                  - Undefined Reference
    sdh_req_observers0$$Limit                 - Undefined Reference
    sdh_req_observers1$$Base                  - Undefined Reference
    sdh_req_observers1$$Limit                 - Undefined Reference
    sdh_soc_observers1$$Base                  - Undefined Reference
    sdh_soc_observers1$$Limit                 - Undefined Reference
    sdh_stack_observers1$$Base                - Undefined Reference
    sdh_stack_observers1$$Limit               - Undefined Reference
    sdh_state_observers1$$Base                - Undefined Reference
    sdh_state_observers1$$Limit               - Undefined Reference
    __Vectors_End                            0x00000200   Data           0  arm_startup_nrf52840.o(RESET)
    __Vectors_Size                           0x00000200   Number         0  arm_startup_nrf52840.o ABSOLUTE
    __main                                   0x00000201   Thumb Code     0  entry.o(.ARM.Collect$$$$00000000)
    _main_stk                                0x00000201   Thumb Code     0  entry2.o(.ARM.Collect$$$$00000001)
    _main_scatterload                        0x00000205   Thumb Code     0  entry5.o(.ARM.Collect$$$$00000004)
    __main_after_scatterload                 0x00000209   Thumb Code     0  entry5.o(.ARM.Collect$$$$00000004)
    _main_clock                              0x00000209   Thumb Code     0  entry7b.o(.ARM.Collect$$$$00000008)
    _main_cpp_init                           0x00000209   Thumb Code     0  entry8b.o(.ARM.Collect$$$$0000000A)
    _main_init                               0x00000209   Thumb Code     0  entry9a.o(.ARM.Collect$$$$0000000B)
    __rt_final_cpp                           0x00000211   Thumb Code     0  entry10a.o(.ARM.Collect$$$$0000000D)
    __rt_final_exit                          0x00000211   Thumb Code     0  entry11a.o(.ARM.Collect$$$$0000000F)
    __asm___12_nrf_atfifo_c_51f461e1__nrf_atfifo_wspace_req 0x00000215   Thumb Code    56  nrf_atfifo.o(.emb_text)
    __asm___12_nrf_atfifo_c_51f461e1__nrf_atfifo_wspace_close 0x0000024d   Thumb Code    18  nrf_atfifo.o(.emb_text)
    __asm___12_nrf_atfifo_c_51f461e1__nrf_atfifo_rspace_req 0x0000025f   Thumb Code    58  nrf_atfifo.o(.emb_text)
    __asm___12_nrf_atfifo_c_51f461e1__nrf_atfifo_rspace_close 0x00000299   Thumb Code    18  nrf_atfifo.o(.emb_text)
    __asm___12_nrf_atfifo_c_51f461e1__nrf_atfifo_space_clear 0x000002ab   Thumb Code    50  nrf_atfifo.o(.emb_text)
    __asm___12_nrf_atomic_c_85ca2469__nrf_atomic_internal_mov 0x000002dd   Thumb Code    24  nrf_atomic.o(.emb_text)
    __asm___12_nrf_atomic_c_85ca2469__nrf_atomic_internal_orr 0x000002f5   Thumb Code    26  nrf_atomic.o(.emb_text)
    __asm___12_nrf_atomic_c_85ca2469__nrf_atomic_internal_and 0x0000030f   Thumb Code    26  nrf_atomic.o(.emb_text)
    __asm___12_nrf_atomic_c_85ca2469__nrf_atomic_internal_eor 0x00000329   Thumb Code    26  nrf_atomic.o(.emb_text)
    __asm___12_nrf_atomic_c_85ca2469__nrf_atomic_internal_add 0x00000343   Thumb Code    26  nrf_atomic.o(.emb_text)
    __asm___12_nrf_atomic_c_85ca2469__nrf_atomic_internal_sub 0x0000035d   Thumb Code    26  nrf_atomic.o(.emb_text)
    __asm___12_nrf_atomic_c_85ca2469__nrf_atomic_internal_cmp_exch 0x00000377   Thumb Code    42  nrf_atomic.o(.emb_text)
    __asm___12_nrf_atomic_c_85ca2469__nrf_atomic_internal_sub_hs 0x000003a1   Thumb Code    30  nrf_atomic.o(.emb_text)
    Reset_Handler                            0x000003c1   Thumb Code     8  arm_startup_nrf52840.o(.text)
    NMI_Handler                              0x000003c9   Thumb Code     2  arm_startup_nrf52840.o(.text)
    HardFault_Handler                        0x000003cb   Thumb Code     2  arm_startup_nrf52840.o(.text)
    MemoryManagement_Handler                 0x000003cd   Thumb Code     2  arm_startup_nrf52840.o(.text)
    BusFault_Handler                         0x000003cf   Thumb Code     2  arm_startup_nrf52840.o(.text)
    UsageFault_Handler                       0x000003d1   Thumb Code     2  arm_startup_nrf52840.o(.text)
    SVC_Handler                              0x000003d3   Thumb Code     2  arm_startup_nrf52840.o(.text)
    DebugMon_Handler                         0x000003d5   Thumb Code     2  arm_startup_nrf52840.o(.text)
    PendSV_Handler                           0x000003d7   Thumb Code     2  arm_startup_nrf52840.o(.text)
    SysTick_Handler                          0x000003d9   Thumb Code     2  arm_startup_nrf52840.o(.text)
    CCM_AAR_IRQHandler                       0x000003db   Thumb Code     0  arm_startup_nrf52840.o(.text)
    COMP_LPCOMP_IRQHandler                   0x000003db   Thumb Code     0  arm_startup_nrf52840.o(.text)
    CRYPTOCELL_IRQHandler                    0x000003db   Thumb Code     0  arm_startup_nrf52840.o(.text)
    ECB_IRQHandler                           0x000003db   Thumb Code     0  arm_startup_nrf52840.o(.text)
    FPU_IRQHandler                           0x000003db   Thumb Code     0  arm_startup_nrf52840.o(.text)
    I2S_IRQHandler                           0x000003db   Thumb Code     0  arm_startup_nrf52840.o(.text)
    MWU_IRQHandler                           0x000003db   Thumb Code     0  arm_startup_nrf52840.o(.text)
    NFCT_IRQHandler                          0x000003db   Thumb Code     0  arm_startup_nrf52840.o(.text)
    PDM_IRQHandler                           0x000003db   Thumb Code     0  arm_startup_nrf52840.o(.text)
    PWM0_IRQHandler                          0x000003db   Thumb Code     0  arm_startup_nrf52840.o(.text)
    PWM1_IRQHandler                          0x000003db   Thumb Code     0  arm_startup_nrf52840.o(.text)
    PWM2_IRQHandler                          0x000003db   Thumb Code     0  arm_startup_nrf52840.o(.text)
    PWM3_IRQHandler                          0x000003db   Thumb Code     0  arm_startup_nrf52840.o(.text)
    QDEC_IRQHandler                          0x000003db   Thumb Code     0  arm_startup_nrf52840.o(.text)
    QSPI_IRQHandler                          0x000003db   Thumb Code     0  arm_startup_nrf52840.o(.text)
    RADIO_IRQHandler                         0x000003db   Thumb Code     0  arm_startup_nrf52840.o(.text)
    RNG_IRQHandler                           0x000003db   Thumb Code     0  arm_startup_nrf52840.o(.text)
    RTC0_IRQHandler                          0x000003db   Thumb Code     0  arm_startup_nrf52840.o(.text)
    RTC2_IRQHandler                          0x000003db   Thumb Code     0  arm_startup_nrf52840.o(.text)
    SAADC_IRQHandler                         0x000003db   Thumb Code     0  arm_startup_nrf52840.o(.text)
    SPIM0_SPIS0_TWIM0_TWIS0_SPI0_TWI0_IRQHandler 0x000003db   Thumb Code     0  arm_startup_nrf52840.o(.text)
    SPIM1_SPIS1_TWIM1_TWIS1_SPI1_TWI1_IRQHandler 0x000003db   Thumb Code     0  arm_startup_nrf52840.o(.text)
    SPIM2_SPIS2_SPI2_IRQHandler              0x000003db   Thumb Code     0  arm_startup_nrf52840.o(.text)
    SPIM3_IRQHandler                         0x000003db   Thumb Code     0  arm_startup_nrf52840.o(.text)
    SWI0_EGU0_IRQHandler                     0x000003db   Thumb Code     0  arm_startup_nrf52840.o(.text)
    SWI1_EGU1_IRQHandler                     0x000003db   Thumb Code     0  arm_startup_nrf52840.o(.text)
    SWI3_EGU3_IRQHandler                     0x000003db   Thumb Code     0  arm_startup_nrf52840.o(.text)
    SWI4_EGU4_IRQHandler                     0x000003db   Thumb Code     0  arm_startup_nrf52840.o(.text)
    SWI5_EGU5_IRQHandler                     0x000003db   Thumb Code     0  arm_startup_nrf52840.o(.text)
    TEMP_IRQHandler                          0x000003db   Thumb Code     0  arm_startup_nrf52840.o(.text)
    TIMER0_IRQHandler                        0x000003db   Thumb Code     0  arm_startup_nrf52840.o(.text)
    TIMER1_IRQHandler                        0x000003db   Thumb Code     0  arm_startup_nrf52840.o(.text)
    TIMER2_IRQHandler                        0x000003db   Thumb Code     0  arm_startup_nrf52840.o(.text)
    TIMER3_IRQHandler                        0x000003db   Thumb Code     0  arm_startup_nrf52840.o(.text)
    TIMER4_IRQHandler                        0x000003db   Thumb Code     0  arm_startup_nrf52840.o(.text)
    UARTE1_IRQHandler                        0x000003db   Thumb Code     0  arm_startup_nrf52840.o(.text)
    USBD_IRQHandler                          0x000003db   Thumb Code     0  arm_startup_nrf52840.o(.text)
    WDT_IRQHandler                           0x000003db   Thumb Code     0  arm_startup_nrf52840.o(.text)
    __aeabi_llsl                             0x000003e5   Thumb Code    30  llshl.o(.text)
    _ll_shift_l                              0x000003e5   Thumb Code     0  llshl.o(.text)
    __rt_ctype_table                         0x00000405   Thumb Code     4  ctype_o.o(.text)
    __aeabi_memcpy                           0x0000040d   Thumb Code    36  memcpya.o(.text)
    __aeabi_memcpy4                          0x0000040d   Thumb Code     0  memcpya.o(.text)
    __aeabi_memcpy8                          0x0000040d   Thumb Code     0  memcpya.o(.text)
    __aeabi_memset                           0x00000431   Thumb Code    14  memseta.o(.text)
    __aeabi_memset4                          0x00000431   Thumb Code     0  memseta.o(.text)
    __aeabi_memset8                          0x00000431   Thumb Code     0  memseta.o(.text)
    __aeabi_memclr                           0x0000043f   Thumb Code     4  memseta.o(.text)
    __aeabi_memclr4                          0x0000043f   Thumb Code     0  memseta.o(.text)
    __aeabi_memclr8                          0x0000043f   Thumb Code     0  memseta.o(.text)
    _memset$wrapper                          0x00000443   Thumb Code    18  memseta.o(.text)
    strlen                                   0x00000455   Thumb Code    14  strlen.o(.text)
    __scatterload                            0x00000465   Thumb Code    28  init.o(.text)
    __scatterload_rt2                        0x00000465   Thumb Code     0  init.o(.text)
    __decompress                             0x00000489   Thumb Code     0  __dczerorl2.o(.text)
    __decompress1                            0x00000489   Thumb Code    86  __dczerorl2.o(.text)
    GPIOTE_IRQHandler                        0x000004e1   Thumb Code   156  nrfx_gpiote.o(i.GPIOTE_IRQHandler)
    POWER_CLOCK_IRQHandler                   0x00000585   Thumb Code    82  nrfx_clock.o(i.POWER_CLOCK_IRQHandler)
    RTC1_IRQHandler                          0x000005dd   Thumb Code    12  drv_rtc.o(i.RTC1_IRQHandler)
    SWI2_EGU2_IRQHandler                     0x000005ed   Thumb Code     4  nrf_sdh.o(i.SWI2_EGU2_IRQHandler)
    SystemInit                               0x000005f1   Thumb Code   414  system_nrf52.o(i.SystemInit)
    UARTE0_UART0_IRQHandler                  0x000007c1   Thumb Code     6  nrfx_prs.o(i.UARTE0_UART0_IRQHandler)
    __scatterload_copy                       0x000007cd   Thumb Code    14  handlers.o(i.__scatterload_copy)
    __scatterload_null                       0x000007db   Thumb Code     2  handlers.o(i.__scatterload_null)
    __scatterload_zeroinit                   0x000007dd   Thumb Code    14  handlers.o(i.__scatterload_zeroinit)
    app_button_disable                       0x000008d5   Thumb Code    64  app_button.o(i.app_button_disable)
    app_button_enable                        0x0000091d   Thumb Code    32  app_button.o(i.app_button_enable)
    app_button_init                          0x00000941   Thumb Code   106  app_button.o(i.app_button_init)
    app_error_fault_handler                  0x000009c1   Thumb Code    86  app_error_weak.o(i.app_error_fault_handler)
    app_error_handler_bare                   0x00000a45   Thumb Code    22  app_error.o(i.app_error_handler_bare)
    app_timer_cnt_get                        0x00000a5d   Thumb Code     6  app_timer2.o(i.app_timer_cnt_get)
    app_timer_create                         0x00000a69   Thumb Code    32  app_timer2.o(i.app_timer_create)
    app_timer_init                           0x00000a89   Thumb Code    70  app_timer2.o(i.app_timer_init)
    app_timer_start                          0x00000ae5   Thumb Code    84  app_timer2.o(i.app_timer_start)
    app_timer_stop                           0x00000b39   Thumb Code    68  app_timer2.o(i.app_timer_stop)
    app_util_critical_region_enter           0x00000b7d   Thumb Code    64  app_util_platform.o(i.app_util_critical_region_enter)
    app_util_critical_region_exit            0x00000bc5   Thumb Code    46  app_util_platform.o(i.app_util_critical_region_exit)
    ble_advdata_encode                       0x00000ce5   Thumb Code   386  ble_advdata.o(i.ble_advdata_encode)
    ble_conn_params_init                     0x00000e69   Thumb Code    90  ble_conn_params.o(i.ble_conn_params_init)
    ble_lbs_init                             0x00001241   Thumb Code   190  ble_lbs.o(i.ble_lbs_init)
    ble_lbs_on_ble_evt                       0x00001305   Thumb Code    46  ble_lbs.o(i.ble_lbs_on_ble_evt)
    ble_lbs_on_button_change                 0x00001333   Thumb Code    46  ble_lbs.o(i.ble_lbs_on_button_change)
    ble_srv_is_notification_enabled          0x00001361   Thumb Code     8  ble_srv_common.o(i.ble_srv_is_notification_enabled)
    bsp_board_init                           0x00001369   Thumb Code    36  boards.o(i.bsp_board_init)
    bsp_board_led_off                        0x00001391   Thumb Code    10  boards.o(i.bsp_board_led_off)
    bsp_board_led_on                         0x000013a1   Thumb Code    10  boards.o(i.bsp_board_led_on)
    bsp_board_leds_off                       0x00001445   Thumb Code    18  boards.o(i.bsp_board_leds_off)
    buffer_is_empty                          0x0000151d   Thumb Code    18  nrf_log_frontend.o(i.buffer_is_empty)
    characteristic_add                       0x00001649   Thumb Code   400  ble_srv_common.o(i.characteristic_add)
    conn_handle_list_get                     0x00001835   Thumb Code    62  ble_conn_state.o(i.conn_handle_list_get)
    drv_rtc_compare_disable                  0x00001a65   Thumb Code    20  drv_rtc.o(i.drv_rtc_compare_disable)
    drv_rtc_compare_pending                  0x00001a79   Thumb Code    14  drv_rtc.o(i.drv_rtc_compare_pending)
    drv_rtc_compare_set                      0x00001a87   Thumb Code    80  drv_rtc.o(i.drv_rtc_compare_set)
    drv_rtc_counter_get                      0x00001ad7   Thumb Code     8  drv_rtc.o(i.drv_rtc_counter_get)
    drv_rtc_init                             0x00001ae1   Thumb Code   148  drv_rtc.o(i.drv_rtc_init)
    drv_rtc_irq_trigger                      0x00001bb9   Thumb Code    30  drv_rtc.o(i.drv_rtc_irq_trigger)
    drv_rtc_overflow_enable                  0x00001bd7   Thumb Code     8  drv_rtc.o(i.drv_rtc_overflow_enable)
    drv_rtc_overflow_pending                 0x00001bdf   Thumb Code     8  drv_rtc.o(i.drv_rtc_overflow_pending)
    drv_rtc_start                            0x00001be7   Thumb Code     8  drv_rtc.o(i.drv_rtc_start)
    drv_rtc_stop                             0x00001bef   Thumb Code     8  drv_rtc.o(i.drv_rtc_stop)
    drv_rtc_windowed_compare_set             0x00001bf7   Thumb Code   222  drv_rtc.o(i.drv_rtc_windowed_compare_set)
    evt_handle                               0x00001ce9   Thumb Code   216  app_button.o(i.evt_handle)
    log_pending_hook                         0x00002089   Thumb Code     2  nrf_log_frontend.o(i.log_pending_hook)
    main                                     0x00002131   Thumb Code   330  main.o(i.main)
    nrf_atfifo_init                          0x0000247f   Thumb Code    38  nrf_atfifo.o(i.nrf_atfifo_init)
    nrf_atfifo_item_alloc                    0x000024a5   Thumb Code    22  nrf_atfifo.o(i.nrf_atfifo_item_alloc)
    nrf_atfifo_item_free                     0x000024bb   Thumb Code    22  nrf_atfifo.o(i.nrf_atfifo_item_free)
    nrf_atfifo_item_get                      0x000024d1   Thumb Code    22  nrf_atfifo.o(i.nrf_atfifo_item_get)
    nrf_atfifo_item_put                      0x000024e7   Thumb Code    22  nrf_atfifo.o(i.nrf_atfifo_item_put)
    nrf_atflags_clear                        0x000024fd   Thumb Code    22  nrf_atflags.o(i.nrf_atflags_clear)
    nrf_atflags_get                          0x00002513   Thumb Code    22  nrf_atflags.o(i.nrf_atflags_get)
    nrf_atflags_set                          0x00002529   Thumb Code    20  nrf_atflags.o(i.nrf_atflags_set)
    nrf_atomic_flag_clear_fetch              0x0000253d   Thumb Code     6  nrf_atomic.o(i.nrf_atomic_flag_clear_fetch)
    nrf_atomic_flag_set                      0x00002543   Thumb Code     6  nrf_atomic.o(i.nrf_atomic_flag_set)
    nrf_atomic_u32_add                       0x00002549   Thumb Code    12  nrf_atomic.o(i.nrf_atomic_u32_add)
    nrf_atomic_u32_and                       0x00002555   Thumb Code    12  nrf_atomic.o(i.nrf_atomic_u32_and)
    nrf_atomic_u32_fetch_and                 0x00002561   Thumb Code    10  nrf_atomic.o(i.nrf_atomic_u32_fetch_and)
    nrf_atomic_u32_fetch_store               0x0000256b   Thumb Code    10  nrf_atomic.o(i.nrf_atomic_u32_fetch_store)
    nrf_atomic_u32_or                        0x00002575   Thumb Code    12  nrf_atomic.o(i.nrf_atomic_u32_or)
    nrf_atomic_u32_sub                       0x00002581   Thumb Code    12  nrf_atomic.o(i.nrf_atomic_u32_sub)
    nrf_balloc_alloc                         0x0000258d   Thumb Code    68  nrf_balloc.o(i.nrf_balloc_alloc)
    nrf_balloc_free                          0x000025d1   Thumb Code    48  nrf_balloc.o(i.nrf_balloc_free)
    nrf_balloc_init                          0x00002601   Thumb Code    48  nrf_balloc.o(i.nrf_balloc_init)
    nrf_ble_gatt_init                        0x00002641   Thumb Code    34  nrf_ble_gatt.o(i.nrf_ble_gatt_init)
    nrf_ble_gatt_on_ble_evt                  0x00002665   Thumb Code   270  nrf_ble_gatt.o(i.nrf_ble_gatt_on_ble_evt)
    nrf_ble_qwr_conn_handle_assign           0x000027b5   Thumb Code    22  nrf_ble_qwr.o(i.nrf_ble_qwr_conn_handle_assign)
    nrf_ble_qwr_init                         0x000027cb   Thumb Code    36  nrf_ble_qwr.o(i.nrf_ble_qwr_init)
    nrf_ble_qwr_on_ble_evt                   0x000027ef   Thumb Code   182  nrf_ble_qwr.o(i.nrf_ble_qwr_on_ble_evt)
    nrf_drv_clock_init                       0x000028c5   Thumb Code    56  nrf_drv_clock.o(i.nrf_drv_clock_init)
    nrf_drv_clock_lfclk_release              0x00002905   Thumb Code    48  nrf_drv_clock.o(i.nrf_drv_clock_lfclk_release)
    nrf_drv_uart_init                        0x00002939   Thumb Code    90  nrf_drv_uart.o(i.nrf_drv_uart_init)
    nrf_fprintf                              0x000029a1   Thumb Code    26  nrf_fprintf.o(i.nrf_fprintf)
    nrf_fprintf_buffer_flush                 0x000029bb   Thumb Code    24  nrf_fprintf.o(i.nrf_fprintf_buffer_flush)
    nrf_fprintf_fmt                          0x000029d3   Thumb Code   474  nrf_fprintf_format.o(i.nrf_fprintf_fmt)
    nrf_log_backend_add                      0x00002e69   Thumb Code    86  nrf_log_frontend.o(i.nrf_log_backend_add)
    nrf_log_backend_serial_put               0x00002ec5   Thumb Code   200  nrf_log_backend_serial.o(i.nrf_log_backend_serial_put)
    nrf_log_backend_uart_init                0x00002f8f   Thumb Code     6  nrf_log_backend_uart.o(i.nrf_log_backend_uart_init)
    nrf_log_color_id_get                     0x00002fd9   Thumb Code    42  nrf_log_frontend.o(i.nrf_log_color_id_get)
    nrf_log_default_backends_init            0x00003009   Thumb Code    24  nrf_log_default_backends.o(i.nrf_log_default_backends_init)
    nrf_log_frontend_dequeue                 0x00003025   Thumb Code   528  nrf_log_frontend.o(i.nrf_log_frontend_dequeue)
    nrf_log_frontend_std_0                   0x0000325d   Thumb Code     8  nrf_log_frontend.o(i.nrf_log_frontend_std_0)
    nrf_log_frontend_std_1                   0x00003265   Thumb Code    14  nrf_log_frontend.o(i.nrf_log_frontend_std_1)
    nrf_log_frontend_std_2                   0x00003273   Thumb Code    16  nrf_log_frontend.o(i.nrf_log_frontend_std_2)
    nrf_log_hexdump_entry_process            0x00003285   Thumb Code   150  nrf_log_str_formatter.o(i.nrf_log_hexdump_entry_process)
    nrf_log_init                             0x00003335   Thumb Code    28  nrf_log_frontend.o(i.nrf_log_init)
    nrf_log_module_cnt_get                   0x0000335d   Thumb Code    10  nrf_log_frontend.o(i.nrf_log_module_cnt_get)
    nrf_log_module_name_get                  0x00003371   Thumb Code    24  nrf_log_frontend.o(i.nrf_log_module_name_get)
    nrf_log_panic                            0x0000338d   Thumb Code    36  nrf_log_frontend.o(i.nrf_log_panic)
    nrf_log_std_entry_process                0x000033b5   Thumb Code   182  nrf_log_str_formatter.o(i.nrf_log_std_entry_process)
    nrf_memobj_alloc                         0x0000346b   Thumb Code    96  nrf_memobj.o(i.nrf_memobj_alloc)
    nrf_memobj_free                          0x000034cb   Thumb Code    50  nrf_memobj.o(i.nrf_memobj_free)
    nrf_memobj_get                           0x000034fd   Thumb Code     8  nrf_memobj.o(i.nrf_memobj_get)
    nrf_memobj_pool_init                     0x00003505   Thumb Code     4  nrf_memobj.o(i.nrf_memobj_pool_init)
    nrf_memobj_put                           0x00003509   Thumb Code    30  nrf_memobj.o(i.nrf_memobj_put)
    nrf_memobj_read                          0x00003527   Thumb Code    16  nrf_memobj.o(i.nrf_memobj_read)
    nrf_memobj_write                         0x00003537   Thumb Code    16  nrf_memobj.o(i.nrf_memobj_write)
    nrf_pwr_mgmt_init                        0x00003549   Thumb Code    28  nrf_pwr_mgmt.o(i.nrf_pwr_mgmt_init)
    nrf_pwr_mgmt_run                         0x00003571   Thumb Code    64  nrf_pwr_mgmt.o(i.nrf_pwr_mgmt_run)
    nrf_ringbuf_init                         0x000035b9   Thumb Code    28  nrf_ringbuf.o(i.nrf_ringbuf_init)
    nrf_sdh_ble_app_ram_start_get            0x000035e1   Thumb Code    16  nrf_sdh_ble.o(i.nrf_sdh_ble_app_ram_start_get)
    nrf_sdh_ble_default_cfg_set              0x000035f5   Thumb Code   228  nrf_sdh_ble.o(i.nrf_sdh_ble_default_cfg_set)
    nrf_sdh_ble_enable                       0x000036f5   Thumb Code   116  nrf_sdh_ble.o(i.nrf_sdh_ble_enable)
    nrf_sdh_enable_request                   0x00003881   Thumb Code   102  nrf_sdh.o(i.nrf_sdh_enable_request)
    nrf_sdh_evts_poll                        0x000038f5   Thumb Code    32  nrf_sdh.o(i.nrf_sdh_evts_poll)
    nrf_sdh_is_enabled                       0x00003919   Thumb Code     6  nrf_sdh.o(i.nrf_sdh_is_enabled)
    nrf_section_iter_init                    0x00003961   Thumb Code    10  nrf_section_iter.o(i.nrf_section_iter_init)
    nrf_section_iter_next                    0x0000398f   Thumb Code    32  nrf_section_iter.o(i.nrf_section_iter_next)
    nrf_sortlist_add                         0x000039af   Thumb Code    34  nrf_sortlist.o(i.nrf_sortlist_add)
    nrf_sortlist_peek                        0x000039d1   Thumb Code     6  nrf_sortlist.o(i.nrf_sortlist_peek)
    nrf_sortlist_pop                         0x000039d7   Thumb Code    14  nrf_sortlist.o(i.nrf_sortlist_pop)
    nrf_sortlist_remove                      0x000039e5   Thumb Code    30  nrf_sortlist.o(i.nrf_sortlist_remove)
    nrf_strerror_find                        0x00003a05   Thumb Code    52  nrf_strerror.o(i.nrf_strerror_find)
    nrf_strerror_get                         0x00003a3d   Thumb Code    14  nrf_strerror.o(i.nrf_strerror_get)
    nrfx_clock_enable                        0x00003a99   Thumb Code    34  nrfx_clock.o(i.nrfx_clock_enable)
    nrfx_clock_init                          0x00003ac5   Thumb Code    26  nrfx_clock.o(i.nrfx_clock_init)
    nrfx_clock_lfclk_stop                    0x00003ae5   Thumb Code    38  nrfx_clock.o(i.nrfx_clock_lfclk_stop)
    nrfx_gpiote_in_event_disable             0x00003b25   Thumb Code    66  nrfx_gpiote.o(i.nrfx_gpiote_in_event_disable)
    nrfx_gpiote_in_event_enable              0x00003b6d   Thumb Code   144  nrfx_gpiote.o(i.nrfx_gpiote_in_event_enable)
    nrfx_gpiote_in_init                      0x00003c05   Thumb Code   196  nrfx_gpiote.o(i.nrfx_gpiote_in_init)
    nrfx_gpiote_in_is_set                    0x00003cd5   Thumb Code    14  nrfx_gpiote.o(i.nrfx_gpiote_in_is_set)
    nrfx_gpiote_init                         0x00003ce5   Thumb Code   108  nrfx_gpiote.o(i.nrfx_gpiote_init)
    nrfx_gpiote_is_init                      0x00003d5d   Thumb Code    14  nrfx_gpiote.o(i.nrfx_gpiote_is_init)
    nrfx_prs_acquire                         0x00003d81   Thumb Code    58  nrfx_prs.o(i.nrfx_prs_acquire)
    nrfx_prs_release                         0x00003dbb   Thumb Code    18  nrfx_prs.o(i.nrfx_prs_release)
    nrfx_uart_0_irq_handler                  0x00003dcd   Thumb Code     8  nrfx_uart.o(i.nrfx_uart_0_irq_handler)
    nrfx_uart_init                           0x00003ddd   Thumb Code   200  nrfx_uart.o(i.nrfx_uart_init)
    nrfx_uart_tx                             0x00003eb1   Thumb Code   162  nrfx_uart.o(i.nrfx_uart_tx)
    nrfx_uart_tx_in_progress                 0x00003f59   Thumb Code    26  nrfx_uart.o(i.nrfx_uart_tx_in_progress)
    nrfx_uart_uninit                         0x00003f79   Thumb Code   182  nrfx_uart.o(i.nrfx_uart_uninit)
    nrfx_uarte_0_irq_handler                 0x00004039   Thumb Code     8  nrfx_uarte.o(i.nrfx_uarte_0_irq_handler)
    nrfx_uarte_init                          0x00004049   Thumb Code   100  nrfx_uarte.o(i.nrfx_uarte_init)
    nrfx_uarte_tx                            0x000040b5   Thumb Code   166  nrfx_uarte.o(i.nrfx_uarte_tx)
    nrfx_uarte_tx_in_progress                0x00004161   Thumb Code    22  nrfx_uarte.o(i.nrfx_uarte_tx_in_progress)
    nrfx_uarte_uninit                        0x0000417d   Thumb Code   254  nrfx_uarte.o(i.nrfx_uarte_uninit)
    nvmc_config                              0x00004285   Thumb Code    14  system_nrf52.o(i.nvmc_config)
    nrf_log_backend_uart_api                 0x000053a8   Data          12  nrf_log_backend_uart.o(.constdata)
    m_ram_start                              0x00005458   Data           4  nrf_sdh_ble.o(.constdata)
    __ctype_table                            0x00005484   Data         129  ctype_o.o(.constdata)
    Region$$Table$$Base                      0x00005c30   Number         0  anon$$obj.o(Region$$Table)
    Region$$Table$$Limit                     0x00005c50   Number         0  anon$$obj.o(Region$$Table)
    log_const_data$$Base                     0x00005c60   Number         0  nrf_ble_gatt.o(log_const_data)
    m_nrf_log_nrf_ble_gatt_logs_data_const   0x00005c60   Data           8  nrf_ble_gatt.o(log_const_data)
    m_nrf_log_clock_logs_data_const          0x00005c68   Data           8  nrf_drv_clock.o(log_const_data)
    m_nrf_log_CLOCK_logs_data_const          0x00005c70   Data           8  nrfx_clock.o(log_const_data)
    m_nrf_log_GPIOTE_logs_data_const         0x00005c78   Data           8  nrfx_gpiote.o(log_const_data)
    m_nrf_log_PRS_logs_data_const            0x00005c80   Data           8  nrfx_prs.o(log_const_data)
    m_nrf_log_UART_logs_data_const           0x00005c88   Data           8  nrfx_uart.o(log_const_data)
    m_nrf_log_UARTE_logs_data_const          0x00005c90   Data           8  nrfx_uarte.o(log_const_data)
    m_nrf_log_app_button_logs_data_const     0x00005c98   Data           8  app_button.o(log_const_data)
    m_nrf_log_app_timer_logs_data_const      0x00005ca0   Data           8  app_timer2.o(log_const_data)
    m_nrf_log_pwr_mgmt_logs_data_const       0x00005ca8   Data           8  nrf_pwr_mgmt.o(log_const_data)
    m_nrf_log_sortlist_logs_data_const       0x00005cb0   Data           8  nrf_sortlist.o(log_const_data)
    m_nrf_log_app_logs_data_const            0x00005cb8   Data           8  nrf_log_frontend.o(log_const_data)
    m_nrf_log_nrf_sdh_logs_data_const        0x00005cc0   Data           8  nrf_sdh.o(log_const_data)
    m_nrf_log_nrf_sdh_ble_logs_data_const    0x00005cc8   Data           8  nrf_sdh_ble.o(log_const_data)
    m_nrf_log_nrf_sdh_soc_logs_data_const    0x00005cd0   Data           8  nrf_sdh_soc.o(log_const_data)
    log_const_data$$Limit                    0x00005cd8   Number         0  nrf_sdh_soc.o(log_const_data)
    log_mempool                              0x00005cd8   Data          20  nrf_log_frontend.o(nrf_balloc)
    sdh_ble_observers0$$Base                 0x00005cec   Number         0  ble_conn_state.o(sdh_ble_observers0)
    sdh_ble_observers0$$Limit                0x00005cf4   Number         0  ble_conn_state.o(sdh_ble_observers0)
    sdh_ble_observers1$$Base                 0x00005cf4   Number         0  main.o(sdh_ble_observers1)
    sdh_ble_observers1$$Limit                0x00005d04   Number         0  ble_conn_params.o(sdh_ble_observers1)
    sdh_ble_observers2$$Base                 0x00005d04   Number         0  main.o(sdh_ble_observers2)
    sdh_ble_observers2$$Limit                0x00005d14   Number         0  main.o(sdh_ble_observers2)
    sdh_ble_observers3$$Base                 0x00005d14   Number         0  main.o(sdh_ble_observers3)
    sdh_ble_observers3$$Limit                0x00005d1c   Number         0  main.o(sdh_ble_observers3)
    sdh_soc_observers0$$Base                 0x00005d1c   Number         0  nrf_drv_clock.o(sdh_soc_observers0)
    sdh_soc_observers0$$Limit                0x00005d24   Number         0  nrf_drv_clock.o(sdh_soc_observers0)
    sdh_stack_observers0$$Base               0x00005d24   Number         0  nrf_sdh_ble.o(sdh_stack_observers0)
    sdh_stack_observers0$$Limit              0x00005d34   Number         0  nrf_sdh_soc.o(sdh_stack_observers0)
    sdh_state_observers0$$Base               0x00005d34   Number         0  nrf_drv_clock.o(sdh_state_observers0)
    sdh_state_observers0$$Limit              0x00005d3c   Number         0  nrf_drv_clock.o(sdh_state_observers0)
    Image$$RW_IRAM1$$Base                    0x20000000   Number         0  anon$$obj.o ABSOLUTE
    nrf_drv_uart_use_easy_dma                0x20000024   Data           2  nrf_drv_uart.o(.data)
    m_uart                                   0x200000bc   Data          20  nrf_log_backend_uart.o(.data)
    SystemCoreClock                          0x20000130   Data           4  system_nrf52.o(.data)
    nrf_nvic_state                           0x200003d4   Data          12  app_util_platform.o(.bss)
    __initial_sp                             0x200029a8   Data           0  arm_startup_nrf52840.o(STACK)



==============================================================================

Memory Map of the image

  Image Entry point : 0x00000201

  Load Region LR_IROM1 (Base: 0x00000000, Size: 0x00005e70, Max: 0x00100000, ABSOLUTE, COMPRESSED[0x00005d98])

    Execution Region ER_IROM1 (Exec base: 0x00000000, Load base: 0x00000000, Size: 0x00005d3c, Max: 0x00100000, ABSOLUTE)

    Exec Addr    Load Addr    Size         Type   Attr      Idx    E Section Name        Object

    0x00000000   0x00000000   0x00000200   Data   RO         4799    RESET               arm_startup_nrf52840.o
    0x00000200   0x00000200   0x00000000   Code   RO         4860  * .ARM.Collect$$$$00000000  mc_w.l(entry.o)
    0x00000200   0x00000200   0x00000004   Code   RO         4912    .ARM.Collect$$$$00000001  mc_w.l(entry2.o)
    0x00000204   0x00000204   0x00000004   Code   RO         4915    .ARM.Collect$$$$00000004  mc_w.l(entry5.o)
    0x00000208   0x00000208   0x00000000   Code   RO         4917    .ARM.Collect$$$$00000008  mc_w.l(entry7b.o)
    0x00000208   0x00000208   0x00000000   Code   RO         4919    .ARM.Collect$$$$0000000A  mc_w.l(entry8b.o)
    0x00000208   0x00000208   0x00000008   Code   RO         4920    .ARM.Collect$$$$0000000B  mc_w.l(entry9a.o)
    0x00000210   0x00000210   0x00000000   Code   RO         4922    .ARM.Collect$$$$0000000D  mc_w.l(entry10a.o)
    0x00000210   0x00000210   0x00000000   Code   RO         4924    .ARM.Collect$$$$0000000F  mc_w.l(entry11a.o)
    0x00000210   0x00000210   0x00000004   Code   RO         4913    .ARM.Collect$$$$00002712  mc_w.l(entry2.o)
    0x00000214   0x00000214   0x000000c8   Code   RO         3090    .emb_text           nrf_atfifo.o
    0x000002dc   0x000002dc   0x000000e2   Code   RO         3226    .emb_text           nrf_atomic.o
    0x000003be   0x000003be   0x00000002   PAD
    0x000003c0   0x000003c0   0x00000024   Code   RO         4800    .text               arm_startup_nrf52840.o
    0x000003e4   0x000003e4   0x0000001e   Code   RO         4868    .text               mc_w.l(llshl.o)
    0x00000402   0x00000402   0x00000002   PAD
    0x00000404   0x00000404   0x00000008   Code   RO         4870    .text               mc_w.l(ctype_o.o)
    0x0000040c   0x0000040c   0x00000024   Code   RO         4898    .text               mc_w.l(memcpya.o)
    0x00000430   0x00000430   0x00000024   Code   RO         4900    .text               mc_w.l(memseta.o)
    0x00000454   0x00000454   0x0000000e   Code   RO         4902    .text               mc_w.l(strlen.o)
    0x00000462   0x00000462   0x00000002   PAD
    0x00000464   0x00000464   0x00000024   Code   RO         4928    .text               mc_w.l(init.o)
    0x00000488   0x00000488   0x00000056   Code   RO         4938    .text               mc_w.l(__dczerorl2.o)
    0x000004de   0x000004de   0x00000002   PAD
    0x000004e0   0x000004e0   0x000000a4   Code   RO         1670    i.GPIOTE_IRQHandler  nrfx_gpiote.o
    0x00000584   0x00000584   0x00000058   Code   RO         1531    i.POWER_CLOCK_IRQHandler  nrfx_clock.o
    0x000005dc   0x000005dc   0x00000010   Code   RO         2876    i.RTC1_IRQHandler   drv_rtc.o
    0x000005ec   0x000005ec   0x00000004   Code   RO         4590    i.SWI2_EGU2_IRQHandler  nrf_sdh.o
    0x000005f0   0x000005f0   0x000001d0   Code   RO         4808    i.SystemInit        system_nrf52.o
    0x000007c0   0x000007c0   0x0000000c   Code   RO         1995    i.UARTE0_UART0_IRQHandler  nrfx_prs.o
    0x000007cc   0x000007cc   0x0000000e   Code   RO         4932    i.__scatterload_copy  mc_w.l(handlers.o)
    0x000007da   0x000007da   0x00000002   Code   RO         4933    i.__scatterload_null  mc_w.l(handlers.o)
    0x000007dc   0x000007dc   0x0000000e   Code   RO         4934    i.__scatterload_zeroinit  mc_w.l(handlers.o)
    0x000007ea   0x000007ea   0x00000002   PAD
    0x000007ec   0x000007ec   0x00000024   Code   RO         4591    i.__sd_nvic_app_accessible_irq  nrf_sdh.o
    0x00000810   0x00000810   0x000000a4   Code   RO            4    i.advertising_init  main.o
    0x000008b4   0x000008b4   0x00000020   Code   RO            5    i.advertising_start  main.o
    0x000008d4   0x000008d4   0x00000048   Code   RO         2417    i.app_button_disable  app_button.o
    0x0000091c   0x0000091c   0x00000024   Code   RO         2418    i.app_button_enable  app_button.o
    0x00000940   0x00000940   0x00000080   Code   RO         2419    i.app_button_init   app_button.o
    0x000009c0   0x000009c0   0x00000084   Code   RO         2576    i.app_error_fault_handler  app_error_weak.o
    0x00000a44   0x00000a44   0x00000016   Code   RO         2516    i.app_error_handler_bare  app_error.o
    0x00000a5a   0x00000a5a   0x00000002   PAD
    0x00000a5c   0x00000a5c   0x0000000c   Code   RO         2667    i.app_timer_cnt_get  app_timer2.o
    0x00000a68   0x00000a68   0x00000020   Code   RO         2668    i.app_timer_create  app_timer2.o
    0x00000a88   0x00000a88   0x0000005c   Code   RO         2669    i.app_timer_init    app_timer2.o
    0x00000ae4   0x00000ae4   0x00000054   Code   RO         2672    i.app_timer_start   app_timer2.o
    0x00000b38   0x00000b38   0x00000044   Code   RO         2673    i.app_timer_stop    app_timer2.o
    0x00000b7c   0x00000b7c   0x00000048   Code   RO         2808    i.app_util_critical_region_enter  app_util_platform.o
    0x00000bc4   0x00000bc4   0x00000034   Code   RO         2809    i.app_util_critical_region_exit  app_util_platform.o
    0x00000bf8   0x00000bf8   0x00000076   Code   RO         2049    i.apply_config      nrfx_uart.o
    0x00000c6e   0x00000c6e   0x00000076   Code   RO         2247    i.apply_config      nrfx_uarte.o
    0x00000ce4   0x00000ce4   0x00000182   Code   RO          540    i.ble_advdata_encode  ble_advdata.o
    0x00000e66   0x00000e66   0x00000002   PAD
    0x00000e68   0x00000e68   0x00000068   Code   RO          668    i.ble_conn_params_init  ble_conn_params.o
    0x00000ed0   0x00000ed0   0x00000060   Code   RO          546    i.ble_device_addr_encode  ble_advdata.o
    0x00000f30   0x00000f30   0x000000fc   Code   RO            7    i.ble_evt_handler   main.o
    0x0000102c   0x0000102c   0x000000fc   Code   RO          670    i.ble_evt_handler   ble_conn_params.o
    0x00001128   0x00001128   0x00000118   Code   RO          776    i.ble_evt_handler   ble_conn_state.o
    0x00001240   0x00001240   0x000000c4   Code   RO         1137    i.ble_lbs_init      ble_lbs.o
    0x00001304   0x00001304   0x0000002e   Code   RO         1138    i.ble_lbs_on_ble_evt  ble_lbs.o
    0x00001332   0x00001332   0x0000002e   Code   RO         1139    i.ble_lbs_on_button_change  ble_lbs.o
    0x00001360   0x00001360   0x00000008   Code   RO          931    i.ble_srv_is_notification_enabled  ble_srv_common.o
    0x00001368   0x00001368   0x00000028   Code   RO          357    i.bsp_board_init    boards.o
    0x00001390   0x00001390   0x00000010   Code   RO          360    i.bsp_board_led_off  boards.o
    0x000013a0   0x000013a0   0x00000010   Code   RO          361    i.bsp_board_led_on  boards.o
    0x000013b0   0x000013b0   0x00000094   Code   RO          363    i.bsp_board_leds_init  boards.o
    0x00001444   0x00001444   0x00000012   Code   RO          364    i.bsp_board_leds_off  boards.o
    0x00001456   0x00001456   0x00000002   PAD
    0x00001458   0x00001458   0x00000094   Code   RO         3983    i.buf_prealloc      nrf_log_frontend.o
    0x000014ec   0x000014ec   0x0000002e   Code   RO         3438    i.buffer_add        nrf_fprintf_format.o
    0x0000151a   0x0000151a   0x00000002   PAD
    0x0000151c   0x0000151c   0x00000018   Code   RO         3984    i.buffer_is_empty   nrf_log_frontend.o
    0x00001534   0x00001534   0x00000078   Code   RO            8    i.button_event_handler  main.o
    0x000015ac   0x000015ac   0x00000028   Code   RO         2421    i.button_get        app_button.o
    0x000015d4   0x000015d4   0x0000001c   Code   RO         1671    i.channel_free      nrfx_gpiote.o
    0x000015f0   0x000015f0   0x00000048   Code   RO         1672    i.channel_port_alloc  nrfx_gpiote.o
    0x00001638   0x00001638   0x00000010   Code   RO         1673    i.channel_port_get  nrfx_gpiote.o
    0x00001648   0x00001648   0x00000190   Code   RO          933    i.characteristic_add  ble_srv_common.o
    0x000017d8   0x000017d8   0x00000028   Code   RO         1177    i.clock_clk_started_notify  nrf_drv_clock.o
    0x00001800   0x00001800   0x0000001c   Code   RO         1178    i.clock_irq_handler  nrf_drv_clock.o
    0x0000181c   0x0000181c   0x00000018   Code   RO         2675    i.compare_func      app_timer2.o
    0x00001834   0x00001834   0x0000003e   Code   RO          777    i.conn_handle_list_get  ble_conn_state.o
    0x00001872   0x00001872   0x00000088   Code   RO          547    i.conn_int_encode   ble_advdata.o
    0x000018fa   0x000018fa   0x00000004   Code   RO            9    i.conn_params_error_handler  main.o
    0x000018fe   0x000018fe   0x00000002   PAD
    0x00001900   0x00001900   0x00000048   Code   RO          671    i.conn_params_negotiation  ble_conn_params.o
    0x00001948   0x00001948   0x000000c0   Code   RO          991    i.data_length_update  nrf_ble_gatt.o
    0x00001a08   0x00001a08   0x00000048   Code   RO         2422    i.detection_delay_timeout_handler  app_button.o
    0x00001a50   0x00001a50   0x00000014   Code   RO         3985    i.dropped_sat16_get  nrf_log_frontend.o
    0x00001a64   0x00001a64   0x00000014   Code   RO         2877    i.drv_rtc_compare_disable  drv_rtc.o
    0x00001a78   0x00001a78   0x0000000e   Code   RO         2880    i.drv_rtc_compare_pending  drv_rtc.o
    0x00001a86   0x00001a86   0x00000050   Code   RO         2881    i.drv_rtc_compare_set  drv_rtc.o
    0x00001ad6   0x00001ad6   0x00000008   Code   RO         2882    i.drv_rtc_counter_get  drv_rtc.o
    0x00001ade   0x00001ade   0x00000002   PAD
    0x00001ae0   0x00001ae0   0x000000d8   Code   RO         2883    i.drv_rtc_init      drv_rtc.o
    0x00001bb8   0x00001bb8   0x0000001e   Code   RO         2884    i.drv_rtc_irq_trigger  drv_rtc.o
    0x00001bd6   0x00001bd6   0x00000008   Code   RO         2886    i.drv_rtc_overflow_enable  drv_rtc.o
    0x00001bde   0x00001bde   0x00000008   Code   RO         2887    i.drv_rtc_overflow_pending  drv_rtc.o
    0x00001be6   0x00001be6   0x00000008   Code   RO         2888    i.drv_rtc_start     drv_rtc.o
    0x00001bee   0x00001bee   0x00000008   Code   RO         2889    i.drv_rtc_stop      drv_rtc.o
    0x00001bf6   0x00001bf6   0x000000de   Code   RO         2894    i.drv_rtc_windowed_compare_set  drv_rtc.o
    0x00001cd4   0x00001cd4   0x00000012   Code   RO         2895    i.evt_enable        drv_rtc.o
    0x00001ce6   0x00001ce6   0x00000002   PAD
    0x00001ce8   0x00001ce8   0x000000e0   Code   RO         2423    i.evt_handle        app_button.o
    0x00001dc8   0x00001dc8   0x00000014   Code   RO         2896    i.evt_pending       drv_rtc.o
    0x00001ddc   0x00001ddc   0x0000000a   Code   RO          778    i.flag_toggle       ble_conn_state.o
    0x00001de6   0x00001de6   0x00000002   PAD
    0x00001de8   0x00001de8   0x00000034   Code   RO         2676    i.get_now           app_timer2.o
    0x00001e1c   0x00001e1c   0x0000003c   Code   RO         2424    i.gpiote_event_handler  app_button.o
    0x00001e58   0x00001e58   0x00000014   Code   RO          672    i.instance_get      ble_conn_params.o
    0x00001e6c   0x00001e6c   0x000000a6   Code   RO         3439    i.int_print         nrf_fprintf_format.o
    0x00001f12   0x00001f12   0x00000002   PAD
    0x00001f14   0x00001f14   0x00000088   Code   RO         2248    i.interrupts_enable  nrfx_uarte.o
    0x00001f9c   0x00001f9c   0x00000034   Code   RO         3986    i.invalid_packets_omit  nrf_log_frontend.o
    0x00001fd0   0x00001fd0   0x00000044   Code   RO          673    i.is_conn_params_ok  ble_conn_params.o
    0x00002014   0x00002014   0x00000060   Code   RO           10    i.led_write_handler  main.o
    0x00002074   0x00002074   0x00000014   Code   RO          992    i.link_init         nrf_ble_gatt.o
    0x00002088   0x00002088   0x00000002   Code   RO         3987    i.log_pending_hook  nrf_log_frontend.o
    0x0000208a   0x0000208a   0x00000002   PAD
    0x0000208c   0x0000208c   0x000000a4   Code   RO         3988    i.log_skip          nrf_log_frontend.o
    0x00002130   0x00002130   0x00000194   Code   RO           11    i.main              main.o
    0x000022c4   0x000022c4   0x00000064   Code   RO          548    i.manuf_specific_data_encode  ble_advdata.o
    0x00002328   0x00002328   0x0000007e   Code   RO         3478    i.memobj_op         nrf_memobj.o
    0x000023a6   0x000023a6   0x00000002   PAD
    0x000023a8   0x000023a8   0x00000030   Code   RO         3989    i.module_idx_get    nrf_log_frontend.o
    0x000023d8   0x000023d8   0x000000a6   Code   RO          549    i.name_encode       ble_advdata.o
    0x0000247e   0x0000247e   0x00000026   Code   RO         3094    i.nrf_atfifo_init   nrf_atfifo.o
    0x000024a4   0x000024a4   0x00000016   Code   RO         3095    i.nrf_atfifo_item_alloc  nrf_atfifo.o
    0x000024ba   0x000024ba   0x00000016   Code   RO         3096    i.nrf_atfifo_item_free  nrf_atfifo.o
    0x000024d0   0x000024d0   0x00000016   Code   RO         3097    i.nrf_atfifo_item_get  nrf_atfifo.o
    0x000024e6   0x000024e6   0x00000016   Code   RO         3098    i.nrf_atfifo_item_put  nrf_atfifo.o
    0x000024fc   0x000024fc   0x00000016   Code   RO         3160    i.nrf_atflags_clear  nrf_atflags.o
    0x00002512   0x00002512   0x00000016   Code   RO         3165    i.nrf_atflags_get   nrf_atflags.o
    0x00002528   0x00002528   0x00000014   Code   RO         3167    i.nrf_atflags_set   nrf_atflags.o
    0x0000253c   0x0000253c   0x00000006   Code   RO         3228    i.nrf_atomic_flag_clear_fetch  nrf_atomic.o
    0x00002542   0x00002542   0x00000006   Code   RO         3229    i.nrf_atomic_flag_set  nrf_atomic.o
    0x00002548   0x00002548   0x0000000c   Code   RO         3231    i.nrf_atomic_u32_add  nrf_atomic.o
    0x00002554   0x00002554   0x0000000c   Code   RO         3232    i.nrf_atomic_u32_and  nrf_atomic.o
    0x00002560   0x00002560   0x0000000a   Code   RO         3235    i.nrf_atomic_u32_fetch_and  nrf_atomic.o
    0x0000256a   0x0000256a   0x0000000a   Code   RO         3237    i.nrf_atomic_u32_fetch_store  nrf_atomic.o
    0x00002574   0x00002574   0x0000000c   Code   RO         3241    i.nrf_atomic_u32_or  nrf_atomic.o
    0x00002580   0x00002580   0x0000000c   Code   RO         3243    i.nrf_atomic_u32_sub  nrf_atomic.o
    0x0000258c   0x0000258c   0x00000044   Code   RO         3362    i.nrf_balloc_alloc  nrf_balloc.o
    0x000025d0   0x000025d0   0x00000030   Code   RO         3363    i.nrf_balloc_free   nrf_balloc.o
    0x00002600   0x00002600   0x00000030   Code   RO         3364    i.nrf_balloc_init   nrf_balloc.o
    0x00002630   0x00002630   0x00000010   Code   RO         1674    i.nrf_bitmask_bit_is_set  nrfx_gpiote.o
    0x00002640   0x00002640   0x00000022   Code   RO          998    i.nrf_ble_gatt_init  nrf_ble_gatt.o
    0x00002662   0x00002662   0x00000002   PAD
    0x00002664   0x00002664   0x00000150   Code   RO          999    i.nrf_ble_gatt_on_ble_evt  nrf_ble_gatt.o
    0x000027b4   0x000027b4   0x00000016   Code   RO         1093    i.nrf_ble_qwr_conn_handle_assign  nrf_ble_qwr.o
    0x000027ca   0x000027ca   0x00000024   Code   RO         1094    i.nrf_ble_qwr_init  nrf_ble_qwr.o
    0x000027ee   0x000027ee   0x000000b6   Code   RO         1095    i.nrf_ble_qwr_on_ble_evt  nrf_ble_qwr.o
    0x000028a4   0x000028a4   0x0000000e   Code   RO         1532    i.nrf_clock_event_check  nrfx_clock.o
    0x000028b2   0x000028b2   0x00000010   Code   RO         1533    i.nrf_clock_event_clear  nrfx_clock.o
    0x000028c2   0x000028c2   0x00000002   PAD
    0x000028c4   0x000028c4   0x00000040   Code   RO         1185    i.nrf_drv_clock_init  nrf_drv_clock.o
    0x00002904   0x00002904   0x00000034   Code   RO         1189    i.nrf_drv_clock_lfclk_release  nrf_drv_clock.o
    0x00002938   0x00002938   0x00000068   Code   RO         1340    i.nrf_drv_uart_init  nrf_drv_uart.o
    0x000029a0   0x000029a0   0x0000001a   Code   RO         3399    i.nrf_fprintf       nrf_fprintf.o
    0x000029ba   0x000029ba   0x00000018   Code   RO         3400    i.nrf_fprintf_buffer_flush  nrf_fprintf.o
    0x000029d2   0x000029d2   0x000001da   Code   RO         3440    i.nrf_fprintf_fmt   nrf_fprintf_format.o
    0x00002bac   0x00002bac   0x00000032   Code   RO          368    i.nrf_gpio_cfg      boards.o
    0x00002bde   0x00002bde   0x00000032   Code   RO         1675    i.nrf_gpio_cfg      nrfx_gpiote.o
    0x00002c10   0x00002c10   0x00000032   Code   RO         2050    i.nrf_gpio_cfg      nrfx_uart.o
    0x00002c42   0x00002c42   0x00000032   Code   RO         2249    i.nrf_gpio_cfg      nrfx_uarte.o
    0x00002c74   0x00002c74   0x00000012   Code   RO         2051    i.nrf_gpio_cfg_default  nrfx_uart.o
    0x00002c86   0x00002c86   0x00000012   Code   RO         2250    i.nrf_gpio_cfg_default  nrfx_uarte.o
    0x00002c98   0x00002c98   0x00000012   Code   RO         2052    i.nrf_gpio_cfg_input  nrfx_uart.o
    0x00002caa   0x00002caa   0x00000012   Code   RO         2251    i.nrf_gpio_cfg_input  nrfx_uarte.o
    0x00002cbc   0x00002cbc   0x00000014   Code   RO         2053    i.nrf_gpio_cfg_output  nrfx_uart.o
    0x00002cd0   0x00002cd0   0x00000014   Code   RO         2252    i.nrf_gpio_cfg_output  nrfx_uarte.o
    0x00002ce4   0x00002ce4   0x00000030   Code   RO         1677    i.nrf_gpio_cfg_sense_set  nrfx_gpiote.o
    0x00002d14   0x00002d14   0x00000030   Code   RO         1678    i.nrf_gpio_latches_read_and_clear  nrfx_gpiote.o
    0x00002d44   0x00002d44   0x0000001c   Code   RO          369    i.nrf_gpio_pin_port_decode  boards.o
    0x00002d60   0x00002d60   0x0000001c   Code   RO         1680    i.nrf_gpio_pin_port_decode  nrfx_gpiote.o
    0x00002d7c   0x00002d7c   0x0000001c   Code   RO         2054    i.nrf_gpio_pin_port_decode  nrfx_uart.o
    0x00002d98   0x00002d98   0x0000001c   Code   RO         2253    i.nrf_gpio_pin_port_decode  nrfx_uarte.o
    0x00002db4   0x00002db4   0x0000002c   Code   RO         1681    i.nrf_gpio_pin_present_check  nrfx_gpiote.o
    0x00002de0   0x00002de0   0x00000016   Code   RO         1682    i.nrf_gpio_pin_read  nrfx_gpiote.o
    0x00002df6   0x00002df6   0x00000014   Code   RO         2055    i.nrf_gpio_pin_set  nrfx_uart.o
    0x00002e0a   0x00002e0a   0x00000014   Code   RO         2254    i.nrf_gpio_pin_set  nrfx_uarte.o
    0x00002e1e   0x00002e1e   0x00000026   Code   RO          370    i.nrf_gpio_pin_write  boards.o
    0x00002e44   0x00002e44   0x00000014   Code   RO         1684    i.nrf_gpiote_event_clear  nrfx_gpiote.o
    0x00002e58   0x00002e58   0x00000010   Code   RO         1685    i.nrf_gpiote_event_is_set  nrfx_gpiote.o
    0x00002e68   0x00002e68   0x0000005c   Code   RO         3990    i.nrf_log_backend_add  nrf_log_frontend.o
    0x00002ec4   0x00002ec4   0x000000c8   Code   RO         3834    i.nrf_log_backend_serial_put  nrf_log_backend_serial.o
    0x00002f8c   0x00002f8c   0x00000002   Code   RO         3874    i.nrf_log_backend_uart_flush  nrf_log_backend_uart.o
    0x00002f8e   0x00002f8e   0x00000006   Code   RO         3875    i.nrf_log_backend_uart_init  nrf_log_backend_uart.o
    0x00002f94   0x00002f94   0x0000002c   Code   RO         3876    i.nrf_log_backend_uart_panic_set  nrf_log_backend_uart.o
    0x00002fc0   0x00002fc0   0x00000018   Code   RO         3877    i.nrf_log_backend_uart_put  nrf_log_backend_uart.o
    0x00002fd8   0x00002fd8   0x00000030   Code   RO         3992    i.nrf_log_color_id_get  nrf_log_frontend.o
    0x00003008   0x00003008   0x0000001c   Code   RO         3947    i.nrf_log_default_backends_init  nrf_log_default_backends.o
    0x00003024   0x00003024   0x00000238   Code   RO         3993    i.nrf_log_frontend_dequeue  nrf_log_frontend.o
    0x0000325c   0x0000325c   0x00000008   Code   RO         3995    i.nrf_log_frontend_std_0  nrf_log_frontend.o
    0x00003264   0x00003264   0x0000000e   Code   RO         3996    i.nrf_log_frontend_std_1  nrf_log_frontend.o
    0x00003272   0x00003272   0x00000010   Code   RO         3997    i.nrf_log_frontend_std_2  nrf_log_frontend.o
    0x00003282   0x00003282   0x00000002   PAD
    0x00003284   0x00003284   0x000000b0   Code   RO         4176    i.nrf_log_hexdump_entry_process  nrf_log_str_formatter.o
    0x00003334   0x00003334   0x00000028   Code   RO         4002    i.nrf_log_init      nrf_log_frontend.o
    0x0000335c   0x0000335c   0x00000014   Code   RO         4003    i.nrf_log_module_cnt_get  nrf_log_frontend.o
    0x00003370   0x00003370   0x0000001c   Code   RO         4006    i.nrf_log_module_name_get  nrf_log_frontend.o
    0x0000338c   0x0000338c   0x00000028   Code   RO         4007    i.nrf_log_panic     nrf_log_frontend.o
    0x000033b4   0x000033b4   0x000000b6   Code   RO         4177    i.nrf_log_std_entry_process  nrf_log_str_formatter.o
    0x0000346a   0x0000346a   0x00000060   Code   RO         3479    i.nrf_memobj_alloc  nrf_memobj.o
    0x000034ca   0x000034ca   0x00000032   Code   RO         3480    i.nrf_memobj_free   nrf_memobj.o
    0x000034fc   0x000034fc   0x00000008   Code   RO         3481    i.nrf_memobj_get    nrf_memobj.o
    0x00003504   0x00003504   0x00000004   Code   RO         3482    i.nrf_memobj_pool_init  nrf_memobj.o
    0x00003508   0x00003508   0x0000001e   Code   RO         3483    i.nrf_memobj_put    nrf_memobj.o
    0x00003526   0x00003526   0x00000010   Code   RO         3484    i.nrf_memobj_read   nrf_memobj.o
    0x00003536   0x00003536   0x00000010   Code   RO         3485    i.nrf_memobj_write  nrf_memobj.o
    0x00003546   0x00003546   0x00000002   PAD
    0x00003548   0x00003548   0x00000028   Code   RO         3557    i.nrf_pwr_mgmt_init  nrf_pwr_mgmt.o
    0x00003570   0x00003570   0x00000044   Code   RO         3558    i.nrf_pwr_mgmt_run  nrf_pwr_mgmt.o
    0x000035b4   0x000035b4   0x00000004   Code   RO           12    i.nrf_qwr_error_handler  main.o
    0x000035b8   0x000035b8   0x0000001c   Code   RO         3634    i.nrf_ringbuf_init  nrf_ringbuf.o
    0x000035d4   0x000035d4   0x0000000c   Code   RO         2897    i.nrf_rtc_event_clear  drv_rtc.o
    0x000035e0   0x000035e0   0x00000014   Code   RO         4711    i.nrf_sdh_ble_app_ram_start_get  nrf_sdh_ble.o
    0x000035f4   0x000035f4   0x00000100   Code   RO         4712    i.nrf_sdh_ble_default_cfg_set  nrf_sdh_ble.o
    0x000036f4   0x000036f4   0x00000130   Code   RO         4713    i.nrf_sdh_ble_enable  nrf_sdh_ble.o
    0x00003824   0x00003824   0x0000005c   Code   RO         4714    i.nrf_sdh_ble_evts_poll  nrf_sdh_ble.o
    0x00003880   0x00003880   0x00000074   Code   RO         4593    i.nrf_sdh_enable_request  nrf_sdh.o
    0x000038f4   0x000038f4   0x00000024   Code   RO         4594    i.nrf_sdh_evts_poll  nrf_sdh.o
    0x00003918   0x00003918   0x0000000c   Code   RO         4595    i.nrf_sdh_is_enabled  nrf_sdh.o
    0x00003924   0x00003924   0x0000003c   Code   RO         4765    i.nrf_sdh_soc_evts_poll  nrf_sdh_soc.o
    0x00003960   0x00003960   0x0000000a   Code   RO         3692    i.nrf_section_iter_init  nrf_section_iter.o
    0x0000396a   0x0000396a   0x00000024   Code   RO         3693    i.nrf_section_iter_item_set  nrf_section_iter.o
    0x0000398e   0x0000398e   0x00000020   Code   RO         3694    i.nrf_section_iter_next  nrf_section_iter.o
    0x000039ae   0x000039ae   0x00000022   Code   RO         3727    i.nrf_sortlist_add  nrf_sortlist.o
    0x000039d0   0x000039d0   0x00000006   Code   RO         3729    i.nrf_sortlist_peek  nrf_sortlist.o
    0x000039d6   0x000039d6   0x0000000e   Code   RO         3730    i.nrf_sortlist_pop  nrf_sortlist.o
    0x000039e4   0x000039e4   0x0000001e   Code   RO         3731    i.nrf_sortlist_remove  nrf_sortlist.o
    0x00003a02   0x00003a02   0x00000002   PAD
    0x00003a04   0x00003a04   0x00000038   Code   RO         3783    i.nrf_strerror_find  nrf_strerror.o
    0x00003a3c   0x00003a3c   0x00000014   Code   RO         3784    i.nrf_strerror_get  nrf_strerror.o
    0x00003a50   0x00003a50   0x0000000a   Code   RO         2056    i.nrf_uart_event_check  nrfx_uart.o
    0x00003a5a   0x00003a5a   0x0000000c   Code   RO         2057    i.nrf_uart_event_clear  nrfx_uart.o
    0x00003a66   0x00003a66   0x0000000c   Code   RO         2058    i.nrf_uart_int_enable_check  nrfx_uart.o
    0x00003a72   0x00003a72   0x0000000a   Code   RO         2255    i.nrf_uarte_event_check  nrfx_uarte.o
    0x00003a7c   0x00003a7c   0x0000000c   Code   RO         2256    i.nrf_uarte_event_clear  nrfx_uarte.o
    0x00003a88   0x00003a88   0x00000010   Code   RO         1192    i.nrf_wdt_started   nrf_drv_clock.o
    0x00003a98   0x00003a98   0x0000002c   Code   RO         1538    i.nrfx_clock_enable  nrfx_clock.o
    0x00003ac4   0x00003ac4   0x00000020   Code   RO         1541    i.nrfx_clock_init   nrfx_clock.o
    0x00003ae4   0x00003ae4   0x00000030   Code   RO         1544    i.nrfx_clock_lfclk_stop  nrfx_clock.o
    0x00003b14   0x00003b14   0x00000010   Code   RO         2898    i.nrfx_coredep_delay_us  drv_rtc.o
    0x00003b24   0x00003b24   0x00000048   Code   RO         1690    i.nrfx_gpiote_in_event_disable  nrfx_gpiote.o
    0x00003b6c   0x00003b6c   0x00000098   Code   RO         1691    i.nrfx_gpiote_in_event_enable  nrfx_gpiote.o
    0x00003c04   0x00003c04   0x000000d0   Code   RO         1693    i.nrfx_gpiote_in_init  nrfx_gpiote.o
    0x00003cd4   0x00003cd4   0x0000000e   Code   RO         1694    i.nrfx_gpiote_in_is_set  nrfx_gpiote.o
    0x00003ce2   0x00003ce2   0x00000002   PAD
    0x00003ce4   0x00003ce4   0x00000078   Code   RO         1696    i.nrfx_gpiote_init  nrfx_gpiote.o
    0x00003d5c   0x00003d5c   0x00000014   Code   RO         1697    i.nrfx_gpiote_is_init  nrfx_gpiote.o
    0x00003d70   0x00003d70   0x00000010   Code   RO         2257    i.nrfx_is_in_ram    nrfx_uarte.o
    0x00003d80   0x00003d80   0x0000003a   Code   RO         1996    i.nrfx_prs_acquire  nrfx_prs.o
    0x00003dba   0x00003dba   0x00000012   Code   RO         1997    i.nrfx_prs_release  nrfx_prs.o
    0x00003dcc   0x00003dcc   0x00000010   Code   RO         2059    i.nrfx_uart_0_irq_handler  nrfx_uart.o
    0x00003ddc   0x00003ddc   0x000000d4   Code   RO         2061    i.nrfx_uart_init    nrfx_uart.o
    0x00003eb0   0x00003eb0   0x000000a8   Code   RO         2067    i.nrfx_uart_tx      nrfx_uart.o
    0x00003f58   0x00003f58   0x00000020   Code   RO         2069    i.nrfx_uart_tx_in_progress  nrfx_uart.o
    0x00003f78   0x00003f78   0x000000c0   Code   RO         2070    i.nrfx_uart_uninit  nrfx_uart.o
    0x00004038   0x00004038   0x00000010   Code   RO         2258    i.nrfx_uarte_0_irq_handler  nrfx_uarte.o
    0x00004048   0x00004048   0x0000006c   Code   RO         2260    i.nrfx_uarte_init   nrfx_uarte.o
    0x000040b4   0x000040b4   0x000000ac   Code   RO         2264    i.nrfx_uarte_tx     nrfx_uarte.o
    0x00004160   0x00004160   0x0000001c   Code   RO         2266    i.nrfx_uarte_tx_in_progress  nrfx_uarte.o
    0x0000417c   0x0000417c   0x00000108   Code   RO         2267    i.nrfx_uarte_uninit  nrfx_uarte.o
    0x00004284   0x00004284   0x00000018   Code   RO         4809    i.nvmc_config       system_nrf52.o
    0x0000429c   0x0000429c   0x0000001c   Code   RO           13    i.on_conn_params_evt  main.o
    0x000042b8   0x000042b8   0x000000a8   Code   RO         1000    i.on_connected_evt  nrf_ble_gatt.o
    0x00004360   0x00004360   0x000000ac   Code   RO         1001    i.on_exchange_mtu_request_evt  nrf_ble_gatt.o
    0x0000440c   0x0000440c   0x0000001c   Code   RO         1715    i.pin_configured_set  nrfx_gpiote.o
    0x00004428   0x00004428   0x00000018   Code   RO         1716    i.pin_in_use_by_port  nrfx_gpiote.o
    0x00004440   0x00004440   0x00000018   Code   RO         1717    i.pin_in_use_by_te  nrfx_gpiote.o
    0x00004458   0x00004458   0x000000d0   Code   RO         1718    i.port_event_handle  nrfx_gpiote.o
    0x00004528   0x00004528   0x00000010   Code   RO         1719    i.port_handler_polarity_get  nrfx_gpiote.o
    0x00004538   0x00004538   0x0000003c   Code   RO         4179    i.postfix_process   nrf_log_str_formatter.o
    0x00004574   0x00004574   0x00000098   Code   RO         4180    i.prefix_process    nrf_log_str_formatter.o
    0x0000460c   0x0000460c   0x00000018   Code   RO         1998    i.prs_box_get       nrfx_prs.o
    0x00004624   0x00004624   0x0000005c   Code   RO         2677    i.rtc_irq           app_timer2.o
    0x00004680   0x00004680   0x0000006c   Code   RO         2678    i.rtc_schedule      app_timer2.o
    0x000046ec   0x000046ec   0x0000008c   Code   RO         2679    i.rtc_update        app_timer2.o
    0x00004778   0x00004778   0x00000032   Code   RO         2071    i.rx_byte           nrfx_uart.o
    0x000047aa   0x000047aa   0x00000016   Code   RO         2072    i.rx_done_event     nrfx_uart.o
    0x000047c0   0x000047c0   0x00000016   Code   RO         2268    i.rx_done_event     nrfx_uarte.o
    0x000047d6   0x000047d6   0x00000002   PAD
    0x000047d8   0x000047d8   0x00000058   Code   RO         1193    i.sd_state_evt_handler  nrf_drv_clock.o
    0x00004830   0x00004830   0x00000030   Code   RO         4600    i.sdh_request_observer_notify  nrf_sdh.o
    0x00004860   0x00004860   0x0000002c   Code   RO         4601    i.sdh_state_observer_notify  nrf_sdh.o
    0x0000488c   0x0000488c   0x00000010   Code   RO          674    i.send_error_evt    ble_conn_params.o
    0x0000489c   0x0000489c   0x00000040   Code   RO         3878    i.serial_tx         nrf_log_backend_uart.o
    0x000048dc   0x000048dc   0x00000088   Code   RO          550    i.service_data_encode  ble_advdata.o
    0x00004964   0x00004964   0x00000030   Code   RO          935    i.set_security_req  ble_srv_common.o
    0x00004994   0x00004994   0x00000018   Code   RO         1194    i.soc_evt_handler   nrf_drv_clock.o
    0x000049ac   0x000049ac   0x00000058   Code   RO         4603    i.softdevices_evt_irq_enable  nrf_sdh.o
    0x00004a04   0x00004a04   0x0000000c   Code   RO         2680    i.sortlist_pop      app_timer2.o
    0x00004a10   0x00004a10   0x00000030   Code   RO         2425    i.state_set         app_button.o
    0x00004a40   0x00004a40   0x00000098   Code   RO         4009    i.std_n             nrf_log_frontend.o
    0x00004ad8   0x00004ad8   0x00000098   Code   RO         2681    i.timer_expire      app_timer2.o
    0x00004b70   0x00004b70   0x00000080   Code   RO         2682    i.timer_req_process  app_timer2.o
    0x00004bf0   0x00004bf0   0x00000038   Code   RO         2683    i.timer_req_schedule  app_timer2.o
    0x00004c28   0x00004c28   0x00000018   Code   RO         2426    i.timer_start       app_button.o
    0x00004c40   0x00004c40   0x00000020   Code   RO         2074    i.tx_byte           nrfx_uart.o
    0x00004c60   0x00004c60   0x0000001a   Code   RO         2075    i.tx_done_event     nrfx_uart.o
    0x00004c7a   0x00004c7a   0x0000001a   Code   RO         2269    i.tx_done_event     nrfx_uarte.o
    0x00004c94   0x00004c94   0x00000030   Code   RO         1341    i.uart_evt_handler  nrf_drv_uart.o
    0x00004cc4   0x00004cc4   0x0000000c   Code   RO         3879    i.uart_evt_handler  nrf_log_backend_uart.o
    0x00004cd0   0x00004cd0   0x00000050   Code   RO         3880    i.uart_init         nrf_log_backend_uart.o
    0x00004d20   0x00004d20   0x0000012a   Code   RO         2076    i.uart_irq_handler  nrfx_uart.o
    0x00004e4a   0x00004e4a   0x00000002   PAD
    0x00004e4c   0x00004e4c   0x00000030   Code   RO         1342    i.uarte_evt_handler  nrf_drv_uart.o
    0x00004e7c   0x00004e7c   0x00000112   Code   RO         2270    i.uarte_irq_handler  nrfx_uarte.o
    0x00004f8e   0x00004f8e   0x0000000a   Code   RO          551    i.uint16_encode     ble_advdata.o
    0x00004f98   0x00004f98   0x000000b4   Code   RO         3441    i.unsigned_print    nrf_fprintf_format.o
    0x0000504c   0x0000504c   0x00000068   Code   RO          675    i.update_timeout_handler  ble_conn_params.o
    0x000050b4   0x000050b4   0x00000024   Code   RO         1096    i.user_mem_reply    nrf_ble_qwr.o
    0x000050d8   0x000050d8   0x00000020   Code   RO         2427    i.usr_event         app_button.o
    0x000050f8   0x000050f8   0x00000030   Code   RO          552    i.uuid_list_encode  ble_advdata.o
    0x00005128   0x00005128   0x0000009e   Code   RO          553    i.uuid_list_sized_encode  ble_advdata.o
    0x000051c6   0x000051c6   0x00000002   PAD
    0x000051c8   0x000051c8   0x00000004   Data   RO           17    .constdata          main.o
    0x000051cc   0x000051cc   0x00000005   Data   RO          371    .constdata          boards.o
    0x000051d1   0x000051d1   0x00000003   PAD
    0x000051d4   0x000051d4   0x00000016   Data   RO         1002    .constdata          nrf_ble_gatt.o
    0x000051ea   0x000051ea   0x00000002   PAD
    0x000051ec   0x000051ec   0x00000010   Data   RO         1140    .constdata          ble_lbs.o
    0x000051fc   0x000051fc   0x00000008   Data   RO         1721    .constdata          nrfx_gpiote.o
    0x00005204   0x00005204   0x00000004   Data   RO         2079    .constdata          nrfx_uart.o
    0x00005208   0x00005208   0x00000004   Data   RO         2273    .constdata          nrfx_uarte.o
    0x0000520c   0x0000520c   0x00000008   Data   RO         2429    .constdata          app_button.o
    0x00005214   0x00005214   0x00000014   Data   RO         2686    .constdata          app_timer2.o
    0x00005228   0x00005228   0x00000008   PAD
    0x00005230   0x00005230   0x00000006   Data   RO         2899    .constdata          drv_rtc.o
    0x00005236   0x00005236   0x00000010   Data   RO         3442    .constdata          nrf_fprintf_format.o
    0x00005246   0x00005246   0x00000002   PAD
    0x00005248   0x00005248   0x00000018   Data   RO         3562    .constdata          nrf_pwr_mgmt.o
    0x00005260   0x00005260   0x0000000c   Data   RO         3563    .constdata          nrf_pwr_mgmt.o
    0x0000526c   0x0000526c   0x0000013c   Data   RO         3785    .constdata          nrf_strerror.o
    0x000053a8   0x000053a8   0x0000000c   Data   RO         3882    .constdata          nrf_log_backend_uart.o
    0x000053b4   0x000053b4   0x00000020   Data   RO         3883    .constdata          nrf_log_backend_uart.o
    0x000053d4   0x000053d4   0x0000000c   Data   RO         4014    .constdata          nrf_log_frontend.o
    0x000053e0   0x000053e0   0x00000010   Data   RO         4604    .constdata          nrf_sdh.o
    0x000053f0   0x000053f0   0x00000028   Data   RO         4605    .constdata          nrf_sdh.o
    0x00005418   0x00005418   0x00000010   Data   RO         4606    .constdata          nrf_sdh.o
    0x00005428   0x00005428   0x00000010   Data   RO         4607    .constdata          nrf_sdh.o
    0x00005438   0x00005438   0x00000020   Data   RO         4715    .constdata          nrf_sdh_ble.o
    0x00005458   0x00005458   0x00000010   Data   RO         4716    .constdata          nrf_sdh_ble.o
    0x00005468   0x00005468   0x00000010   Data   RO         4766    .constdata          nrf_sdh_soc.o
    0x00005478   0x00005478   0x0000000c   Data   RO         4767    .constdata          nrf_sdh_soc.o
    0x00005484   0x00005484   0x00000081   Data   RO         4871    .constdata          mc_w.l(ctype_o.o)
    0x00005505   0x00005505   0x00000003   PAD
    0x00005508   0x00005508   0x00000004   Data   RO         4872    .constdata          mc_w.l(ctype_o.o)
    0x0000550c   0x0000550c   0x000000a2   Data   RO         1003    .conststring        nrf_ble_gatt.o
    0x000055ae   0x000055ae   0x00000002   PAD
    0x000055b0   0x000055b0   0x000003eb   Data   RO         3786    .conststring        nrf_strerror.o
    0x0000599b   0x0000599b   0x00000001   PAD
    0x0000599c   0x0000599c   0x00000066   Data   RO         4181    .conststring        nrf_log_str_formatter.o
    0x00005a02   0x00005a02   0x00000002   PAD
    0x00005a04   0x00005a04   0x00000188   Data   RO         4717    .conststring        nrf_sdh_ble.o
    0x00005b8c   0x00005b8c   0x0000000d   Data   RO         1004    .conststrlit        nrf_ble_gatt.o
    0x00005b99   0x00005b99   0x00000003   PAD
    0x00005b9c   0x00005b9c   0x00000006   Data   RO         1200    .conststrlit        nrf_drv_clock.o
    0x00005ba2   0x00005ba2   0x00000002   PAD
    0x00005ba4   0x00005ba4   0x00000006   Data   RO         1548    .conststrlit        nrfx_clock.o
    0x00005baa   0x00005baa   0x00000002   PAD
    0x00005bac   0x00005bac   0x00000007   Data   RO         1725    .conststrlit        nrfx_gpiote.o
    0x00005bb3   0x00005bb3   0x00000001   PAD
    0x00005bb4   0x00005bb4   0x00000004   Data   RO         2000    .conststrlit        nrfx_prs.o
    0x00005bb8   0x00005bb8   0x00000005   Data   RO         2082    .conststrlit        nrfx_uart.o
    0x00005bbd   0x00005bbd   0x00000003   PAD
    0x00005bc0   0x00005bc0   0x00000006   Data   RO         2276    .conststrlit        nrfx_uarte.o
    0x00005bc6   0x00005bc6   0x00000002   PAD
    0x00005bc8   0x00005bc8   0x0000000b   Data   RO         2430    .conststrlit        app_button.o
    0x00005bd3   0x00005bd3   0x00000001   PAD
    0x00005bd4   0x00005bd4   0x0000000a   Data   RO         2687    .conststrlit        app_timer2.o
    0x00005bde   0x00005bde   0x00000002   PAD
    0x00005be0   0x00005be0   0x00000009   Data   RO         3564    .conststrlit        nrf_pwr_mgmt.o
    0x00005be9   0x00005be9   0x00000003   PAD
    0x00005bec   0x00005bec   0x00000009   Data   RO         3732    .conststrlit        nrf_sortlist.o
    0x00005bf5   0x00005bf5   0x00000003   PAD
    0x00005bf8   0x00005bf8   0x00000011   Data   RO         3948    .conststrlit        nrf_log_default_backends.o
    0x00005c09   0x00005c09   0x00000003   PAD
    0x00005c0c   0x00005c0c   0x00000004   Data   RO         4015    .conststrlit        nrf_log_frontend.o
    0x00005c10   0x00005c10   0x00000008   Data   RO         4608    .conststrlit        nrf_sdh.o
    0x00005c18   0x00005c18   0x0000000c   Data   RO         4718    .conststrlit        nrf_sdh_ble.o
    0x00005c24   0x00005c24   0x0000000c   Data   RO         4768    .conststrlit        nrf_sdh_soc.o
    0x00005c30   0x00005c30   0x00000020   Data   RO         4930    Region$$Table       anon$$obj.o
    0x00005c50   0x00005c50   0x00000010   Data   RO         3950    log_backends        nrf_log_default_backends.o
    0x00005c60   0x00005c60   0x00000008   Data   RO         1005    log_const_data      nrf_ble_gatt.o
    0x00005c68   0x00005c68   0x00000008   Data   RO         1201    log_const_data      nrf_drv_clock.o
    0x00005c70   0x00005c70   0x00000008   Data   RO         1550    log_const_data      nrfx_clock.o
    0x00005c78   0x00005c78   0x00000008   Data   RO         1726    log_const_data      nrfx_gpiote.o
    0x00005c80   0x00005c80   0x00000008   Data   RO         2002    log_const_data      nrfx_prs.o
    0x00005c88   0x00005c88   0x00000008   Data   RO         2083    log_const_data      nrfx_uart.o
    0x00005c90   0x00005c90   0x00000008   Data   RO         2277    log_const_data      nrfx_uarte.o
    0x00005c98   0x00005c98   0x00000008   Data   RO         2433    log_const_data      app_button.o
    0x00005ca0   0x00005ca0   0x00000008   Data   RO         2690    log_const_data      app_timer2.o
    0x00005ca8   0x00005ca8   0x00000008   Data   RO         3566    log_const_data      nrf_pwr_mgmt.o
    0x00005cb0   0x00005cb0   0x00000008   Data   RO         3733    log_const_data      nrf_sortlist.o
    0x00005cb8   0x00005cb8   0x00000008   Data   RO         4019    log_const_data      nrf_log_frontend.o
    0x00005cc0   0x00005cc0   0x00000008   Data   RO         4610    log_const_data      nrf_sdh.o
    0x00005cc8   0x00005cc8   0x00000008   Data   RO         4720    log_const_data      nrf_sdh_ble.o
    0x00005cd0   0x00005cd0   0x00000008   Data   RO         4769    log_const_data      nrf_sdh_soc.o
    0x00005cd8   0x00005cd8   0x00000014   Data   RO         4020    nrf_balloc          nrf_log_frontend.o
    0x00005cec   0x00005cec   0x00000008   Data   RO          782    sdh_ble_observers0  ble_conn_state.o
    0x00005cf4   0x00005cf4   0x00000008   Data   RO           19    sdh_ble_observers1  main.o
    0x00005cfc   0x00005cfc   0x00000008   Data   RO          678    sdh_ble_observers1  ble_conn_params.o
    0x00005d04   0x00005d04   0x00000010   Data   RO           20    sdh_ble_observers2  main.o
    0x00005d14   0x00005d14   0x00000008   Data   RO           21    sdh_ble_observers3  main.o
    0x00005d1c   0x00005d1c   0x00000008   Data   RO         1202    sdh_soc_observers0  nrf_drv_clock.o
    0x00005d24   0x00005d24   0x00000008   Data   RO         4721    sdh_stack_observers0  nrf_sdh_ble.o
    0x00005d2c   0x00005d2c   0x00000008   Data   RO         4770    sdh_stack_observers0  nrf_sdh_soc.o
    0x00005d34   0x00005d34   0x00000008   Data   RO         1203    sdh_state_observers0  nrf_drv_clock.o


    Execution Region RW_IRAM1 (Exec base: 0x20000000, Load base: 0x00005d3c, Size: 0x000029a8, Max: 0x00040000, ABSOLUTE, COMPRESSED[0x0000005c])

    Exec Addr    Load Addr    Size         Type   Attr      Idx    E Section Name        Object

    0x20000000   COMPRESSED   0x0000001c   Data   RW           18    .data               main.o
    0x2000001c   COMPRESSED   0x00000008   Data   RW          677    .data               ble_conn_params.o
    0x20000024   COMPRESSED   0x00000014   Data   RW         1343    .data               nrf_drv_uart.o
    0x20000038   COMPRESSED   0x00000008   Data   RW         1549    .data               nrfx_clock.o
    0x20000040   COMPRESSED   0x00000008   Data   RW         2001    .data               nrfx_prs.o
    0x20000048   COMPRESSED   0x00000018   Data   RW         2431    .data               app_button.o
    0x20000060   COMPRESSED   0x00000020   Data   RW         2432    .data               app_button.o
    0x20000080   COMPRESSED   0x00000020   Data   RW         2688    .data               app_timer2.o
    0x200000a0   COMPRESSED   0x00000004   Data   RW         2689    .data               app_timer2.o
    0x200000a4   COMPRESSED   0x0000000c   Data   RW         2900    .data               drv_rtc.o
    0x200000b0   COMPRESSED   0x00000008   Data   RW         3565    .data               nrf_pwr_mgmt.o
    0x200000b8   COMPRESSED   0x00000018   Data   RW         3884    .data               nrf_log_backend_uart.o
    0x200000d0   COMPRESSED   0x00000008   Data   RW         3949    .data               nrf_log_default_backends.o
    0x200000d8   COMPRESSED   0x00000004   Data   RW         4016    .data               nrf_log_frontend.o
    0x200000dc   COMPRESSED   0x00000008   Data   RW         4017    .data               nrf_log_frontend.o
    0x200000e4   COMPRESSED   0x00000008   Data   RW         4018    .data               nrf_log_frontend.o
    0x200000ec   COMPRESSED   0x00000040   Data   RW         4182    .data               nrf_log_str_formatter.o
    0x2000012c   COMPRESSED   0x00000003   Data   RW         4609    .data               nrf_sdh.o
    0x2000012f   COMPRESSED   0x00000001   Data   RW         4719    .data               nrf_sdh_ble.o
    0x20000130   COMPRESSED   0x00000004   Data   RW         4811    .data               system_nrf52.o
    0x20000134        -       0x00000038   Zero   RW           14    .bss                main.o
    0x2000016c        -       0x0000001f   Zero   RW           15    .bss                main.o
    0x2000018b        -       0x0000001f   Zero   RW           16    .bss                main.o
    0x200001aa   COMPRESSED   0x00000006   PAD
    0x200001b0        -       0x00000050   Zero   RW          676    .bss                ble_conn_params.o
    0x20000200        -       0x0000007c   Zero   RW          781    .bss                ble_conn_state.o
    0x2000027c        -       0x00000014   Zero   RW         1195    .bss                nrf_drv_clock.o
    0x20000290        -       0x0000006c   Zero   RW         1720    .bss                nrfx_gpiote.o
    0x200002fc        -       0x0000002c   Zero   RW         2077    .bss                nrfx_uart.o
    0x20000328        -       0x00000024   Zero   RW         2271    .bss                nrfx_uarte.o
    0x2000034c        -       0x00000020   Zero   RW         2428    .bss                app_button.o
    0x2000036c        -       0x00000010   Zero   RW         2684    .bss                app_timer2.o
    0x2000037c        -       0x00000058   Zero   RW         2685    .bss                app_timer2.o
    0x200003d4        -       0x0000000c   Zero   RW         2814    .bss                app_util_platform.o
    0x200003e0        -       0x0000000c   Zero   RW         3561    .bss                nrf_pwr_mgmt.o
    0x200003ec        -       0x00000040   Zero   RW         3881    .bss                nrf_log_backend_uart.o
    0x2000042c        -       0x000000c0   Zero   RW         4010    .bss                nrf_log_frontend.o
    0x200004ec        -       0x00000080   Zero   RW         4011    .bss                nrf_log_frontend.o
    0x2000056c        -       0x00000018   Zero   RW         4012    .bss                nrf_log_frontend.o
    0x20000584        -       0x00000420   Zero   RW         4013    .bss                nrf_log_frontend.o
    0x200009a4   COMPRESSED   0x00000004   PAD
    0x200009a8        -       0x00002000   Zero   RW         4797    STACK               arm_startup_nrf52840.o


==============================================================================

Image component sizes


      Code (inc. data)   RO Data    RW Data    ZI Data      Debug   Object Name

       736         74         27         56         32      18567   app_button.o
        22          0          0          0          0       2537   app_error.o
       132         46          0          0          0       4070   app_error_weak.o
      1052         90         38         36        104      17205   app_timer2.o
       124         14          0          0         12      10682   app_util_platform.o
        36          8        512          0       8192        936   arm_startup_nrf52840.o
      1236          0          0          0          0      98219   ble_advdata.o
       636         44          8          8         80      14599   ble_conn_params.o
       352          6          8          0        124       6369   ble_conn_state.o
       288          6         16          0          0       4899   ble_lbs.o
       456          6          0          0          0       3399   ble_srv_common.o
       354         46          5          0          0      41220   boards.o
       704         76          6         12          0      48661   drv_rtc.o
      1104        238         36         28        118     179682   main.o
       326          0          0          0          0       5967   nrf_atfifo.o
        64          0          0          0          0       3032   nrf_atflags.o
       306          0          0          0          0       8035   nrf_atomic.o
       164          0          0          0          0       3640   nrf_balloc.o
       922        272        205          0          0      37379   nrf_ble_gatt.o
       276          0          0          0          0       6265   nrf_ble_qwr.o
       312         36         30          0         20      45412   nrf_drv_clock.o
       200         26          0         20          0      17836   nrf_drv_uart.o
        50          0          0          0          0       3625   nrf_fprintf.o
       866          4         16          0          0       6578   nrf_fprintf_format.o
       200          0          0          0          0      11685   nrf_log_backend_serial.o
       232         42         44         24         64      15918   nrf_log_backend_uart.o
        28          4         33          8          0       3365   nrf_log_default_backends.o
      1484        128         44         20       1400      30545   nrf_log_frontend.o
       570        108        102         64          0       5684   nrf_log_str_formatter.o
       346          0          0          0          0       9627   nrf_memobj.o
       108         16         53          8         12      40982   nrf_pwr_mgmt.o
        28          0          0          0          0       2395   nrf_ringbuf.o
       384         46        104          3          0      42863   nrf_sdh.o
       672        230        468          1          0       5873   nrf_sdh_ble.o
        60          4         56          0          0       2472   nrf_sdh_soc.o
        78          0          0          0          0       2788   nrf_section_iter.o
        84          0         17          0          0       4117   nrf_sortlist.o
        76         10       1319          0          0       2747   nrf_strerror.o
       242         32         14          8          0      47096   nrfx_clock.o
      1458        114         23          0        108      67788   nrfx_gpiote.o
       112         16         12          8          0       4504   nrfx_prs.o
      1354         48         17          0         44      31617   nrfx_uart.o
      1356         48         18          0         36      27087   nrfx_uarte.o
       488         60          0          4          0      32411   system_nrf52.o

    ----------------------------------------------------------------------
     20120       1898       3308        308      10356     980378   Object Totals
         0          0         32          0          0          0   (incl. Generated)
        42          0         45          0         10          0   (incl. Padding)

    ----------------------------------------------------------------------

      Code (inc. data)   RO Data    RW Data    ZI Data      Debug   Library Member Name

        86          0          0          0          0          0   __dczerorl2.o
         8          4        133          0          0         68   ctype_o.o
         0          0          0          0          0          0   entry.o
         0          0          0          0          0          0   entry10a.o
         0          0          0          0          0          0   entry11a.o
         8          4          0          0          0          0   entry2.o
         4          0          0          0          0          0   entry5.o
         0          0          0          0          0          0   entry7b.o
         0          0          0          0          0          0   entry8b.o
         8          4          0          0          0          0   entry9a.o
        30          0          0          0          0          0   handlers.o
        36          8          0          0          0         68   init.o
        30          0          0          0          0         68   llshl.o
        36          0          0          0          0         68   memcpya.o
        36          0          0          0          0        108   memseta.o
        14          0          0          0          0         68   strlen.o

    ----------------------------------------------------------------------
       304         20        136          0          0        448   Library Totals
         8          0          3          0          0          0   (incl. Padding)

    ----------------------------------------------------------------------

      Code (inc. data)   RO Data    RW Data    ZI Data      Debug   Library Name

       296         20        133          0          0        448   mc_w.l

    ----------------------------------------------------------------------
       304         20        136          0          0        448   Library Totals

    ----------------------------------------------------------------------

==============================================================================


      Code (inc. data)   RO Data    RW Data    ZI Data      Debug   

     20424       1918       3444        308      10356     954406   Grand Totals
     20424       1918       3444         92      10356     954406   ELF Image Totals (compressed)
     20424       1918       3444         92          0          0   ROM Totals

==============================================================================

    Total RO  Size (Code + RO Data)                23868 (  23.31kB)
    Total RW  Size (RW Data + ZI Data)             10664 (  10.41kB)
    Total ROM Size (Code + RO Data + RW Data)      23960 (  23.40kB)

==============================================================================

