Component: ARM Compiler 5.06 update 6 (build 750) Tool: armlink [4d35ed]

==============================================================================

Section Cross References

    main.o(i.main) refers to boards.o(i.bsp_board_init) for bsp_board_init
    main.o(i.main) refers to app_scheduler.o(i.app_sched_init) for app_sched_init
    main.o(i.main) refers to app_error.o(i.app_error_handler_bare) for app_error_handler_bare
    main.o(i.main) refers to nrf_drv_clock.o(i.nrf_drv_clock_init) for nrf_drv_clock_init
    main.o(i.main) refers to nrf_drv_clock.o(i.nrf_drv_clock_hfclk_request) for nrf_drv_clock_hfclk_request
    main.o(i.main) refers to nrf_drv_clock.o(i.nrf_drv_clock_hfclk_is_running) for nrf_drv_clock_hfclk_is_running
    main.o(i.main) refers to app_usbd_serial_num.o(i.app_usbd_serial_num_generate) for app_usbd_serial_num_generate
    main.o(i.main) refers to app_usbd.o(i.app_usbd_init) for app_usbd_init
    main.o(i.main) refers to ser_hal_transport.o(i.ser_hal_transport_open) for ser_hal_transport_open
    main.o(i.main) refers to nrf_dfu_trigger_usb.o(i.nrf_dfu_trigger_usb_init) for nrf_dfu_trigger_usb_init
    main.o(i.main) refers to app_usbd.o(i.app_usbd_power_events_enable) for app_usbd_power_events_enable
    main.o(i.main) refers to nrf_sdh.o(i.nrf_sdh_enable_request) for nrf_sdh_enable_request
    main.o(i.main) refers to app_timer2.o(i.app_timer_init) for app_timer_init
    main.o(i.main) refers to ser_conn_handlers.o(i.ser_conn_on_no_mem_handler_set) for ser_conn_on_no_mem_handler_set
    main.o(i.main) refers to app_scheduler.o(i.app_sched_execute) for app_sched_execute
    main.o(i.main) refers to app_util_platform.o(i.app_util_critical_region_enter) for app_util_critical_region_enter
    main.o(i.main) refers to nrf_sdh.o(i.nrf_sdh_is_suspended) for nrf_sdh_is_suspended
    main.o(i.main) refers to app_scheduler.o(i.app_sched_queue_space_get) for app_sched_queue_space_get
    main.o(i.main) refers to nrf_sdh.o(i.nrf_sdh_resume) for nrf_sdh_resume
    main.o(i.main) refers to app_util_platform.o(i.app_util_critical_region_exit) for app_util_critical_region_exit
    main.o(i.main) refers to ser_conn_handlers.o(i.ser_conn_rx_process) for ser_conn_rx_process
    main.o(i.main) refers to main.o(i.on_idle) for on_idle
    main.o(i.main) refers to app_usbd.o(i.app_usbd_event_queue_process) for app_usbd_event_queue_process
    main.o(i.main) refers to main.o(.bss) for .bss
    main.o(i.main) refers to main.o(.constdata) for .constdata
    main.o(i.main) refers to ser_conn_handlers.o(i.ser_conn_hal_transport_event_handle) for ser_conn_hal_transport_event_handle
    main.o(i.main) refers to main.o(.data) for .data
    main.o(i.on_idle) refers to nrf_sdh.o(i.nrf_sdh_is_enabled) for nrf_sdh_is_enabled
    main.o(i.on_idle) refers to app_usbd.o(i.app_usbd_event_queue_process) for app_usbd_event_queue_process
    main.o(i.usbd_user_evt_handler) refers to app_usbd.o(i.app_usbd_disable) for app_usbd_disable
    main.o(i.usbd_user_evt_handler) refers to nrfx_usbd.o(i.nrfx_usbd_is_enabled) for nrfx_usbd_is_enabled
    main.o(i.usbd_user_evt_handler) refers to app_usbd.o(i.app_usbd_enable) for app_usbd_enable
    main.o(i.usbd_user_evt_handler) refers to app_usbd.o(i.app_usbd_stop) for app_usbd_stop
    main.o(i.usbd_user_evt_handler) refers to app_usbd.o(i.app_usbd_start) for app_usbd_start
    main.o(i.usbd_user_evt_handler) refers to main.o(.data) for .data
    main.o(.constdata) refers to main.o(i.usbd_user_evt_handler) for usbd_user_evt_handler
    boards.o(i.bsp_board_button_idx_to_pin) refers to boards.o(.constdata) for .constdata
    boards.o(i.bsp_board_button_state_get) refers to boards.o(i.nrf_gpio_pin_port_decode) for nrf_gpio_pin_port_decode
    boards.o(i.bsp_board_button_state_get) refers to boards.o(.constdata) for .constdata
    boards.o(i.bsp_board_init) refers to boards.o(i.bsp_board_leds_init) for bsp_board_leds_init
    boards.o(i.bsp_board_init) refers to boards.o(i.nrf_gpio_cfg) for nrf_gpio_cfg
    boards.o(i.bsp_board_init) refers to boards.o(.constdata) for .constdata
    boards.o(i.bsp_board_led_idx_to_pin) refers to boards.o(.constdata) for .constdata
    boards.o(i.bsp_board_led_invert) refers to boards.o(i.nrf_gpio_pin_port_decode) for nrf_gpio_pin_port_decode
    boards.o(i.bsp_board_led_invert) refers to boards.o(.constdata) for .constdata
    boards.o(i.bsp_board_led_off) refers to boards.o(i.nrf_gpio_pin_write) for nrf_gpio_pin_write
    boards.o(i.bsp_board_led_off) refers to boards.o(.constdata) for .constdata
    boards.o(i.bsp_board_led_on) refers to boards.o(i.nrf_gpio_pin_write) for nrf_gpio_pin_write
    boards.o(i.bsp_board_led_on) refers to boards.o(.constdata) for .constdata
    boards.o(i.bsp_board_led_state_get) refers to boards.o(i.nrf_gpio_pin_port_decode) for nrf_gpio_pin_port_decode
    boards.o(i.bsp_board_led_state_get) refers to boards.o(.constdata) for .constdata
[...]
    0x0002dc92   0x0002dc92   0x0000000c   Code   RO         6941    i.ble_gattc_hv_confirm_rsp_enc  ble_gattc_conn.o
    0x0002dc9e   0x0002dc9e   0x00000002   PAD
    0x0002dca0   0x0002dca0   0x00000034   Code   RO         7222    i.ble_gattc_include_t_enc  ble_gattc_struct_serialization.o
    0x0002dcd4   0x0002dcd4   0x00000070   Code   RO         6942    i.ble_gattc_primary_services_discover_req_dec  ble_gattc_conn.o
    0x0002dd44   0x0002dd44   0x0000000c   Code   RO         6943    i.ble_gattc_primary_services_discover_rsp_enc  ble_gattc_conn.o
    0x0002dd50   0x0002dd50   0x00000068   Code   RO         6944    i.ble_gattc_read_req_dec  ble_gattc_conn.o
    0x0002ddb8   0x0002ddb8   0x0000000c   Code   RO         6945    i.ble_gattc_read_rsp_enc  ble_gattc_conn.o
    0x0002ddc4   0x0002ddc4   0x0000005c   Code   RO         6946    i.ble_gattc_relationships_discover_req_dec  ble_gattc_conn.o
    0x0002de20   0x0002de20   0x0000000c   Code   RO         6947    i.ble_gattc_relationships_discover_rsp_enc  ble_gattc_conn.o
    0x0002de2c   0x0002de2c   0x0000003c   Code   RO         7224    i.ble_gattc_service_t_enc  ble_gattc_struct_serialization.o
    0x0002de68   0x0002de68   0x0000005e   Code   RO         7225    i.ble_gattc_write_params_t_dec  ble_gattc_struct_serialization.o
    0x0002dec6   0x0002dec6   0x00000002   PAD
    0x0002dec8   0x0002dec8   0x0000005c   Code   RO         6948    i.ble_gattc_write_req_dec  ble_gattc_conn.o
    0x0002df24   0x0002df24   0x0000000c   Code   RO         6949    i.ble_gattc_write_rsp_enc  ble_gattc_conn.o
    0x0002df30   0x0002df30   0x0000006c   Code   RO         7465    i.ble_gatts_attr_get_req_dec  ble_gatts_conn.o
    0x0002df9c   0x0002df9c   0x00000088   Code   RO         7466    i.ble_gatts_attr_get_rsp_enc  ble_gatts_conn.o
    0x0002e024   0x0002e024   0x0000006c   Code   RO         7726    i.ble_gatts_attr_md_t_dec  ble_gatts_struct_serialization.o
    0x0002e090   0x0002e090   0x0000007c   Code   RO         7727    i.ble_gatts_attr_md_t_enc  ble_gatts_struct_serialization.o
    0x0002e10c   0x0002e10c   0x0000007c   Code   RO         7728    i.ble_gatts_attr_t_dec  ble_gatts_struct_serialization.o
    0x0002e188   0x0002e188   0x00000060   Code   RO         7730    i.ble_gatts_authorize_params_t_dec  ble_gatts_struct_serialization.o
    0x0002e1e8   0x0002e1e8   0x0000000e   Code   RO         7732    i.ble_gatts_cfg_attr_tab_size_t_dec  ble_gatts_struct_serialization.o
    0x0002e1f6   0x0002e1f6   0x00000020   Code   RO         7734    i.ble_gatts_cfg_service_changed_t_dec  ble_gatts_struct_serialization.o
    0x0002e216   0x0002e216   0x00000050   Code   RO         7737    i.ble_gatts_char_handles_t_enc  ble_gatts_struct_serialization.o
    0x0002e266   0x0002e266   0x00000002   PAD
    0x0002e268   0x0002e268   0x000000cc   Code   RO         7738    i.ble_gatts_char_md_t_dec  ble_gatts_struct_serialization.o
    0x0002e334   0x0002e334   0x00000060   Code   RO         7740    i.ble_gatts_char_pf_t_dec  ble_gatts_struct_serialization.o
    0x0002e394   0x0002e394   0x0000008c   Code   RO         7467    i.ble_gatts_characteristic_add_req_dec  ble_gatts_conn.o
    0x0002e420   0x0002e420   0x0000006c   Code   RO         7468    i.ble_gatts_characteristic_add_rsp_enc  ble_gatts_conn.o
    0x0002e48c   0x0002e48c   0x0000000e   Code   RO         7742    i.ble_gatts_conn_cfg_t_dec  ble_gatts_struct_serialization.o
    0x0002e49a   0x0002e49a   0x00000002   PAD
    0x0002e49c   0x0002e49c   0x00000074   Code   RO         7469    i.ble_gatts_descriptor_add_req_dec  ble_gatts_conn.o
    0x0002e510   0x0002e510   0x0000006c   Code   RO         7470    i.ble_gatts_descriptor_add_rsp_enc  ble_gatts_conn.o
    0x0002e57c   0x0002e57c   0x00000070   Code   RO         7654    i.ble_gatts_evt_exchange_mtu_request_enc  ble_gatts_evt_conn.o
    0x0002e5ec   0x0002e5ec   0x0000000e   Code   RO         7745    i.ble_gatts_evt_exchange_mtu_request_t_enc  ble_gatts_struct_serialization.o
    0x0002e5fa   0x0002e5fa   0x00000002   PAD
    0x0002e5fc   0x0002e5fc   0x00000070   Code   RO         7655    i.ble_gatts_evt_hvc_enc  ble_gatts_evt_conn.o
    0x0002e66c   0x0002e66c   0x0000000e   Code   RO         7747    i.ble_gatts_evt_hvc_t_enc  ble_gatts_struct_serialization.o
    0x0002e67a   0x0002e67a   0x00000064   Code   RO         7656    i.ble_gatts_evt_hvn_tx_complete_enc  ble_gatts_evt_conn.o
    0x0002e6de   0x0002e6de   0x00000002   PAD
    0x0002e6e0   0x0002e6e0   0x00000048   Code   RO         7749    i.ble_gatts_evt_read_t_enc  ble_gatts_struct_serialization.o
    0x0002e728   0x0002e728   0x000000b8   Code   RO         7657    i.ble_gatts_evt_rw_authorize_request_enc  ble_gatts_evt_conn.o
    0x0002e7e0   0x0002e7e0   0x00000048   Code   RO         7751    i.ble_gatts_evt_rw_authorize_request_t_enc  ble_gatts_struct_serialization.o
    0x0002e828   0x0002e828   0x00000054   Code   RO         7658    i.ble_gatts_evt_sc_confirm_enc  ble_gatts_evt_conn.o
    0x0002e87c   0x0002e87c   0x00000070   Code   RO         7659    i.ble_gatts_evt_sys_attr_missing_enc  ble_gatts_evt_conn.o
    0x0002e8ec   0x0002e8ec   0x0000000e   Code   RO         7753    i.ble_gatts_evt_sys_attr_missing_t_enc  ble_gatts_struct_serialization.o
    0x0002e8fa   0x0002e8fa   0x00000002   PAD
    0x0002e8fc   0x0002e8fc   0x00000070   Code   RO         7660    i.ble_gatts_evt_timeout_enc  ble_gatts_evt_conn.o
    0x0002e96c   0x0002e96c   0x0000000e   Code   RO         7755    i.ble_gatts_evt_timeout_t_enc  ble_gatts_struct_serialization.o
    0x0002e97a   0x0002e97a   0x00000002   PAD
    0x0002e97c   0x0002e97c   0x000000b4   Code   RO         7661    i.ble_gatts_evt_write_enc  ble_gatts_evt_conn.o
    0x0002ea30   0x0002ea30   0x0000008c   Code   RO         7757    i.ble_gatts_evt_write_t_enc  ble_gatts_struct_serialization.o
    0x0002eabc   0x0002eabc   0x00000050   Code   RO         7471    i.ble_gatts_exchange_mtu_reply_req_dec  ble_gatts_conn.o
    0x0002eb0c   0x0002eb0c   0x0000000c   Code   RO         7472    i.ble_gatts_exchange_mtu_reply_rsp_enc  ble_gatts_conn.o
    0x0002eb18   0x0002eb18   0x00000078   Code   RO         7758    i.ble_gatts_hvx_params_t_dec  ble_gatts_struct_serialization.o
    0x0002eb90   0x0002eb90   0x0000005c   Code   RO         7473    i.ble_gatts_hvx_req_dec  ble_gatts_conn.o
    0x0002ebec   0x0002ebec   0x0000006c   Code   RO         7474    i.ble_gatts_hvx_rsp_enc  ble_gatts_conn.o
    0x0002ec58   0x0002ec58   0x0000006a   Code   RO         7475    i.ble_gatts_include_add_req_dec  ble_gatts_conn.o
    0x0002ecc2   0x0002ecc2   0x00000002   PAD
    0x0002ecc4   0x0002ecc4   0x0000006c   Code   RO         7476    i.ble_gatts_include_add_rsp_enc  ble_gatts_conn.o
    0x0002ed30   0x0002ed30   0x0000003e   Code   RO         7477    i.ble_gatts_initial_user_handle_get_req_dec  ble_gatts_conn.o
    0x0002ed6e   0x0002ed6e   0x00000002   PAD
    0x0002ed70   0x0002ed70   0x0000006c   Code   RO         7478    i.ble_gatts_initial_user_handle_get_rsp_enc  ble_gatts_conn.o
    0x0002eddc   0x0002eddc   0x00000040   Code   RO         7760    i.ble_gatts_rw_authorize_reply_params_t_dec  ble_gatts_struct_serialization.o
    0x0002ee1c   0x0002ee1c   0x0000005c   Code   RO         7479    i.ble_gatts_rw_authorize_reply_req_dec  ble_gatts_conn.o
    0x0002ee78   0x0002ee78   0x0000000c   Code   RO         7480    i.ble_gatts_rw_authorize_reply_rsp_enc  ble_gatts_conn.o
    0x0002ee84   0x0002ee84   0x00000074   Code   RO         7481    i.ble_gatts_service_add_req_dec  ble_gatts_conn.o
    0x0002eef8   0x0002eef8   0x0000006c   Code   RO         7482    i.ble_gatts_service_add_rsp_enc  ble_gatts_conn.o
    0x0002ef64   0x0002ef64   0x00000068   Code   RO         7483    i.ble_gatts_service_changed_req_dec  ble_gatts_conn.o
    0x0002efcc   0x0002efcc   0x0000000c   Code   RO         7484    i.ble_gatts_service_changed_rsp_enc  ble_gatts_conn.o
    0x0002efd8   0x0002efd8   0x00000084   Code   RO         7485    i.ble_gatts_sys_attr_get_req_dec  ble_gatts_conn.o
    0x0002f05c   0x0002f05c   0x00000084   Code   RO         7486    i.ble_gatts_sys_attr_get_rsp_enc  ble_gatts_conn.o
    0x0002f0e0   0x0002f0e0   0x0000006a   Code   RO         7487    i.ble_gatts_sys_attr_set_req_dec  ble_gatts_conn.o
    0x0002f14a   0x0002f14a   0x0000000c   Code   RO         7488    i.ble_gatts_sys_attr_set_rsp_enc  ble_gatts_conn.o
    0x0002f156   0x0002f156   0x000000a2   Code   RO         7489    i.ble_gatts_value_get_req_dec  ble_gatts_conn.o
    0x0002f1f8   0x0002f1f8   0x0000006c   Code   RO         7490    i.ble_gatts_value_get_rsp_enc  ble_gatts_conn.o
    0x0002f264   0x0002f264   0x00000070   Code   RO         7491    i.ble_gatts_value_set_req_dec  ble_gatts_conn.o
    0x0002f2d4   0x0002f2d4   0x0000006c   Code   RO         7492    i.ble_gatts_value_set_rsp_enc  ble_gatts_conn.o
    0x0002f340   0x0002f340   0x0000002e   Code   RO         7762    i.ble_gatts_value_t_dec  ble_gatts_struct_serialization.o
    0x0002f36e   0x0002f36e   0x0000002e   Code   RO         7763    i.ble_gatts_value_t_enc  ble_gatts_struct_serialization.o
    0x0002f39c   0x0002f39c   0x0000007a   Code   RO         7982    i.ble_l2cap_ch_flow_control_req_dec  ble_l2cap_conn.o
    0x0002f416   0x0002f416   0x00000002   PAD
    0x0002f418   0x0002f418   0x0000006c   Code   RO         7983    i.ble_l2cap_ch_flow_control_rsp_enc  ble_l2cap_conn.o
    0x0002f484   0x0002f484   0x00000050   Code   RO         7984    i.ble_l2cap_ch_release_req_dec  ble_l2cap_conn.o
    0x0002f4d4   0x0002f4d4   0x0000000c   Code   RO         7985    i.ble_l2cap_ch_release_rsp_enc  ble_l2cap_conn.o
    0x0002f4e0   0x0002f4e0   0x00000052   Code   RO         8137    i.ble_l2cap_ch_rx_params_t_dec  ble_l2cap_struct_serialization.o
    0x0002f532   0x0002f532   0x000000b0   Code   RO         7986    i.ble_l2cap_ch_rx_req_dec  ble_l2cap_conn.o
    0x0002f5e2   0x0002f5e2   0x0000000c   Code   RO         7987    i.ble_l2cap_ch_rx_rsp_enc  ble_l2cap_conn.o
    0x0002f5ee   0x0002f5ee   0x00000044   Code   RO         8139    i.ble_l2cap_ch_setup_params_t_dec  ble_l2cap_struct_serialization.o
    0x0002f632   0x0002f632   0x00000002   PAD
    0x0002f634   0x0002f634   0x0000008c   Code   RO         7988    i.ble_l2cap_ch_setup_req_dec  ble_l2cap_conn.o
    0x0002f6c0   0x0002f6c0   0x0000006c   Code   RO         7989    i.ble_l2cap_ch_setup_rsp_enc  ble_l2cap_conn.o
    0x0002f72c   0x0002f72c   0x00000050   Code   RO         8142    i.ble_l2cap_ch_tx_params_t_enc  ble_l2cap_struct_serialization.o
    0x0002f77c   0x0002f77c   0x000000d8   Code   RO         7990    i.ble_l2cap_ch_tx_req_dec  ble_l2cap_conn.o
    0x0002f854   0x0002f854   0x0000000c   Code   RO         7991    i.ble_l2cap_ch_tx_rsp_enc  ble_l2cap_conn.o
    0x0002f860   0x0002f860   0x00000060   Code   RO         8143    i.ble_l2cap_conn_cfg_t_dec  ble_l2cap_struct_serialization.o
    0x0002f8c0   0x0002f8c0   0x00000076   Code   RO         8066    i.ble_l2cap_evt_ch_credit_enc  ble_l2cap_evt_conn.o
    0x0002f936   0x0002f936   0x00000064   Code   RO         8067    i.ble_l2cap_evt_ch_released_enc  ble_l2cap_evt_conn.o
    0x0002f99a   0x0002f99a   0x000000c2   Code   RO         8068    i.ble_l2cap_evt_ch_rx_enc  ble_l2cap_evt_conn.o
    0x0002fa5c   0x0002fa5c   0x00000096   Code   RO         8069    i.ble_l2cap_evt_ch_sdu_buf_released_enc  ble_l2cap_evt_conn.o
    0x0002faf2   0x0002faf2   0x00000002   PAD
    0x0002faf4   0x0002faf4   0x00000080   Code   RO         8070    i.ble_l2cap_evt_ch_setup_enc  ble_l2cap_evt_conn.o
    0x0002fb74   0x0002fb74   0x00000088   Code   RO         8071    i.ble_l2cap_evt_ch_setup_refused_enc  ble_l2cap_evt_conn.o
    0x0002fbfc   0x0002fbfc   0x00000094   Code   RO         8072    i.ble_l2cap_evt_ch_setup_request_enc  ble_l2cap_evt_conn.o
    0x0002fc90   0x0002fc90   0x00000096   Code   RO         8073    i.ble_l2cap_evt_ch_tx_enc  ble_l2cap_evt_conn.o
    0x0002fd26   0x0002fd26   0x00000060   Code   RO         5349    i.ble_opt_get_req_dec  ble_conn.o
    0x0002fd86   0x0002fd86   0x00000002   PAD
    0x0002fd88   0x0002fd88   0x000000d8   Code   RO         5350    i.ble_opt_get_rsp_enc  ble_conn.o
    0x0002fe60   0x0002fe60   0x0000002a   Code   RO         5351    i.ble_opt_id_pre_dec  ble_conn.o
    0x0002fe8a   0x0002fe8a   0x00000002   PAD
    0x0002fe8c   0x0002fe8c   0x000000e8   Code   RO         5352    i.ble_opt_set_req_dec  ble_conn.o
    0x0002ff74   0x0002ff74   0x0000000c   Code   RO         5353    i.ble_opt_set_rsp_enc  ble_conn.o
    0x0002ff80   0x0002ff80   0x0000003e   Code   RO         8386    i.ble_pa_lna_cfg_t_dec  ble_struct_serialization.o
    0x0002ffbe   0x0002ffbe   0x0000002a   Code   RO         8387    i.ble_pa_lna_cfg_t_enc  ble_struct_serialization.o
    0x0002ffe8   0x0002ffe8   0x0000002e   Code   RO         8388    i.ble_user_mem_block_t_dec  ble_struct_serialization.o
    0x00030016   0x00030016   0x00000002   PAD
    0x00030018   0x00030018   0x00000064   Code   RO         5354    i.ble_user_mem_reply_req_dec  ble_conn.o
    0x0003007c   0x0003007c   0x0000000c   Code   RO         5355    i.ble_user_mem_reply_rsp_enc  ble_conn.o
    0x00030088   0x00030088   0x00000016   Code   RO         8390    i.ble_uuid128_t_dec  ble_struct_serialization.o
    0x0003009e   0x0003009e   0x0000001a   Code   RO         8391    i.ble_uuid128_t_enc  ble_struct_serialization.o
    0x000300b8   0x000300b8   0x00000058   Code   RO         5356    i.ble_uuid_decode_req_dec  ble_conn.o
    0x00030110   0x00030110   0x0000006c   Code   RO         5357    i.ble_uuid_decode_rsp_enc  ble_conn.o
    0x0003017c   0x0003017c   0x00000090   Code   RO         5358    i.ble_uuid_encode_req_dec  ble_conn.o
    0x0003020c   0x0003020c   0x0000007c   Code   RO         5359    i.ble_uuid_encode_rsp_enc  ble_conn.o
    0x00030288   0x00030288   0x00000030   Code   RO         8392    i.ble_uuid_t_dec    ble_struct_serialization.o
    0x000302b8   0x000302b8   0x00000030   Code   RO         8393    i.ble_uuid_t_enc    ble_struct_serialization.o
    0x000302e8   0x000302e8   0x0000006c   Code   RO         5360    i.ble_uuid_vs_add_req_dec  ble_conn.o
    0x00030354   0x00030354   0x0000006c   Code   RO         5361    i.ble_uuid_vs_add_rsp_enc  ble_conn.o
    0x000303c0   0x000303c0   0x00000044   Code   RO         5362    i.ble_version_get_req_dec  ble_conn.o
    0x00030404   0x00030404   0x0000006c   Code   RO         5363    i.ble_version_get_rsp_enc  ble_conn.o
    0x00030470   0x00030470   0x00000040   Code   RO         8395    i.ble_version_t_enc  ble_struct_serialization.o
    0x000304b0   0x000304b0   0x00000028   Code   RO          364    i.bsp_board_init    boards.o
    0x000304d8   0x000304d8   0x00000010   Code   RO          367    i.bsp_board_led_off  boards.o
    0x000304e8   0x000304e8   0x00000094   Code   RO          370    i.bsp_board_leds_init  boards.o
    0x0003057c   0x0003057c   0x00000012   Code   RO          371    i.bsp_board_leds_off  boards.o
    0x0003058e   0x0003058e   0x00000064   Code   RO         8206    i.buf_dec           ble_serialization.o
    0x000305f2   0x000305f2   0x00000050   Code   RO         8207    i.buf_enc           ble_serialization.o
    0x00030642   0x00030642   0x00000030   Code   RO         3392    i.cdc_acm_consumer  app_usbd_cdc_acm.o
    0x00030672   0x00030672   0x00000086   Code   RO         3393    i.cdc_acm_event_handler  app_usbd_cdc_acm.o
    0x000306f8   0x000306f8   0x00000664   Code   RO         3394    i.cdc_acm_feed_descriptors  app_usbd_cdc_acm.o
    0x00030d5c   0x00030d5c   0x00000026   Code   RO         3395    i.cdc_acm_req_out_data_cb  app_usbd_cdc_acm.o
    0x00030d82   0x00030d82   0x0000001c   Code   RO         3396    i.cdc_acm_reset_port  app_usbd_cdc_acm.o
    0x00030d9e   0x00030d9e   0x00000002   PAD
    0x00030da0   0x00030da0   0x000000d4   Code   RO         3397    i.cdc_acm_rx_block_finished  app_usbd_cdc_acm.o
    0x00030e74   0x00030e74   0x0000001e   Code   RO         3398    i.cdc_acm_single_shoot_consumer  app_usbd_cdc_acm.o
    0x00030e92   0x00030e92   0x00000002   PAD
    0x00030e94   0x00030e94   0x000000d4   Code   RO        10054    i.cdc_acm_user_ev_handler  ser_phy_hci_slip_cdc.o
    0x00030f68   0x00030f68   0x00000078   Code   RO          650    i.check_pdu         ble_dtm.o
    0x00030fe0   0x00030fe0   0x00000006   Code   RO         3047    i.class_event_handler  app_usbd.o
    0x00030fe6   0x00030fe6   0x00000002   PAD
    0x00030fe8   0x00030fe8   0x00000028   Code   RO          896    i.clock_clk_started_notify  nrf_drv_clock.o
    0x00031010   0x00031010   0x0000001c   Code   RO          897    i.clock_irq_handler  nrf_drv_clock.o
    0x0003102c   0x0003102c   0x00000012   Code   RO         3399    i.comm_ep_in_addr_get  app_usbd_cdc_acm.o
    0x0003103e   0x0003103e   0x00000018   Code   RO         2863    i.compare_func      app_timer2.o
    0x00031056   0x00031056   0x0000005c   Code   RO         8511    i.cond_field_dec    cond_field_serialization.o
    0x000310b2   0x000310b2   0x00000002   PAD
    0x000310b4   0x000310b4   0x0000003e   Code   RO         8512    i.cond_field_enc    cond_field_serialization.o
    0x000310f2   0x000310f2   0x00000002   PAD
    0x000310f4   0x000310f4   0x00000050   Code   RO         8532    i.conn_ble_gap_ble_data_buf_alloc  conn_ble_gap_sec_keys.o
    0x00031144   0x00031144   0x00000034   Code   RO         8533    i.conn_ble_gap_ble_data_buf_free  conn_ble_gap_sec_keys.o
    0x00031178   0x00031178   0x0000000c   Code   RO         8534    i.conn_ble_gap_scan_data_set  conn_ble_gap_sec_keys.o
    0x00031184   0x00031184   0x0000001c   Code   RO         8535    i.conn_ble_gap_scan_data_unset  conn_ble_gap_sec_keys.o
    0x000311a0   0x000311a0   0x00000040   Code   RO         8536    i.conn_ble_gap_sec_context_create  conn_ble_gap_sec_keys.o
    0x000311e0   0x000311e0   0x0000003c   Code   RO         8537    i.conn_ble_gap_sec_context_destroy  conn_ble_gap_sec_keys.o
    0x0003121c   0x0003121c   0x00000038   Code   RO         8538    i.conn_ble_gap_sec_context_find  conn_ble_gap_sec_keys.o
    0x00031254   0x00031254   0x00000038   Code   RO         8539    i.conn_ble_gap_sec_keys_init  conn_ble_gap_sec_keys.o
    0x0003128c   0x0003128c   0x0000001c   Code   RO         8602    i.conn_ble_l2cap_sdu_pool_alloc  conn_ble_l2cap_sdu_pool.o
    0x000312a8   0x000312a8   0x0000000c   Code   RO         8603    i.conn_ble_l2cap_sdu_pool_free  conn_ble_l2cap_sdu_pool.o
    0x000312b4   0x000312b4   0x0000000c   Code   RO         8605    i.conn_ble_l2cap_sdu_pool_init  conn_ble_l2cap_sdu_pool.o
    0x000312c0   0x000312c0   0x00000044   Code   RO         8650    i.conn_ble_user_mem_context_create  conn_ble_user_mem.o
    0x00031304   0x00031304   0x0000003c   Code   RO         8651    i.conn_ble_user_mem_context_destroy  conn_ble_user_mem.o
    0x00031340   0x00031340   0x00000038   Code   RO         8652    i.conn_ble_user_mem_context_find  conn_ble_user_mem.o
    0x00031378   0x00031378   0x00000024   Code   RO         8653    i.conn_ble_user_mem_init  conn_ble_user_mem.o
    0x0003139c   0x0003139c   0x0000004c   Code   RO         8742    i.conn_mw_ble_cfg_set  conn_mw_ble.o
    0x000313e8   0x000313e8   0x00000034   Code   RO         8743    i.conn_mw_ble_enable  conn_mw_ble.o
    0x0003141c   0x0003141c   0x00000030   Code   RO         8815    i.conn_mw_ble_gap_addr_get  conn_mw_ble_gap.o
    0x0003144c   0x0003144c   0x0000002c   Code   RO         8816    i.conn_mw_ble_gap_addr_set  conn_mw_ble_gap.o
    0x00031478   0x00031478   0x0000007a   Code   RO         8817    i.conn_mw_ble_gap_adv_set_configure  conn_mw_ble_gap.o
    0x000314f2   0x000314f2   0x00000030   Code   RO         8818    i.conn_mw_ble_gap_adv_start  conn_mw_ble_gap.o
    0x00031522   0x00031522   0x0000002c   Code   RO         8819    i.conn_mw_ble_gap_adv_stop  conn_mw_ble_gap.o
    0x0003154e   0x0003154e   0x00000030   Code   RO         8820    i.conn_mw_ble_gap_appearance_get  conn_mw_ble_gap.o
    0x0003157e   0x0003157e   0x0000002a   Code   RO         8821    i.conn_mw_ble_gap_appearance_set  conn_mw_ble_gap.o
    0x000315a8   0x000315a8   0x00000040   Code   RO         8822    i.conn_mw_ble_gap_auth_key_reply  conn_mw_ble_gap.o
    0x000315e8   0x000315e8   0x00000034   Code   RO         8823    i.conn_mw_ble_gap_authenticate  conn_mw_ble_gap.o
    0x0003161c   0x0003161c   0x00000034   Code   RO         8824    i.conn_mw_ble_gap_conn_param_update  conn_mw_ble_gap.o
    0x00031650   0x00031650   0x00000034   Code   RO         8825    i.conn_mw_ble_gap_conn_sec_get  conn_mw_ble_gap.o
    0x00031684   0x00031684   0x0000004c   Code   RO         8826    i.conn_mw_ble_gap_connect  conn_mw_ble_gap.o
    0x000316d0   0x000316d0   0x0000001e   Code   RO         8827    i.conn_mw_ble_gap_connect_cancel  conn_mw_ble_gap.o
    0x000316ee   0x000316ee   0x00000044   Code   RO         8828    i.conn_mw_ble_gap_data_length_update  conn_mw_ble_gap.o
    0x00031732   0x00031732   0x00000002   PAD
    0x00031734   0x00031734   0x0000006a   Code   RO         8829    i.conn_mw_ble_gap_device_identities_set  conn_mw_ble_gap.o
    0x0003179e   0x0003179e   0x0000004e   Code   RO         8830    i.conn_mw_ble_gap_device_name_get  conn_mw_ble_gap.o
    0x000317ec   0x000317ec   0x00000046   Code   RO         8831    i.conn_mw_ble_gap_device_name_set  conn_mw_ble_gap.o
    0x00031832   0x00031832   0x00000030   Code   RO         8832    i.conn_mw_ble_gap_disconnect  conn_mw_ble_gap.o
    0x00031862   0x00031862   0x00000042   Code   RO         8833    i.conn_mw_ble_gap_encrypt  conn_mw_ble_gap.o
    0x000318a4   0x000318a4   0x00000030   Code   RO         8834    i.conn_mw_ble_gap_keypress_notify  conn_mw_ble_gap.o
    0x000318d4   0x000318d4   0x00000036   Code   RO         8835    i.conn_mw_ble_gap_lesc_dhkey_reply  conn_mw_ble_gap.o
    0x0003190a   0x0003190a   0x00000042   Code   RO         8836    i.conn_mw_ble_gap_lesc_oob_data_get  conn_mw_ble_gap.o
    0x0003194c   0x0003194c   0x00000040   Code   RO         8837    i.conn_mw_ble_gap_lesc_oob_data_set  conn_mw_ble_gap.o
    0x0003198c   0x0003198c   0x00000032   Code   RO         8838    i.conn_mw_ble_gap_phy_update  conn_mw_ble_gap.o
    0x000319be   0x000319be   0x00000030   Code   RO         8839    i.conn_mw_ble_gap_ppcp_get  conn_mw_ble_gap.o
    0x000319ee   0x000319ee   0x0000002c   Code   RO         8840    i.conn_mw_ble_gap_ppcp_set  conn_mw_ble_gap.o
    0x00031a1a   0x00031a1a   0x00000038   Code   RO         8841    i.conn_mw_ble_gap_privacy_get  conn_mw_ble_gap.o
    0x00031a52   0x00031a52   0x00000034   Code   RO         8842    i.conn_mw_ble_gap_privacy_set  conn_mw_ble_gap.o
    0x00031a86   0x00031a86   0x00000028   Code   RO         8843    i.conn_mw_ble_gap_qos_channel_survey_start  conn_mw_ble_gap.o
    0x00031aae   0x00031aae   0x00000026   Code   RO         8844    i.conn_mw_ble_gap_qos_channel_survey_stop  conn_mw_ble_gap.o
    0x00031ad4   0x00031ad4   0x00000048   Code   RO         8845    i.conn_mw_ble_gap_rssi_get  conn_mw_ble_gap.o
    0x00031b1c   0x00031b1c   0x0000003a   Code   RO         8846    i.conn_mw_ble_gap_rssi_start  conn_mw_ble_gap.o
    0x00031b56   0x00031b56   0x0000002a   Code   RO         8847    i.conn_mw_ble_gap_rssi_stop  conn_mw_ble_gap.o
    0x00031b80   0x00031b80   0x00000070   Code   RO         8848    i.conn_mw_ble_gap_scan_start  conn_mw_ble_gap.o
    0x00031bf0   0x00031bf0   0x00000024   Code   RO         8849    i.conn_mw_ble_gap_scan_stop  conn_mw_ble_gap.o
    0x00031c14   0x00031c14   0x0000004c   Code   RO         8850    i.conn_mw_ble_gap_sec_info_reply  conn_mw_ble_gap.o
    0x00031c60   0x00031c60   0x000000bc   Code   RO         8851    i.conn_mw_ble_gap_sec_params_reply  conn_mw_ble_gap.o
    0x00031d1c   0x00031d1c   0x0000003a   Code   RO         8852    i.conn_mw_ble_gap_tx_power_set  conn_mw_ble_gap.o
    0x00031d56   0x00031d56   0x00000002   PAD
    0x00031d58   0x00031d58   0x00000052   Code   RO         8853    i.conn_mw_ble_gap_whitelist_set  conn_mw_ble_gap.o
    0x00031daa   0x00031daa   0x00000038   Code   RO         9070    i.conn_mw_ble_gattc_attr_info_discover  conn_mw_ble_gattc.o
    0x00031de2   0x00031de2   0x00000046   Code   RO         9071    i.conn_mw_ble_gattc_char_value_by_uuid_read  conn_mw_ble_gattc.o
    0x00031e28   0x00031e28   0x00000046   Code   RO         9072    i.conn_mw_ble_gattc_char_values_read  conn_mw_ble_gattc.o
    0x00031e6e   0x00031e6e   0x00000034   Code   RO         9073    i.conn_mw_ble_gattc_characteristics_discover  conn_mw_ble_gattc.o
    0x00031ea2   0x00031ea2   0x00000034   Code   RO         9074    i.conn_mw_ble_gattc_descriptors_discover  conn_mw_ble_gattc.o
    0x00031ed6   0x00031ed6   0x00000032   Code   RO         9075    i.conn_mw_ble_gattc_exchange_mtu_request  conn_mw_ble_gattc.o
    0x00031f08   0x00031f08   0x00000030   Code   RO         9076    i.conn_mw_ble_gattc_hv_confirm  conn_mw_ble_gattc.o
    0x00031f38   0x00031f38   0x00000040   Code   RO         9077    i.conn_mw_ble_gattc_primary_services_discover  conn_mw_ble_gattc.o
    0x00031f78   0x00031f78   0x0000003c   Code   RO         9078    i.conn_mw_ble_gattc_read  conn_mw_ble_gattc.o
    0x00031fb4   0x00031fb4   0x00000034   Code   RO         9079    i.conn_mw_ble_gattc_relationships_discover  conn_mw_ble_gattc.o
    0x00031fe8   0x00031fe8   0x00000048   Code   RO         9080    i.conn_mw_ble_gattc_write  conn_mw_ble_gattc.o
    0x00032030   0x00032030   0x00000046   Code   RO         9154    i.conn_mw_ble_gatts_attr_get  conn_mw_ble_gatts.o
    0x00032076   0x00032076   0x000000a4   Code   RO         9155    i.conn_mw_ble_gatts_characteristic_add  conn_mw_ble_gatts.o
    0x0003211a   0x0003211a   0x0000005a   Code   RO         9156    i.conn_mw_ble_gatts_descriptor_add  conn_mw_ble_gatts.o
    0x00032174   0x00032174   0x00000032   Code   RO         9157    i.conn_mw_ble_gatts_exchange_mtu_reply  conn_mw_ble_gatts.o
    0x000321a6   0x000321a6   0x00000058   Code   RO         9158    i.conn_mw_ble_gatts_hvx  conn_mw_ble_gatts.o
    0x000321fe   0x000321fe   0x00000042   Code   RO         9159    i.conn_mw_ble_gatts_include_add  conn_mw_ble_gatts.o
    0x00032240   0x00032240   0x0000002e   Code   RO         9160    i.conn_mw_ble_gatts_initial_user_handle_get  conn_mw_ble_gatts.o
    0x0003226e   0x0003226e   0x00000046   Code   RO         9161    i.conn_mw_ble_gatts_rw_authorize_reply  conn_mw_ble_gatts.o
    0x000322b4   0x000322b4   0x00000046   Code   RO         9162    i.conn_mw_ble_gatts_service_add  conn_mw_ble_gatts.o
    0x000322fa   0x000322fa   0x0000003a   Code   RO         9163    i.conn_mw_ble_gatts_service_changed  conn_mw_ble_gatts.o
    0x00032334   0x00032334   0x00000058   Code   RO         9164    i.conn_mw_ble_gatts_sys_attr_get  conn_mw_ble_gatts.o
    0x0003238c   0x0003238c   0x00000050   Code   RO         9165    i.conn_mw_ble_gatts_sys_attr_set  conn_mw_ble_gatts.o
    0x000323dc   0x000323dc   0x0000004a   Code   RO         9166    i.conn_mw_ble_gatts_value_get  conn_mw_ble_gatts.o
    0x00032426   0x00032426   0x00000002   PAD
    0x00032428   0x00032428   0x00000054   Code   RO         9167    i.conn_mw_ble_gatts_value_set  conn_mw_ble_gatts.o
    0x0003247c   0x0003247c   0x00000050   Code   RO         8744    i.conn_mw_ble_opt_get  conn_mw_ble.o
    0x000324cc   0x000324cc   0x00000066   Code   RO         8745    i.conn_mw_ble_opt_set  conn_mw_ble.o
    0x00032532   0x00032532   0x00000002   PAD
    0x00032534   0x00032534   0x0000006c   Code   RO         8746    i.conn_mw_ble_user_mem_reply  conn_mw_ble.o
    0x000325a0   0x000325a0   0x00000048   Code   RO         8747    i.conn_mw_ble_uuid_decode  conn_mw_ble.o
    0x000325e8   0x000325e8   0x00000056   Code   RO         8748    i.conn_mw_ble_uuid_encode  conn_mw_ble.o
    0x0003263e   0x0003263e   0x0000003c   Code   RO         8749    i.conn_mw_ble_uuid_vs_add  conn_mw_ble.o
    0x0003267a   0x0003267a   0x00000030   Code   RO         8750    i.conn_mw_ble_version_get  conn_mw_ble.o
    0x000326aa   0x000326aa   0x00000032   Code   RO         9311    i.conn_mw_ecb_block_encrypt  conn_mw_nrf_soc.o
    0x000326dc   0x000326dc   0x0000003c   Code   RO         8695    i.conn_mw_handler   conn_mw.o
    0x00032718   0x00032718   0x0000004a   Code   RO         9263    i.conn_mw_l2cap_ch_flow_control  conn_mw_ble_l2cap.o
    0x00032762   0x00032762   0x00000032   Code   RO         9264    i.conn_mw_l2cap_ch_release  conn_mw_ble_l2cap.o
    0x00032794   0x00032794   0x00000040   Code   RO         9265    i.conn_mw_l2cap_ch_rx  conn_mw_ble_l2cap.o
    0x000327d4   0x000327d4   0x00000044   Code   RO         9266    i.conn_mw_l2cap_ch_setup  conn_mw_ble_l2cap.o
    0x00032818   0x00032818   0x00000040   Code   RO         9267    i.conn_mw_l2cap_ch_tx  conn_mw_ble_l2cap.o
    0x00032858   0x00032858   0x0000001a   Code   RO         9312    i.conn_mw_power_system_off  conn_mw_nrf_soc.o
    0x00032872   0x00032872   0x0000002e   Code   RO         9313    i.conn_mw_temp_get  conn_mw_nrf_soc.o
    0x000328a0   0x000328a0   0x0000008e   Code   RO         8209    i.count16_cond_data16_dec  ble_serialization.o
    0x0003292e   0x0003292e   0x00000036   Code   RO         3946    i.crc16_compute     crc16.o
    0x00032964   0x00032964   0x00000012   Code   RO         3400    i.data_ep_in_addr_get  app_usbd_cdc_acm.o
    0x00032976   0x00032976   0x00000012   Code   RO         3401    i.data_ep_out_addr_get  app_usbd_cdc_acm.o
    0x00032988   0x00032988   0x00000032   Code   RO          489    i.dfu_trigger_evt_handler  nrf_dfu_trigger_usb.o
    0x000329ba   0x000329ba   0x00000014   Code   RO         3974    i.drv_rtc_compare_disable  drv_rtc.o
    0x000329ce   0x000329ce   0x0000000e   Code   RO         3977    i.drv_rtc_compare_pending  drv_rtc.o
    0x000329dc   0x000329dc   0x00000050   Code   RO         3978    i.drv_rtc_compare_set  drv_rtc.o
    0x00032a2c   0x00032a2c   0x00000008   Code   RO         3979    i.drv_rtc_counter_get  drv_rtc.o
    0x00032a34   0x00032a34   0x0000007c   Code   RO         3980    i.drv_rtc_init      drv_rtc.o
    0x00032ab0   0x00032ab0   0x0000001e   Code   RO         3981    i.drv_rtc_irq_trigger  drv_rtc.o
    0x00032ace   0x00032ace   0x00000008   Code   RO         3983    i.drv_rtc_overflow_enable  drv_rtc.o
    0x00032ad6   0x00032ad6   0x00000008   Code   RO         3984    i.drv_rtc_overflow_pending  drv_rtc.o
    0x00032ade   0x00032ade   0x00000008   Code   RO         3985    i.drv_rtc_start     drv_rtc.o
    0x00032ae6   0x00032ae6   0x00000008   Code   RO         3986    i.drv_rtc_stop      drv_rtc.o
    0x00032aee   0x00032aee   0x000000de   Code   RO         3991    i.drv_rtc_windowed_compare_set  drv_rtc.o
    0x00032bcc   0x00032bcc   0x000000d8   Code   RO          651    i.dtm_cmd           ble_dtm.o
    0x00032ca4   0x00032ca4   0x00000010   Code   RO          860    i.dtm_constant_carrier  ble_dtm_hw_nrf52.o
    0x00032cb4   0x00032cb4   0x00000014   Code   RO          652    i.dtm_event_get     ble_dtm.o
    0x00032cc8   0x00032cc8   0x00000030   Code   RO          653    i.dtm_init          ble_dtm.o
    0x00032cf8   0x00032cf8   0x00000052   Code   RO          861    i.dtm_radio_validate  ble_dtm_hw_nrf52.o
    0x00032d4a   0x00032d4a   0x00000002   PAD
    0x00032d4c   0x00032d4c   0x00000030   Code   RO          654    i.dtm_set_txpower   ble_dtm.o
    0x00032d7c   0x00032d7c   0x000000b0   Code   RO         9350    i.dtm_start         dtm_uart.o
    0x00032e2c   0x00032e2c   0x00000034   Code   RO          655    i.dtm_test_done     ble_dtm.o
    0x00032e60   0x00032e60   0x00000002   Code   RO          862    i.dtm_turn_off_test  ble_dtm_hw_nrf52.o
    0x00032e62   0x00032e62   0x00000002   PAD
    0x00032e64   0x00032e64   0x00000030   Code   RO          656    i.dtm_wait          ble_dtm.o
    0x00032e94   0x00032e94   0x00000044   Code   RO         9394    i.ecb_block_encrypt_req_dec  nrf_soc_conn.o
    0x00032ed8   0x00032ed8   0x0000006c   Code   RO         9395    i.ecb_block_encrypt_rsp_enc  nrf_soc_conn.o
    0x00032f44   0x00032f44   0x0000000c   Code   RO         2121    i.ep2bit            nrfx_usbd.o
    0x00032f50   0x00032f50   0x00000018   Code   RO         2122    i.ep_state_access   nrfx_usbd.o
    0x00032f68   0x00032f68   0x00000004   Code   RO         2123    i.ev_dma_epin0_handler  nrfx_usbd.o
    0x00032f6c   0x00032f6c   0x00000006   Code   RO         2124    i.ev_dma_epin1_handler  nrfx_usbd.o
    0x00032f72   0x00032f72   0x00000006   Code   RO         2125    i.ev_dma_epin2_handler  nrfx_usbd.o
    0x00032f78   0x00032f78   0x00000006   Code   RO         2126    i.ev_dma_epin3_handler  nrfx_usbd.o
    0x00032f7e   0x00032f7e   0x00000006   Code   RO         2127    i.ev_dma_epin4_handler  nrfx_usbd.o
    0x00032f84   0x00032f84   0x00000006   Code   RO         2128    i.ev_dma_epin5_handler  nrfx_usbd.o
    0x00032f8a   0x00032f8a   0x00000006   Code   RO         2129    i.ev_dma_epin6_handler  nrfx_usbd.o
    0x00032f90   0x00032f90   0x00000006   Code   RO         2130    i.ev_dma_epin7_handler  nrfx_usbd.o
    0x00032f96   0x00032f96   0x00000002   PAD
    0x00032f98   0x00032f98   0x00000060   Code   RO         2131    i.ev_dma_epin8_handler  nrfx_usbd.o
    0x00032ff8   0x00032ff8   0x00000060   Code   RO         2132    i.ev_dma_epout0_handler  nrfx_usbd.o
    0x00033058   0x00033058   0x00000006   Code   RO         2133    i.ev_dma_epout1_handler  nrfx_usbd.o
    0x0003305e   0x0003305e   0x00000006   Code   RO         2134    i.ev_dma_epout2_handler  nrfx_usbd.o
    0x00033064   0x00033064   0x00000006   Code   RO         2135    i.ev_dma_epout3_handler  nrfx_usbd.o
    0x0003306a   0x0003306a   0x00000006   Code   RO         2136    i.ev_dma_epout4_handler  nrfx_usbd.o
    0x00033070   0x00033070   0x00000006   Code   RO         2137    i.ev_dma_epout5_handler  nrfx_usbd.o
    0x00033076   0x00033076   0x00000006   Code   RO         2138    i.ev_dma_epout6_handler  nrfx_usbd.o
    0x0003307c   0x0003307c   0x00000006   Code   RO         2139    i.ev_dma_epout7_handler  nrfx_usbd.o
    0x00033082   0x00033082   0x00000002   PAD
    0x00033084   0x00033084   0x0000004c   Code   RO         2140    i.ev_dma_epout8_handler  nrfx_usbd.o
    0x000330d0   0x000330d0   0x00000040   Code   RO         2141    i.ev_epdata_handler  nrfx_usbd.o
    0x00033110   0x00033110   0x0000001c   Code   RO         2142    i.ev_setup_data_handler  nrfx_usbd.o
    0x0003312c   0x0003312c   0x00000078   Code   RO         2143    i.ev_setup_handler  nrfx_usbd.o
    0x000331a4   0x000331a4   0x0000004c   Code   RO         2144    i.ev_sof_handler    nrfx_usbd.o
    0x000331f0   0x000331f0   0x00000002   Code   RO         2145    i.ev_started_handler  nrfx_usbd.o
    0x000331f2   0x000331f2   0x00000002   PAD
    0x000331f4   0x000331f4   0x00000074   Code   RO         2146    i.ev_usbevent_handler  nrfx_usbd.o
    0x00033268   0x00033268   0x00000020   Code   RO         2147    i.ev_usbreset_handler  nrfx_usbd.o
    0x00033288   0x00033288   0x00000012   Code   RO         3992    i.evt_enable        drv_rtc.o
    0x0003329a   0x0003329a   0x00000014   Code   RO         3993    i.evt_pending       drv_rtc.o
    0x000332ae   0x000332ae   0x00000002   PAD
    0x000332b0   0x000332b0   0x00000014   Code   RO         9874    i.expected_ack_number_get  ser_phy_hci.o
    0x000332c4   0x000332c4   0x00000014   Code   RO         5364    i.field_dec         ble_conn.o
    0x000332d8   0x000332d8   0x00000014   Code   RO         6366    i.field_dec         ble_gap_struct_serialization.o
    0x000332ec   0x000332ec   0x00000014   Code   RO         7764    i.field_dec         ble_gatts_struct_serialization.o
    0x00033300   0x00033300   0x00000014   Code   RO         8396    i.field_dec         ble_struct_serialization.o
    0x00033314   0x00033314   0x00000014   Code   RO         5365    i.field_enc         ble_conn.o
    0x00033328   0x00033328   0x00000014   Code   RO         6125    i.field_enc         ble_gap_evt_conn.o
    0x0003333c   0x0003333c   0x00000014   Code   RO         6367    i.field_enc         ble_gap_struct_serialization.o
    0x00033350   0x00033350   0x00000014   Code   RO         7097    i.field_enc         ble_gattc_evt_conn.o
    0x00033364   0x00033364   0x00000014   Code   RO         7228    i.field_enc         ble_gattc_struct_serialization.o
    0x00033378   0x00033378   0x00000014   Code   RO         7662    i.field_enc         ble_gatts_evt_conn.o
    0x0003338c   0x0003338c   0x00000014   Code   RO         7765    i.field_enc         ble_gatts_struct_serialization.o
    0x000333a0   0x000333a0   0x00000014   Code   RO         8074    i.field_enc         ble_l2cap_evt_conn.o
    0x000333b4   0x000333b4   0x00000014   Code   RO         8397    i.field_enc         ble_struct_serialization.o
    0x000333c8   0x000333c8   0x00000034   Code   RO         2864    i.get_now           app_timer2.o
    0x000333fc   0x000333fc   0x00000094   Code   RO         9875    i.hci_pkt_send      ser_phy_hci.o
    0x00033490   0x00033490   0x00000020   Code   RO         9876    i.hci_pkt_sent_upcall  ser_phy_hci.o
    0x000334b0   0x000334b0   0x00000018   Code   RO         9877    i.hci_release_ack_buffer  ser_phy_hci.o
    0x000334c8   0x000334c8   0x00000050   Code   RO         9878    i.hci_rx_event_handler  ser_phy_hci.o
    0x00033518   0x00033518   0x00000048   Code   RO         9879    i.hci_rx_fsm        ser_phy_hci.o
    0x00033560   0x00033560   0x00000108   Code   RO         9880    i.hci_rx_fsm_event_process  ser_phy_hci.o
    0x00033668   0x00033668   0x00000016   Code   RO         9881    i.hci_signal_timeout_event  ser_phy_hci.o
    0x0003367e   0x0003367e   0x000000ce   Code   RO         9882    i.hci_slip_event_handler  ser_phy_hci.o
    0x0003374c   0x0003374c   0x00000040   Code   RO         9883    i.hci_timeout_setup  ser_phy_hci.o
    0x0003378c   0x0003378c   0x00000050   Code   RO         9884    i.hci_timer_reset   ser_phy_hci.o
    0x000337dc   0x000337dc   0x00000050   Code   RO         9885    i.hci_tx_event_handler  ser_phy_hci.o
    0x0003382c   0x0003382c   0x00000048   Code   RO         9886    i.hci_tx_fsm        ser_phy_hci.o
    0x00033874   0x00033874   0x000000f4   Code   RO         9887    i.hci_tx_fsm_event_process  ser_phy_hci.o
    0x00033968   0x00033968   0x00000012   Code   RO         9888    i.header_checksum_calculate  ser_phy_hci.o
    0x0003397a   0x0003397a   0x00000002   PAD
    0x0003397c   0x0003397c   0x00000088   Code   RO         1952    i.interrupts_enable  nrfx_uarte.o
    0x00033a04   0x00033a04   0x00000016   Code   RO          898    i.item_enqueue      nrf_drv_clock.o
    0x00033a1a   0x00033a1a   0x00000030   Code   RO         8212    i.len16data_dec     ble_serialization.o
    0x00033a4a   0x00033a4a   0x00000030   Code   RO         8213    i.len16data_enc     ble_serialization.o
    0x00033a7a   0x00033a7a   0x00000030   Code   RO         8214    i.len8data_dec      ble_serialization.o
    0x00033aaa   0x00033aaa   0x00000002   PAD
    0x00033aac   0x00033aac   0x000000e8   Code   RO            4    i.main              main.o
    0x00033b94   0x00033b94   0x00000026   Code   RO         4169    i.nrf_atfifo_init   nrf_atfifo.o
    0x00033bba   0x00033bba   0x00000016   Code   RO         4170    i.nrf_atfifo_item_alloc  nrf_atfifo.o
    0x00033bd0   0x00033bd0   0x00000016   Code   RO         4171    i.nrf_atfifo_item_free  nrf_atfifo.o
    0x00033be6   0x00033be6   0x00000016   Code   RO         4172    i.nrf_atfifo_item_get  nrf_atfifo.o
    0x00033bfc   0x00033bfc   0x00000016   Code   RO         4173    i.nrf_atfifo_item_put  nrf_atfifo.o
    0x00033c12   0x00033c12   0x00000006   Code   RO         4237    i.nrf_atomic_flag_clear_fetch  nrf_atomic.o
    0x00033c18   0x00033c18   0x0000000c   Code   RO         4240    i.nrf_atomic_u32_add  nrf_atomic.o
    0x00033c24   0x00033c24   0x0000000a   Code   RO         4244    i.nrf_atomic_u32_fetch_and  nrf_atomic.o
    0x00033c2e   0x00033c2e   0x0000000a   Code   RO         4246    i.nrf_atomic_u32_fetch_store  nrf_atomic.o
    0x00033c38   0x00033c38   0x0000000c   Code   RO         4253    i.nrf_atomic_u32_sub_hs  nrf_atomic.o
    0x00033c44   0x00033c44   0x00000044   Code   RO         4371    i.nrf_balloc_alloc  nrf_balloc.o
    0x00033c88   0x00033c88   0x00000030   Code   RO         4372    i.nrf_balloc_free   nrf_balloc.o
    0x00033cb8   0x00033cb8   0x00000030   Code   RO         4373    i.nrf_balloc_init   nrf_balloc.o
    0x00033ce8   0x00033ce8   0x0000000e   Code   RO         1360    i.nrf_clock_event_check  nrfx_clock.o
    0x00033cf6   0x00033cf6   0x00000010   Code   RO         1361    i.nrf_clock_event_clear  nrfx_clock.o
    0x00033d06   0x00033d06   0x0000002e   Code   RO         3709    i.nrf_dfu_trigger_event_handler  app_usbd_nrf_dfu_trigger.o
    0x00033d34   0x00033d34   0x00000234   Code   RO         3710    i.nrf_dfu_trigger_feed_descriptors  app_usbd_nrf_dfu_trigger.o
    0x00033f68   0x00033f68   0x00000054   Code   RO          490    i.nrf_dfu_trigger_usb_init  nrf_dfu_trigger_usb.o
    0x00033fbc   0x00033fbc   0x0000002c   Code   RO          901    i.nrf_drv_clock_hfclk_is_running  nrf_drv_clock.o
    0x00033fe8   0x00033fe8   0x00000038   Code   RO          902    i.nrf_drv_clock_hfclk_release  nrf_drv_clock.o
    0x00034020   0x00034020   0x0000005c   Code   RO          903    i.nrf_drv_clock_hfclk_request  nrf_drv_clock.o
    0x0003407c   0x0003407c   0x00000040   Code   RO          904    i.nrf_drv_clock_init  nrf_drv_clock.o
    0x000340bc   0x000340bc   0x00000034   Code   RO          908    i.nrf_drv_clock_lfclk_release  nrf_drv_clock.o
    0x000340f0   0x000340f0   0x00000034   Code   RO         1056    i.nrf_drv_power_init  nrf_drv_power.o
    0x00034124   0x00034124   0x00000018   Code   RO         1060    i.nrf_drv_power_sd_usbevt_enable  nrf_drv_power.o
    0x0003413c   0x0003413c   0x00000034   Code   RO         1061    i.nrf_drv_power_sdh_soc_evt_handler  nrf_drv_power.o
    0x00034170   0x00034170   0x0000006c   Code   RO         1062    i.nrf_drv_power_sdh_state_evt_handler  nrf_drv_power.o
    0x000341dc   0x000341dc   0x00000040   Code   RO         1066    i.nrf_drv_power_usbevt_init  nrf_drv_power.o
    0x0003421c   0x0003421c   0x00000030   Code   RO         1067    i.nrf_drv_power_usbevt_uninit  nrf_drv_power.o
    0x0003424c   0x0003424c   0x00000068   Code   RO         1169    i.nrf_drv_uart_init  nrf_drv_uart.o
    0x000342b4   0x000342b4   0x00000020   Code   RO         9351    i.nrf_drv_uart_tx   dtm_uart.o
    0x000342d4   0x000342d4   0x00000038   Code   RO         9445    i.nrf_ecb_hal_data_t_in_dec  nrf_soc_struct_serialization.o
    0x0003430c   0x0003430c   0x0000001c   Code   RO         9448    i.nrf_ecb_hal_data_t_out_enc  nrf_soc_struct_serialization.o
    0x00034328   0x00034328   0x00000032   Code   RO          375    i.nrf_gpio_cfg      boards.o
    0x0003435a   0x0003435a   0x00000032   Code   RO         1757    i.nrf_gpio_cfg      nrfx_uart.o
    0x0003438c   0x0003438c   0x00000032   Code   RO         1953    i.nrf_gpio_cfg      nrfx_uarte.o
    0x000343be   0x000343be   0x00000012   Code   RO         1758    i.nrf_gpio_cfg_default  nrfx_uart.o
    0x000343d0   0x000343d0   0x00000012   Code   RO         1954    i.nrf_gpio_cfg_default  nrfx_uarte.o
    0x000343e2   0x000343e2   0x00000012   Code   RO         1759    i.nrf_gpio_cfg_input  nrfx_uart.o
    0x000343f4   0x000343f4   0x00000012   Code   RO         1955    i.nrf_gpio_cfg_input  nrfx_uarte.o
    0x00034406   0x00034406   0x00000014   Code   RO         1760    i.nrf_gpio_cfg_output  nrfx_uart.o
    0x0003441a   0x0003441a   0x00000014   Code   RO         1956    i.nrf_gpio_cfg_output  nrfx_uarte.o
    0x0003442e   0x0003442e   0x00000002   PAD
    0x00034430   0x00034430   0x0000001c   Code   RO          376    i.nrf_gpio_pin_port_decode  boards.o
    0x0003444c   0x0003444c   0x0000001c   Code   RO          491    i.nrf_gpio_pin_port_decode  nrf_dfu_trigger_usb.o
    0x00034468   0x00034468   0x0000001c   Code   RO         1761    i.nrf_gpio_pin_port_decode  nrfx_uart.o
    0x00034484   0x00034484   0x0000001c   Code   RO         1957    i.nrf_gpio_pin_port_decode  nrfx_uarte.o
    0x000344a0   0x000344a0   0x00000014   Code   RO         1762    i.nrf_gpio_pin_set  nrfx_uart.o
    0x000344b4   0x000344b4   0x00000014   Code   RO         1958    i.nrf_gpio_pin_set  nrfx_uarte.o
    0x000344c8   0x000344c8   0x00000026   Code   RO          377    i.nrf_gpio_pin_write  boards.o
    0x000344ee   0x000344ee   0x0000001c   Code   RO         1498    i.nrf_power_event_get_and_clear  nrfx_power.o
    0x0003450a   0x0003450a   0x0000008e   Code   RO         4573    i.nrf_queue_generic_pop  nrf_queue.o
    0x00034598   0x00034598   0x00000012   Code   RO         4575    i.nrf_queue_is_empty  nrf_queue.o
    0x000345aa   0x000345aa   0x0000001e   Code   RO         4576    i.nrf_queue_is_full  nrf_queue.o
    0x000345c8   0x000345c8   0x0000000e   Code   RO         4579    i.nrf_queue_next_idx  nrf_queue.o
    0x000345d6   0x000345d6   0x000000b2   Code   RO         4581    i.nrf_queue_push    nrf_queue.o
    0x00034688   0x00034688   0x00000022   Code   RO         4583    i.nrf_queue_reset   nrf_queue.o
    0x000346aa   0x000346aa   0x00000024   Code   RO         4584    i.nrf_queue_utilization_get  nrf_queue.o
    0x000346ce   0x000346ce   0x00000002   PAD
    0x000346d0   0x000346d0   0x00000010   Code   RO          657    i.nrf_radio_event_check  ble_dtm.o
    0x000346e0   0x000346e0   0x0000000c   Code   RO         3994    i.nrf_rtc_event_clear  drv_rtc.o
    0x000346ec   0x000346ec   0x00000014   Code   RO        10287    i.nrf_sdh_ble_enable  nrf_sdh_ble.o
    0x00034700   0x00034700   0x00000060   Code   RO        10288    i.nrf_sdh_ble_evts_poll  nrf_sdh_ble.o
    0x00034760   0x00034760   0x00000054   Code   RO        10169    i.nrf_sdh_disable_request  nrf_sdh.o
    0x000347b4   0x000347b4   0x00000074   Code   RO        10170    i.nrf_sdh_enable_request  nrf_sdh.o
    0x00034828   0x00034828   0x00000024   Code   RO        10171    i.nrf_sdh_evts_poll  nrf_sdh.o
    0x0003484c   0x0003484c   0x0000000c   Code   RO        10172    i.nrf_sdh_is_enabled  nrf_sdh.o
    0x00034858   0x00034858   0x00000014   Code   RO        10173    i.nrf_sdh_is_suspended  nrf_sdh.o
    0x0003486c   0x0003486c   0x00000038   Code   RO        10175    i.nrf_sdh_resume    nrf_sdh.o
    0x000348a4   0x000348a4   0x0000003c   Code   RO        10336    i.nrf_sdh_soc_evts_poll  nrf_sdh_soc.o
    0x000348e0   0x000348e0   0x00000018   Code   RO        10176    i.nrf_sdh_suspend   nrf_sdh.o
    0x000348f8   0x000348f8   0x0000000a   Code   RO         4755    i.nrf_section_iter_init  nrf_section_iter.o
    0x00034902   0x00034902   0x00000024   Code   RO         4756    i.nrf_section_iter_item_set  nrf_section_iter.o
    0x00034926   0x00034926   0x00000020   Code   RO         4757    i.nrf_section_iter_next  nrf_section_iter.o
    0x00034946   0x00034946   0x00000022   Code   RO         4790    i.nrf_sortlist_add  nrf_sortlist.o
    0x00034968   0x00034968   0x00000006   Code   RO         4792    i.nrf_sortlist_peek  nrf_sortlist.o
    0x0003496e   0x0003496e   0x0000000e   Code   RO         4793    i.nrf_sortlist_pop  nrf_sortlist.o
    0x0003497c   0x0003497c   0x0000001e   Code   RO         4794    i.nrf_sortlist_remove  nrf_sortlist.o
    0x0003499a   0x0003499a   0x0000000c   Code   RO          658    i.nrf_timer_compare_event_get  ble_dtm.o
    0x000349a6   0x000349a6   0x0000000a   Code   RO          659    i.nrf_timer_event_check  ble_dtm.o
    0x000349b0   0x000349b0   0x0000000c   Code   RO          660    i.nrf_timer_event_clear  ble_dtm.o
    0x000349bc   0x000349bc   0x0000000c   Code   RO          661    i.nrf_timer_int_enable_check  ble_dtm.o
    0x000349c8   0x000349c8   0x0000000a   Code   RO         1763    i.nrf_uart_event_check  nrfx_uart.o
    0x000349d2   0x000349d2   0x0000000c   Code   RO         1764    i.nrf_uart_event_clear  nrfx_uart.o
    0x000349de   0x000349de   0x0000000c   Code   RO         1765    i.nrf_uart_int_enable_check  nrfx_uart.o
    0x000349ea   0x000349ea   0x0000000a   Code   RO         1959    i.nrf_uarte_event_check  nrfx_uarte.o
    0x000349f4   0x000349f4   0x0000000c   Code   RO         1960    i.nrf_uarte_event_clear  nrfx_uarte.o
    0x00034a00   0x00034a00   0x00000034   Code   RO         2148    i.nrf_usbd_ep0in_dma_handler  nrfx_usbd.o
    0x00034a34   0x00034a34   0x00000028   Code   RO         2149    i.nrf_usbd_ep_enable_check  nrfx_usbd.o
    0x00034a5c   0x00034a5c   0x00000038   Code   RO         2150    i.nrf_usbd_epin_dma_handler  nrfx_usbd.o
    0x00034a94   0x00034a94   0x00000064   Code   RO         2151    i.nrf_usbd_epout_dma_handler  nrfx_usbd.o
    0x00034af8   0x00034af8   0x00000010   Code   RO         2152    i.nrf_usbd_event_check  nrfx_usbd.o
    0x00034b08   0x00034b08   0x00000020   Code   RO         2153    i.nrf_usbd_event_get_and_clear  nrfx_usbd.o
    0x00034b28   0x00034b28   0x00000014   Code   RO         2154    i.nrf_usbd_eventcause_clear  nrfx_usbd.o
    0x00034b3c   0x00034b3c   0x00000010   Code   RO         2155    i.nrf_usbd_lowpower_check  nrfx_usbd.o
    0x00034b4c   0x00034b4c   0x00000018   Code   RO         2156    i.nrf_usbd_task_trigger  nrfx_usbd.o
    0x00034b64   0x00034b64   0x00000010   Code   RO          911    i.nrf_wdt_started   nrf_drv_clock.o
    0x00034b74   0x00034b74   0x0000000a   Code   RO         1230    i.nrfx_atomic_u32_fetch_and  nrfx_atomic.o
    0x00034b7e   0x00034b7e   0x00000002   PAD
    0x00034b80   0x00034b80   0x00000034   Code   RO         1366    i.nrfx_clock_enable  nrfx_clock.o
    0x00034bb4   0x00034bb4   0x00000016   Code   RO         1367    i.nrfx_clock_hfclk_start  nrfx_clock.o
    0x00034bca   0x00034bca   0x00000002   PAD
    0x00034bcc   0x00034bcc   0x0000003c   Code   RO         1368    i.nrfx_clock_hfclk_stop  nrfx_clock.o
    0x00034c08   0x00034c08   0x00000020   Code   RO         1369    i.nrfx_clock_init   nrfx_clock.o
    0x00034c28   0x00034c28   0x00000058   Code   RO         1370    i.nrfx_clock_irq_handler  nrfx_clock.o
    0x00034c80   0x00034c80   0x00000030   Code   RO         1373    i.nrfx_clock_lfclk_stop  nrfx_clock.o
    0x00034cb0   0x00034cb0   0x00000010   Code   RO         3995    i.nrfx_coredep_delay_us  drv_rtc.o
    0x00034cc0   0x00034cc0   0x00000010   Code   RO         1961    i.nrfx_is_in_ram    nrfx_uarte.o
    0x00034cd0   0x00034cd0   0x0000004c   Code   RO         1500    i.nrfx_power_init   nrfx_power.o
    0x00034d1c   0x00034d1c   0x00000090   Code   RO         1501    i.nrfx_power_irq_handler  nrfx_power.o
    0x00034dac   0x00034dac   0x0000000c   Code   RO         1504    i.nrfx_power_pof_handler_get  nrfx_power.o
    0x00034db8   0x00034db8   0x0000000c   Code   RO         1512    i.nrfx_power_usb_handler_get  nrfx_power.o
    0x00034dc4   0x00034dc4   0x0000000e   Code   RO         1513    i.nrfx_power_usbevt_disable  nrfx_power.o
    0x00034dd2   0x00034dd2   0x0000000e   Code   RO         1514    i.nrfx_power_usbevt_enable  nrfx_power.o
    0x00034de0   0x00034de0   0x00000014   Code   RO         1515    i.nrfx_power_usbevt_init  nrfx_power.o
    0x00034df4   0x00034df4   0x0000000c   Code   RO         1516    i.nrfx_power_usbevt_uninit  nrfx_power.o
    0x00034e00   0x00034e00   0x0000003a   Code   RO         1641    i.nrfx_prs_acquire  nrfx_prs.o
    0x00034e3a   0x00034e3a   0x00000012   Code   RO         1642    i.nrfx_prs_release  nrfx_prs.o
    0x00034e4c   0x00034e4c   0x00000010   Code   RO         1766    i.nrfx_uart_0_irq_handler  nrfx_uart.o
    0x00034e5c   0x00034e5c   0x000000d4   Code   RO         1768    i.nrfx_uart_init    nrfx_uart.o
    0x00034f30   0x00034f30   0x000000ec   Code   RO         1769    i.nrfx_uart_rx      nrfx_uart.o
    0x0003501c   0x0003501c   0x0000003c   Code   RO         1772    i.nrfx_uart_rx_enable  nrfx_uart.o
    0x00035058   0x00035058   0x000000a8   Code   RO         1774    i.nrfx_uart_tx      nrfx_uart.o
    0x00035100   0x00035100   0x00000020   Code   RO         1776    i.nrfx_uart_tx_in_progress  nrfx_uart.o
    0x00035120   0x00035120   0x000000c0   Code   RO         1777    i.nrfx_uart_uninit  nrfx_uart.o
    0x000351e0   0x000351e0   0x00000010   Code   RO         1962    i.nrfx_uarte_0_irq_handler  nrfx_uarte.o
    0x000351f0   0x000351f0   0x0000006c   Code   RO         1964    i.nrfx_uarte_init   nrfx_uarte.o
    0x0003525c   0x0003525c   0x00000104   Code   RO         1965    i.nrfx_uarte_rx     nrfx_uarte.o
    0x00035360   0x00035360   0x000000ac   Code   RO         1968    i.nrfx_uarte_tx     nrfx_uarte.o
    0x0003540c   0x0003540c   0x0000001c   Code   RO         1970    i.nrfx_uarte_tx_in_progress  nrfx_uarte.o
    0x00035428   0x00035428   0x00000108   Code   RO         1971    i.nrfx_uarte_uninit  nrfx_uarte.o
    0x00035530   0x00035530   0x00000014   Code   RO         2157    i.nrfx_usbd_active_irq_config  nrfx_usbd.o
    0x00035544   0x00035544   0x00000030   Code   RO         2159    i.nrfx_usbd_consumer  nrfx_usbd.o
    0x00035574   0x00035574   0x00000038   Code   RO         2160    i.nrfx_usbd_disable  nrfx_usbd.o
    0x000355ac   0x000355ac   0x0000007c   Code   RO         2161    i.nrfx_usbd_enable  nrfx_usbd.o
    0x00035628   0x00035628   0x00000004   Code   RO         2162    i.nrfx_usbd_ep_abort  nrfx_usbd.o
    0x0003562c   0x0003562c   0x00000044   Code   RO         2164    i.nrfx_usbd_ep_disable  nrfx_usbd.o
    0x00035670   0x00035670   0x0000001c   Code   RO         2165    i.nrfx_usbd_ep_dtoggle_clear  nrfx_usbd.o
    0x0003568c   0x0003568c   0x00000084   Code   RO         2166    i.nrfx_usbd_ep_enable  nrfx_usbd.o
    0x00035710   0x00035710   0x00000004   Code   RO         2167    i.nrfx_usbd_ep_enable_check  nrfx_usbd.o
    0x00035714   0x00035714   0x00000078   Code   RO         2168    i.nrfx_usbd_ep_handled_transfer  nrfx_usbd.o
    0x0003578c   0x0003578c   0x0000000a   Code   RO         2170    i.nrfx_usbd_ep_max_packet_size_get  nrfx_usbd.o
    0x00035796   0x00035796   0x0000000c   Code   RO         2171    i.nrfx_usbd_ep_max_packet_size_set  nrfx_usbd.o
    0x000357a2   0x000357a2   0x00000002   PAD
    0x000357a4   0x000357a4   0x00000018   Code   RO         2172    i.nrfx_usbd_ep_stall  nrfx_usbd.o
    0x000357bc   0x000357bc   0x00000030   Code   RO         2173    i.nrfx_usbd_ep_stall_check  nrfx_usbd.o
    0x000357ec   0x000357ec   0x00000028   Code   RO         2174    i.nrfx_usbd_ep_stall_clear  nrfx_usbd.o
    0x00035814   0x00035814   0x0000001c   Code   RO         2176    i.nrfx_usbd_ep_to_endevent  nrfx_usbd.o
    0x00035830   0x00035830   0x0000001c   Code   RO         2177    i.nrfx_usbd_ep_to_int  nrfx_usbd.o
    0x0003584c   0x0003584c   0x000000d0   Code   RO         2178    i.nrfx_usbd_ep_transfer  nrfx_usbd.o
    0x0003591c   0x0003591c   0x00000028   Code   RO         2179    i.nrfx_usbd_epout_size_get  nrfx_usbd.o
    0x00035944   0x00035944   0x00000014   Code   RO         2180    i.nrfx_usbd_errata_171  nrfx_usbd.o
    0x00035958   0x00035958   0x00000018   Code   RO         2181    i.nrfx_usbd_errata_187  nrfx_usbd.o
    0x00035970   0x00035970   0x00000014   Code   RO         2182    i.nrfx_usbd_errata_199  nrfx_usbd.o
    0x00035984   0x00035984   0x00000008   Code   RO         2183    i.nrfx_usbd_feeder_buffer_get  nrfx_usbd.o
    0x0003598c   0x0003598c   0x0000003c   Code   RO         2184    i.nrfx_usbd_feeder_flash  nrfx_usbd.o
    0x000359c8   0x000359c8   0x00000044   Code   RO         2185    i.nrfx_usbd_feeder_flash_zlp  nrfx_usbd.o
    0x00035a0c   0x00035a0c   0x00000024   Code   RO         2186    i.nrfx_usbd_feeder_ram  nrfx_usbd.o
    0x00035a30   0x00035a30   0x00000036   Code   RO         2187    i.nrfx_usbd_feeder_ram_zlp  nrfx_usbd.o
    0x00035a66   0x00035a66   0x00000002   PAD
    0x00035a68   0x00035a68   0x0000000c   Code   RO         2188    i.nrfx_usbd_force_bus_wakeup  nrfx_usbd.o
    0x00035a74   0x00035a74   0x0000007c   Code   RO         2189    i.nrfx_usbd_init    nrfx_usbd.o
    0x00035af0   0x00035af0   0x00000014   Code   RO         2190    i.nrfx_usbd_is_enabled  nrfx_usbd.o
    0x00035b04   0x00035b04   0x00000010   Code   RO         2191    i.nrfx_usbd_is_initialized  nrfx_usbd.o
    0x00035b14   0x00035b14   0x0000000c   Code   RO         2195    i.nrfx_usbd_last_setup_dir_get  nrfx_usbd.o
    0x00035b20   0x00035b20   0x00000006   Code   RO         2196    i.nrfx_usbd_setup_clear  nrfx_usbd.o
    0x00035b26   0x00035b26   0x00000006   Code   RO         2197    i.nrfx_usbd_setup_data_clear  nrfx_usbd.o
    0x00035b2c   0x00035b2c   0x00000050   Code   RO         2198    i.nrfx_usbd_setup_get  nrfx_usbd.o
    0x00035b7c   0x00035b7c   0x00000006   Code   RO         2199    i.nrfx_usbd_setup_stall  nrfx_usbd.o
    0x00035b82   0x00035b82   0x00000002   PAD
    0x00035b84   0x00035b84   0x0000004c   Code   RO         2200    i.nrfx_usbd_start   nrfx_usbd.o
    0x00035bd0   0x00035bd0   0x00000048   Code   RO         2201    i.nrfx_usbd_stop    nrfx_usbd.o
    0x00035c18   0x00035c18   0x0000004c   Code   RO         2202    i.nrfx_usbd_suspend  nrfx_usbd.o
    0x00035c64   0x00035c64   0x00000014   Code   RO         2204    i.nrfx_usbd_suspend_irq_config  nrfx_usbd.o
    0x00035c78   0x00035c78   0x00000050   Code   RO         2205    i.nrfx_usbd_transfer_out_drop  nrfx_usbd.o
    0x00035cc8   0x00035cc8   0x00000010   Code   RO         2206    i.nrfx_usbd_uninit  nrfx_usbd.o
    0x00035cd8   0x00035cd8   0x0000005c   Code   RO         2207    i.nrfx_usbd_wakeup_req  nrfx_usbd.o
    0x00035d34   0x00035d34   0x00000018   Code   RO        10370    i.nvmc_config       system_nrf52.o
    0x00035d4c   0x00035d4c   0x0000001c   Code   RO            5    i.on_idle           main.o
    0x00035d68   0x00035d68   0x000000ac   Code   RO          662    i.on_test_setup_cmd  ble_dtm.o
    0x00035e14   0x00035e14   0x00000148   Code   RO          663    i.on_test_transmit_cmd  ble_dtm.o
    0x00035f5c   0x00035f5c   0x0000003e   Code   RO         8217    i.op_status_enc     ble_serialization.o
    0x00035f9a   0x00035f9a   0x00000002   PAD
    0x00035f9c   0x00035f9c   0x00000194   Code   RO         9797    i.phy_events_handler  ser_hal_transport.o
    0x00036130   0x00036130   0x00000090   Code   RO          664    i.phy_set           ble_dtm.o
    0x000361c0   0x000361c0   0x0000001e   Code   RO         9396    i.power_system_off_req_dec  nrf_soc_conn.o
    0x000361de   0x000361de   0x00000002   PAD
    0x000361e0   0x000361e0   0x00000018   Code   RO         1643    i.prs_box_get       nrfx_prs.o
    0x000361f8   0x000361f8   0x00000018   Code   RO         4587    i.queue_utilization_get  nrf_queue.o
    0x00036210   0x00036210   0x000000b8   Code   RO          665    i.radio_end_event_process  ble_dtm.o
    0x000362c8   0x000362c8   0x000000d0   Code   RO          666    i.radio_init        ble_dtm.o
    0x00036398   0x00036398   0x000000c0   Code   RO          667    i.radio_prepare     ble_dtm.o
    0x00036458   0x00036458   0x00000060   Code   RO          668    i.radio_reset       ble_dtm.o
    0x000364b8   0x000364b8   0x0000005c   Code   RO         2865    i.rtc_irq           app_timer2.o
    0x00036514   0x00036514   0x0000006c   Code   RO         2866    i.rtc_schedule      app_timer2.o
    0x00036580   0x00036580   0x0000008c   Code   RO         2867    i.rtc_update        app_timer2.o
    0x0003660c   0x0003660c   0x00000038   Code   RO         9889    i.rx_ack_pkt_valid  ser_phy_hci.o
    0x00036644   0x00036644   0x00000032   Code   RO         1778    i.rx_byte           nrfx_uart.o
    0x00036676   0x00036676   0x00000016   Code   RO         1779    i.rx_done_event     nrfx_uart.o
    0x0003668c   0x0003668c   0x00000016   Code   RO         1972    i.rx_done_event     nrfx_uarte.o
    0x000366a2   0x000366a2   0x00000020   Code   RO         1780    i.rx_enable         nrfx_uart.o
    0x000366c2   0x000366c2   0x00000002   PAD
    0x000366c4   0x000366c4   0x00000014   Code   RO         9708    i.sd_start_from_app_sched  ser_conn_reset_cmd_decoder.o
    0x000366d8   0x000366d8   0x00000058   Code   RO          912    i.sd_state_evt_handler  nrf_drv_clock.o
    0x00036730   0x00036730   0x00000024   Code   RO         9709    i.sdh_observer_handler  ser_conn_reset_cmd_decoder.o
    0x00036754   0x00036754   0x00000030   Code   RO        10177    i.sdh_request_observer_notify  nrf_sdh.o
    0x00036784   0x00036784   0x0000002c   Code   RO        10178    i.sdh_state_observer_notify  nrf_sdh.o
    0x000367b0   0x000367b0   0x0000002a   Code   RO         8220    i.ser_ble_cmd_rsp_status_code_enc  ble_serialization.o
    0x000367da   0x000367da   0x00000002   PAD
    0x000367dc   0x000367dc   0x00000090   Code   RO         9589    i.ser_conn_ble_event_encoder  ser_conn_event_encoder.o
    0x0003686c   0x0003686c   0x00000028   Code   RO         9617    i.ser_conn_ble_event_handle  ser_conn_handlers.o
    0x00036894   0x00036894   0x00000088   Code   RO         9487    i.ser_conn_command_process  ser_conn_cmd_decoder.o
    0x0003691c   0x0003691c   0x00000074   Code   RO         9521    i.ser_conn_dtm_command_process  ser_conn_dtm_cmd_decoder.o
    0x00036990   0x00036990   0x00000030   Code   RO         9710    i.ser_conn_generic_command_process  ser_conn_reset_cmd_decoder.o
    0x000369c0   0x000369c0   0x00000048   Code   RO         9618    i.ser_conn_hal_transport_event_handle  ser_conn_handlers.o
    0x00036a08   0x00036a08   0x0000002c   Code   RO         9522    i.ser_conn_is_ready_to_enter_dtm  ser_conn_dtm_cmd_decoder.o
    0x00036a34   0x00036a34   0x00000010   Code   RO         9619    i.ser_conn_on_no_mem_handler  ser_conn_handlers.o
    0x00036a44   0x00036a44   0x0000000c   Code   RO         9620    i.ser_conn_on_no_mem_handler_set  ser_conn_handlers.o
    0x00036a50   0x00036a50   0x0000004c   Code   RO         9677    i.ser_conn_received_pkt_process  ser_conn_pkt_decoder.o
    0x00036a9c   0x00036a9c   0x00000012   Code   RO         9621    i.ser_conn_reset    ser_conn_handlers.o
    0x00036aae   0x00036aae   0x00000002   PAD
    0x00036ab0   0x00036ab0   0x0000001c   Code   RO         9622    i.ser_conn_rx_process  ser_conn_handlers.o
    0x00036acc   0x00036acc   0x0000001c   Code   RO         9798    i.ser_hal_transport_close  ser_hal_transport.o
    0x00036ae8   0x00036ae8   0x00000040   Code   RO         9799    i.ser_hal_transport_open  ser_hal_transport.o
    0x00036b28   0x00036b28   0x00000010   Code   RO         9800    i.ser_hal_transport_reset  ser_hal_transport.o
    0x00036b38   0x00036b38   0x00000058   Code   RO         9801    i.ser_hal_transport_rx_pkt_free  ser_hal_transport.o
    0x00036b90   0x00036b90   0x0000003c   Code   RO         9802    i.ser_hal_transport_tx_pkt_alloc  ser_hal_transport.o
    0x00036bcc   0x00036bcc   0x00000034   Code   RO         9803    i.ser_hal_transport_tx_pkt_free  ser_hal_transport.o
    0x00036c00   0x00036c00   0x00000060   Code   RO         9804    i.ser_hal_transport_tx_pkt_send  ser_hal_transport.o
    0x00036c60   0x00036c60   0x000000e8   Code   RO        10055    i.ser_phi_hci_rx_byte  ser_phy_hci_slip_cdc.o
    0x00036d48   0x00036d48   0x00000018   Code   RO         9890    i.ser_phy_close     ser_phy_hci.o
    0x00036d60   0x00036d60   0x00000010   Code   RO         9891    i.ser_phy_event_callback  ser_phy_hci.o
    0x00036d70   0x00036d70   0x00000030   Code   RO         9892    i.ser_phy_hci_reset  ser_phy_hci.o
    0x00036da0   0x00036da0   0x0000000c   Code   RO        10056    i.ser_phy_hci_slip_close  ser_phy_hci_slip_cdc.o
    0x00036dac   0x00036dac   0x00000030   Code   RO        10057    i.ser_phy_hci_slip_open  ser_phy_hci_slip_cdc.o
    0x00036ddc   0x00036ddc   0x0000002c   Code   RO        10058    i.ser_phy_hci_slip_reset  ser_phy_hci_slip_cdc.o
    0x00036e08   0x00036e08   0x0000003c   Code   RO        10059    i.ser_phy_hci_slip_rx_buf_free  ser_phy_hci_slip_cdc.o
    0x00036e44   0x00036e44   0x000000a0   Code   RO        10060    i.ser_phy_hci_slip_tx_pkt_send  ser_phy_hci_slip_cdc.o
    0x00036ee4   0x00036ee4   0x00000024   Code   RO         9893    i.ser_phy_interrupts_disable  ser_phy_hci.o
    0x00036f08   0x00036f08   0x000000a4   Code   RO         9894    i.ser_phy_interrupts_enable  ser_phy_hci.o
    0x00036fac   0x00036fac   0x0000003c   Code   RO         9895    i.ser_phy_open      ser_phy_hci.o
    0x00036fe8   0x00036fe8   0x00000030   Code   RO         9896    i.ser_phy_rx_buf_set  ser_phy_hci.o
    0x00037018   0x00037018   0x00000034   Code   RO         9897    i.ser_phy_tx_pkt_send  ser_phy_hci.o
    0x0003704c   0x0003704c   0x00000050   Code   RO          669    i.set_strict_mode   ble_dtm.o
    0x0003709c   0x0003709c   0x00000004   Code   RO         3573    i.setup_data_handler_empty  app_usbd_core.o
    0x000370a0   0x000370a0   0x00000118   Code   RO         3574    i.setup_device_req_get_descriptor  app_usbd_core.o
    0x000371b8   0x000371b8   0x000000fc   Code   RO         3575    i.setup_device_req_std_handler  app_usbd_core.o
    0x000372b4   0x000372b4   0x00000094   Code   RO         3576    i.setup_endpoint_req_std  app_usbd_core.o
    0x00037348   0x00037348   0x00000096   Code   RO         3402    i.setup_event_handler  app_usbd_cdc_acm.o
    0x000373de   0x000373de   0x000000aa   Code   RO         3711    i.setup_event_handler  app_usbd_nrf_dfu_trigger.o
    0x00037488   0x00037488   0x00000088   Code   RO         3577    i.setup_interface_req_std_handle  app_usbd_core.o
    0x00037510   0x00037510   0x000000c4   Code   RO         3403    i.setup_req_class_out  app_usbd_cdc_acm.o
    0x000375d4   0x000375d4   0x00000040   Code   RO        10061    i.slip_decode       ser_phy_hci_slip_cdc.o
    0x00037614   0x00037614   0x00000018   Code   RO          913    i.soc_evt_handler   nrf_drv_clock.o
    0x0003762c   0x0003762c   0x00000044   Code   RO         9711    i.soft_reset_trigger  ser_conn_reset_cmd_decoder.o
    0x00037670   0x00037670   0x00000040   Code   RO        10179    i.softdevice_evt_irq_disable  nrf_sdh.o
    0x000376b0   0x000376b0   0x00000058   Code   RO        10180    i.softdevices_evt_irq_enable  nrf_sdh.o
    0x00037708   0x00037708   0x0000000c   Code   RO         2868    i.sortlist_pop      app_timer2.o
    0x00037714   0x00037714   0x00000058   Code   RO          492    i.strings_create    nrf_dfu_trigger_usb.o
    0x0003776c   0x0003776c   0x00000058   Code   RO         3048    i.sustate_set       app_usbd.o
    0x000377c4   0x000377c4   0x0000003e   Code   RO         9397    i.temp_get_req_dec  nrf_soc_conn.o
    0x00037802   0x00037802   0x00000002   PAD
    0x00037804   0x00037804   0x0000006c   Code   RO         9398    i.temp_get_rsp_enc  nrf_soc_conn.o
    0x00037870   0x00037870   0x00000098   Code   RO         2869    i.timer_expire      app_timer2.o
    0x00037908   0x00037908   0x00000012   Code   RO         9712    i.timer_handler     ser_conn_reset_cmd_decoder.o
    0x0003791a   0x0003791a   0x00000002   PAD
    0x0003791c   0x0003791c   0x00000148   Code   RO          670    i.timer_init        ble_dtm.o
    0x00037a64   0x00037a64   0x00000080   Code   RO         2870    i.timer_req_process  app_timer2.o
    0x00037ae4   0x00037ae4   0x00000038   Code   RO         2871    i.timer_req_schedule  app_timer2.o
    0x00037b1c   0x00037b1c   0x000000b0   Code   RO          671    i.transmit_power_set  ble_dtm.o
    0x00037bcc   0x00037bcc   0x000000f4   Code   RO        10062    i.tx_buf_fill       ser_phy_hci_slip_cdc.o
    0x00037cc0   0x00037cc0   0x00000074   Code   RO        10063    i.tx_buf_put        ser_phy_hci_slip_cdc.o
    0x00037d34   0x00037d34   0x00000020   Code   RO         1781    i.tx_byte           nrfx_uart.o
    0x00037d54   0x00037d54   0x0000001a   Code   RO         1782    i.tx_done_event     nrfx_uart.o
    0x00037d6e   0x00037d6e   0x0000001a   Code   RO         1973    i.tx_done_event     nrfx_uarte.o
    0x00037d88   0x00037d88   0x00000030   Code   RO         1170    i.uart_evt_handler  nrf_drv_uart.o
    0x00037db8   0x00037db8   0x00000098   Code   RO         9352    i.uart_init         dtm_uart.o
    0x00037e50   0x00037e50   0x0000012a   Code   RO         1783    i.uart_irq_handler  nrfx_uart.o
    0x00037f7a   0x00037f7a   0x00000002   PAD
    0x00037f7c   0x00037f7c   0x00000030   Code   RO         1171    i.uarte_evt_handler  nrf_drv_uart.o
    0x00037fac   0x00037fac   0x00000112   Code   RO         1974    i.uarte_irq_handler  nrfx_uarte.o
    0x000380be   0x000380be   0x00000018   Code   RO         8221    i.uint16_dec        ble_serialization.o
    0x000380d6   0x000380d6   0x0000001e   Code   RO         8222    i.uint16_t_dec      ble_serialization.o
    0x000380f4   0x000380f4   0x00000022   Code   RO         8223    i.uint16_t_enc      ble_serialization.o
    0x00038116   0x00038116   0x00000012   Code   RO         8224    i.uint32_encode     ble_serialization.o
    0x00038128   0x00038128   0x0000002e   Code   RO         8225    i.uint32_t_dec      ble_serialization.o
    0x00038156   0x00038156   0x0000002c   Code   RO         8226    i.uint32_t_enc      ble_serialization.o
    0x00038182   0x00038182   0x00000016   Code   RO         8227    i.uint8_dec         ble_serialization.o
    0x00038198   0x00038198   0x0000001a   Code   RO         8228    i.uint8_t_dec       ble_serialization.o
    0x000381b2   0x000381b2   0x0000001a   Code   RO         8229    i.uint8_t_enc       ble_serialization.o
    0x000381cc   0x000381cc   0x0000002c   Code   RO         8230    i.uint8_vector_dec  ble_serialization.o
    0x000381f8   0x000381f8   0x00000032   Code   RO         8231    i.uint8_vector_enc  ble_serialization.o
    0x0003822a   0x0003822a   0x00000002   PAD
    0x0003822c   0x0003822c   0x00000010   Code   RO         3578    i.usb_core_ep0_handler_check  app_usbd_core.o
    0x0003823c   0x0003823c   0x00000028   Code   RO         3579    i.usbd_core_state_set  app_usbd_core.o
    0x00038264   0x00038264   0x000000f2   Code   RO         3580    i.usbd_descriptor_conf_feeder  app_usbd_core.o
    0x00038356   0x00038356   0x00000002   PAD
    0x00038358   0x00038358   0x0000001c   Code   RO         2208    i.usbd_dma_pending_clear  nrfx_usbd.o
    0x00038374   0x00038374   0x00000154   Code   RO         2209    i.usbd_dmareq_process  nrfx_usbd.o
    0x000384c8   0x000384c8   0x000000a4   Code   RO         2210    i.usbd_enable       nrfx_usbd.o
    0x0003856c   0x0003856c   0x00000114   Code   RO         2211    i.usbd_ep_abort     nrfx_usbd.o
    0x00038680   0x00038680   0x0000004c   Code   RO         2212    i.usbd_ep_abort_all  nrfx_usbd.o
    0x000386cc   0x000386cc   0x0000005c   Code   RO         2213    i.usbd_ep_data_handler  nrfx_usbd.o
    0x00038728   0x00038728   0x0000003c   Code   RO         2214    i.usbd_errata_187_211_begin  nrfx_usbd.o
    0x00038764   0x00038764   0x00000038   Code   RO         2215    i.usbd_errata_187_211_end  nrfx_usbd.o
    0x0003879c   0x0003879c   0x00000010   Code   RO         2216    i.usbd_int_rise     nrfx_usbd.o
    0x000387ac   0x000387ac   0x00000050   Code   RO            6    i.usbd_user_evt_handler  main.o
    0x000387fc   0x000387fc   0x00000010   Code   RO         3049    i.user_event_handler  app_usbd.o
    0x0003880c   0x0003880c   0x0000000a   Code   RO         3404    i.user_event_handler  app_usbd_cdc_acm.o
    0x00038816   0x00038816   0x00000002   PAD
    0x00038818   0x00038818   0x00000010   Code   RO         3050    i.user_event_state_proc  app_usbd.o
    0x00038828   0x00038828   0x0000000c   Data   RO            8    .constdata          main.o
    0x00038834   0x00038834   0x00000005   Data   RO          378    .constdata          boards.o
    0x00038839   0x00038839   0x00000003   PAD
    0x0003883c   0x0003883c   0x00000024   Data   RO          495    .constdata          nrf_dfu_trigger_usb.o
    0x00038860   0x00038860   0x0000013c   Data   RO          673    .constdata          ble_dtm.o
    0x0003899c   0x0003899c   0x00000001   Data   RO         1068    .constdata          nrf_drv_power.o
    0x0003899d   0x0003899d   0x00000003   PAD
    0x000389a0   0x000389a0   0x00000004   Data   RO         1786    .constdata          nrfx_uart.o
    0x000389a4   0x000389a4   0x00000004   Data   RO         1977    .constdata          nrfx_uarte.o
    0x000389a8   0x000389a8   0x000000ce   Data   RO         2218    .constdata          nrfx_usbd.o
    0x00038a76   0x00038a76   0x00000002   PAD
    0x00038a78   0x00038a78   0x00000014   Data   RO         2874    .constdata          app_timer2.o
    0x00038a8c   0x00038a8c   0x00000044   Data   RO         3053    .constdata          app_usbd.o
    0x00038ad0   0x00038ad0   0x00000014   Data   RO         3405    .constdata          app_usbd_cdc_acm.o
    0x00038ae4   0x00038ae4   0x00000038   Data   RO         3406    .constdata          app_usbd_cdc_acm.o
    0x00038b1c   0x00038b1c   0x0000002f   Data   RO         3583    .constdata          app_usbd_core.o
    0x00038b4b   0x00038b4b   0x00000001   PAD
    0x00038b4c   0x00038b4c   0x00000014   Data   RO         3584    .constdata          app_usbd_core.o
    0x00038b60   0x00038b60   0x00000010   Data   RO         3585    .constdata          app_usbd_core.o
    0x00038b70   0x00038b70   0x00000014   Data   RO         3712    .constdata          app_usbd_nrf_dfu_trigger.o
    0x00038b84   0x00038b84   0x00000006   Data   RO         3828    .constdata          app_usbd_string_desc.o
    0x00038b8a   0x00038b8a   0x00000015   Data   RO         3829    .constdata          app_usbd_string_desc.o
    0x00038b9f   0x00038b9f   0x00000013   Data   RO         3830    .constdata          app_usbd_string_desc.o
    0x00038bb2   0x00038bb2   0x00000016   Data   RO         3831    .constdata          app_usbd_string_desc.o
    0x00038bc8   0x00038bc8   0x00000007   Data   RO         3832    .constdata          app_usbd_string_desc.o
    0x00038bcf   0x00038bcf   0x0000000c   Data   RO         3834    .constdata          app_usbd_string_desc.o
    0x00038bdb   0x00038bdb   0x00000005   PAD
    0x00038be0   0x00038be0   0x00000006   Data   RO         3996    .constdata          drv_rtc.o
    0x00038be6   0x00038be6   0x00000002   PAD
    0x00038be8   0x00038be8   0x00000290   Data   RO         8696    .constdata          conn_mw.o
    0x00038e78   0x00038e78   0x00000008   Data   RO         9168    .constdata          conn_mw_ble_gatts.o
    0x00038e80   0x00038e80   0x00000020   Data   RO         9353    .constdata          dtm_uart.o
    0x00038ea0   0x00038ea0   0x00000004   Data   RO         9713    .constdata          ser_conn_reset_cmd_decoder.o
    0x00038ea4   0x00038ea4   0x00000024   Data   RO        10066    .constdata          ser_phy_hci_slip_cdc.o
    0x00038ec8   0x00038ec8   0x00000010   Data   RO        10181    .constdata          nrf_sdh.o
    0x00038ed8   0x00038ed8   0x00000028   Data   RO        10182    .constdata          nrf_sdh.o
    0x00038f00   0x00038f00   0x00000010   Data   RO        10183    .constdata          nrf_sdh.o
    0x00038f10   0x00038f10   0x00000010   Data   RO        10184    .constdata          nrf_sdh.o
    0x00038f20   0x00038f20   0x00000020   Data   RO        10289    .constdata          nrf_sdh_ble.o
    0x00038f40   0x00038f40   0x00000010   Data   RO        10290    .constdata          nrf_sdh_ble.o
    0x00038f50   0x00038f50   0x00000010   Data   RO        10337    .constdata          nrf_sdh_soc.o
    0x00038f60   0x00038f60   0x0000000c   Data   RO        10338    .constdata          nrf_sdh_soc.o
    0x00038f6c   0x00038f6c   0x00000020   Data   RO        10752    Region$$Table       anon$$obj.o
    0x00038f8c   0x00038f8c   0x00000014   Data   RO         8609    nrf_balloc          conn_ble_l2cap_sdu_pool.o
    0x00038fa0   0x00038fa0   0x00000028   Data   RO         9903    nrf_queue           ser_phy_hci.o
    0x00038fc8   0x00038fc8   0x00000008   Data   RO         9624    sdh_ble_observers0  ser_conn_handlers.o
    0x00038fd0   0x00038fd0   0x00000008   Data   RO          919    sdh_soc_observers0  nrf_drv_clock.o
    0x00038fd8   0x00038fd8   0x00000008   Data   RO         1070    sdh_soc_observers0  nrf_drv_power.o
    0x00038fe0   0x00038fe0   0x00000008   Data   RO        10292    sdh_stack_observers0  nrf_sdh_ble.o
    0x00038fe8   0x00038fe8   0x00000008   Data   RO        10339    sdh_stack_observers0  nrf_sdh_soc.o
    0x00038ff0   0x00038ff0   0x00000008   Data   RO          920    sdh_state_observers0  nrf_drv_clock.o
    0x00038ff8   0x00038ff8   0x00000008   Data   RO         1071    sdh_state_observers0  nrf_drv_power.o
    0x00039000   0x00039000   0x00000008   Data   RO         9716    sdh_state_observers0  ser_conn_reset_cmd_decoder.o


    Execution Region RW_IRAM1 (Exec base: 0x200198d8, Load base: 0x00039008, Size: 0x0000b678, Max: 0x00026728, ABSOLUTE, COMPRESSED[0x000000c8])

    Exec Addr    Load Addr    Size         Type   Attr      Idx    E Section Name        Object

    0x200198d8   COMPRESSED   0x00000001   Data   RW            9    .data               main.o
    0x200198d9   COMPRESSED   0x0000002d   Data   RW          496    .data               nrf_dfu_trigger_usb.o
    0x20019906   COMPRESSED   0x00000002   PAD
    0x20019908   COMPRESSED   0x0000004c   Data   RW          674    .data               ble_dtm.o
    0x20019954   COMPRESSED   0x00000001   Data   RW         1069    .data               nrf_drv_power.o
    0x20019955   COMPRESSED   0x00000003   PAD
    0x20019958   COMPRESSED   0x00000014   Data   RW         1172    .data               nrf_drv_uart.o
    0x2001996c   COMPRESSED   0x0000000c   Data   RW         1377    .data               nrfx_clock.o
    0x20019978   COMPRESSED   0x00000010   Data   RW         1517    .data               nrfx_power.o
    0x20019988   COMPRESSED   0x00000008   Data   RW         1645    .data               nrfx_prs.o
    0x20019990   COMPRESSED   0x00000010   Data   RW         2219    .data               nrfx_usbd.o
    0x200199a0   COMPRESSED   0x00000014   Data   RW         2795    .data               app_scheduler.o
    0x200199b4   COMPRESSED   0x00000004   PAD
    0x200199b8   COMPRESSED   0x00000020   Data   RW         2875    .data               app_timer2.o
    0x200199d8   COMPRESSED   0x00000004   Data   RW         2876    .data               app_timer2.o
    0x200199dc   COMPRESSED   0x00000024   Data   RW         3054    .data               app_usbd.o
    0x20019a00   COMPRESSED   0x0000000c   Data   RW         3407    .data               app_usbd_cdc_acm.o
    0x20019a0c   COMPRESSED   0x00000010   Data   RW         3586    .data               app_usbd_core.o
    0x20019a1c   COMPRESSED   0x00000004   Data   RW         3713    .data               app_usbd_nrf_dfu_trigger.o
    0x20019a20   COMPRESSED   0x00000018   Data   RW         3835    .data               app_usbd_string_desc.o
    0x20019a38   COMPRESSED   0x0000000c   Data   RW         3997    .data               drv_rtc.o
    0x20019a44   COMPRESSED   0x00000004   Data   RW         8541    .data               conn_ble_gap_sec_keys.o
    0x20019a48   COMPRESSED   0x00000008   Data   RW         8607    .data               conn_ble_l2cap_sdu_pool.o
    0x20019a50   COMPRESSED   0x00000008   Data   RW         8608    .data               conn_ble_l2cap_sdu_pool.o
    0x20019a58   COMPRESSED   0x00000004   Data   RW         8854    .data               conn_mw_ble_gap.o
    0x20019a5c   COMPRESSED   0x00000070   Data   RW         9354    .data               dtm_uart.o
    0x20019acc   COMPRESSED   0x00000007   Data   RW         9523    .data               ser_conn_dtm_cmd_decoder.o
    0x20019ad3   COMPRESSED   0x00000001   PAD
    0x20019ad4   COMPRESSED   0x00000010   Data   RW         9623    .data               ser_conn_handlers.o
    0x20019ae4   COMPRESSED   0x00000004   PAD
    0x20019ae8   COMPRESSED   0x00000020   Data   RW         9714    .data               ser_conn_reset_cmd_decoder.o
    0x20019b08   COMPRESSED   0x00000002   Data   RW         9715    .data               ser_conn_reset_cmd_decoder.o
    0x20019b0a   COMPRESSED   0x00000002   PAD
    0x20019b0c   COMPRESSED   0x00000008   Data   RW         9806    .data               ser_hal_transport.o
    0x20019b14   COMPRESSED   0x00000034   Data   RW         9902    .data               ser_phy_hci.o
    0x20019b48   COMPRESSED   0x00000001   Data   RW        10067    .data               ser_phy_hci_slip_cdc.o
    0x20019b49   COMPRESSED   0x00000003   PAD
    0x20019b4c   COMPRESSED   0x00000030   Data   RW        10068    .data               ser_phy_hci_slip_cdc.o
    0x20019b7c   COMPRESSED   0x00000003   Data   RW        10185    .data               nrf_sdh.o
    0x20019b7f   COMPRESSED   0x00000001   Data   RW        10291    .data               nrf_sdh_ble.o
    0x20019b80   COMPRESSED   0x00000004   Data   RW        10372    .data               system_nrf52.o
    0x20019b84        -       0x00008304   Zero   RW            7    .bss                main.o
    0x20021e88        -       0x00000018   Zero   RW          493    .bss                nrf_dfu_trigger_usb.o
    0x20021ea0        -       0x00000010   Zero   RW          494    .bss                nrf_dfu_trigger_usb.o
    0x20021eb0        -       0x00000204   Zero   RW          672    .bss                ble_dtm.o
    0x200220b4        -       0x00000014   Zero   RW          914    .bss                nrf_drv_clock.o
    0x200220c8        -       0x0000002c   Zero   RW         1784    .bss                nrfx_uart.o
    0x200220f4        -       0x00000024   Zero   RW         1975    .bss                nrfx_uarte.o
    0x20022118        -       0x00000238   Zero   RW         2217    .bss                nrfx_usbd.o
    0x20022350        -       0x00000010   Zero   RW         2872    .bss                app_timer2.o
    0x20022360        -       0x00000058   Zero   RW         2873    .bss                app_timer2.o
    0x200223b8        -       0x00000010   Zero   RW         3051    .bss                app_usbd.o
    0x200223c8        -       0x000001a4   Zero   RW         3052    .bss                app_usbd.o
    0x2002256c        -       0x00000058   Zero   RW         3581    .bss                app_usbd_core.o
    0x200225c4        -       0x0000000c   Zero   RW         3582    .bss                app_usbd_core.o
    0x200225d0        -       0x0000000d   Zero   RW         3782    .bss                app_usbd_serial_num.o
    0x200225dd   COMPRESSED   0x00000003   PAD
    0x200225e0        -       0x0000000c   Zero   RW         3884    .bss                app_util_platform.o
    0x200225ec        -       0x00001180   Zero   RW         8540    .bss                conn_ble_gap_sec_keys.o
    0x2002376c        -       0x00000400   Zero   RW         8606    .bss                conn_ble_l2cap_sdu_pool.o
    0x20023b6c        -       0x00000260   Zero   RW         8654    .bss                conn_ble_user_mem.o
    0x20023dcc        -       0x00000400   Zero   RW         9805    .bss                ser_hal_transport.o
    0x200241cc        -       0x00000110   Zero   RW         9898    .bss                ser_phy_hci.o
    0x200242dc        -       0x0000000c   Zero   RW         9899    .bss                ser_phy_hci.o
    0x200242e8        -       0x00000110   Zero   RW         9900    .bss                ser_phy_hci.o
    0x200243f8        -       0x0000000c   Zero   RW         9901    .bss                ser_phy_hci.o
    0x20024404        -       0x00000088   Zero   RW        10064    .bss                ser_phy_hci_slip_cdc.o
    0x2002448c        -       0x000002c2   Zero   RW        10065    .bss                ser_phy_hci_slip_cdc.o
    0x2002474e   COMPRESSED   0x00000002   PAD
    0x20024750        -       0x00000800   Zero   RW        10421    STACK               arm_startup_nrf52840.o


==============================================================================

Image component sizes


      Code (inc. data)   RO Data    RW Data    ZI Data      Debug   Object Name

        22          0          0          0          0       2561   app_error.o
       420         32          0         20          0      44542   app_scheduler.o
       984         90         20         36        104      16478   app_timer2.o
      2426        200         68         36        436      83107   app_usbd.o
      2774         66         76         12          0      53543   app_usbd_cdc_acm.o
      1722         90         83         16        100      53019   app_usbd_core.o
       780         30         20          4          0      29249   app_usbd_nrf_dfu_trigger.o
        80         18          0          0         13       2132   app_usbd_serial_num.o
       144         12         87         24          0       3788   app_usbd_string_desc.o
       124         14          0          0         12      10742   app_util_platform.o
        36          8        512          0       2048        948   arm_startup_nrf52840.o
      1936        136          0          0          0      36005   ble_conn.o
      3042        270        316         76        516      80077   ble_dtm.o
       100          6          0          0          0       2028   ble_dtm_hw_nrf52.o
       116          0          0          0          0       4026   ble_dtm_init.o
       562         62          0          0          0       4052   ble_event_enc.o
       254          0          0          0          0       4078   ble_evt_conn.o
      5404        196          0          0          0      93115   ble_gap_conn.o
      2822         82          0          0          0      41522   ble_gap_evt_conn.o
      5088        230          0          0          0      82131   ble_gap_struct_serialization.o
       252          0          0          0          0       5354   ble_gatt_struct_serialization.o
      1212         34          0          0          0      23532   ble_gattc_conn.o
      1932         72          0          0          0      17086   ble_gattc_evt_conn.o
      1450         68          0          0          0      26515   ble_gattc_struct_serialization.o
      2708        102          0          0          0      33206   ble_gatts_conn.o
      1016         42          0          0          0      11316   ble_gatts_evt_conn.o
      1548         64          0          0          0      25783   ble_gatts_struct_serialization.o
       986         20          0          0          0      12256   ble_l2cap_conn.o
      1144         10          0          0          0      11453   ble_l2cap_evt_conn.o
       326          0          0          0          0      16855   ble_l2cap_struct_serialization.o
       934          0          0          0          0      56714   ble_serialization.o
       840         10          0          0          0      19084   ble_struct_serialization.o
       338         40          5          0          0      40788   boards.o
       154          0          0          0          0       2986   cond_field_serialization.o
       408         42          0          4       4480       8725   conn_ble_gap_sec_keys.o
        52         16         20         16       1024       3807   conn_ble_l2cap_sdu_pool.o
       220         18          0          0        608       4957   conn_ble_user_mem.o
        60          6        656          0          0       3358   conn_mw.o
       684         18          0          0          0      11762   conn_mw_ble.o
      2442         10          0          4          0      47642   conn_mw_ble_gap.o
       646          0          0          0          0      14346   conn_mw_ble_gattc.o
      1098          4          8          0          0      23399   conn_mw_ble_gatts.o
       320          0          0          0          0       6720   conn_mw_ble_l2cap.o
       122          0          0          0          0       3938   conn_mw_nrf_soc.o
        54          0          0          0          0       1456   crc16.o
       612         14          6         12          0      48897   drv_rtc.o
       360         28         32        112          0       9416   dtm_uart.o
       340         42         12          1      33540     147955   main.o
       326          0          0          0          0       6051   nrf_atfifo.o
       276          0          0          0          0       6136   nrf_atomic.o
       164          0          0          0          0       8112   nrf_balloc.o
       250         34         36         45         40      36488   nrf_dfu_trigger_usb.o
       526         48         16          0         20      48707   nrf_drv_clock.o
       348          8         17          1          0      52835   nrf_drv_power.o
       200         26          0         20          0      17956   nrf_drv_uart.o
       476          0          0          0          0      14889   nrf_queue.o
       632         68         88          3          0      47019   nrf_sdh.o
       116         14         56          1          0       4013   nrf_sdh_ble.o
        60          4         36          0          0       2392   nrf_sdh_soc.o
        78          0          0          0          0       2836   nrf_section_iter.o
       376         16          0          0          0       6309   nrf_soc_conn.o
        84          0          0          0          0       3069   nrf_soc_struct_serialization.o
        84          0          0          0          0       3800   nrf_sortlist.o
       236          0          0          0          0       3588   nrfx_atomic.o
       332         50          0         12          0      47531   nrfx_clock.o
       346         38          0         16          0      17774   nrfx_power.o
       112         16          0          8          0       4484   nrfx_prs.o
      1682         58          4          0         44      34845   nrfx_uart.o
      1616         52          4          0         36      28965   nrfx_uarte.o
      4516        508        206         16        568     149758   nrfx_usbd.o
       136          4          0          0          0       2355   ser_conn_cmd_decoder.o
       160         10          0          7          0       3136   ser_conn_dtm_cmd_decoder.o
        72         14          0          0          0        950   ser_conn_error_handling.o
       144          8          0          0          0       2495   ser_conn_event_encoder.o
       186         36          8         16          0       6279   ser_conn_handlers.o
        76          4          0          0          0       2168   ser_conn_pkt_decoder.o
       190         30         12         34          0       8111   ser_conn_reset_cmd_decoder.o
       808         74          0          8       1024      11458   ser_hal_transport.o
      2046        156         40         52        568     104344   ser_phy_hci.o
      1192         84         36         49        842      36893   ser_phy_hci_slip_cdc.o
       488         60          0          4          0      32459   system_nrf52.o

    ----------------------------------------------------------------------
     69568       3622       2528        684      46028    2044654   Object Totals
         0          0         32          0          0          0   (incl. Generated)
       140          0         16         19          5          0   (incl. Padding)

    ----------------------------------------------------------------------

      Code (inc. data)   RO Data    RW Data    ZI Data      Debug   Library Member Name

        86          0          0          0          0          0   __dczerorl2.o
         0          0          0          0          0          0   entry.o
         0          0          0          0          0          0   entry10a.o
         0          0          0          0          0          0   entry11a.o
         8          4          0          0          0          0   entry2.o
         4          0          0          0          0          0   entry5.o
         0          0          0          0          0          0   entry7b.o
         0          0          0          0          0          0   entry8b.o
         8          4          0          0          0          0   entry9a.o
        30          0          0          0          0          0   handlers.o
        36          8          0          0          0         68   init.o
        30          0          0          0          0         68   llshl.o
        32          0          0          0          0         68   llushr.o
        26          0          0          0          0         80   memcmp.o
        36          0          0          0          0         68   memcpya.o
        36          0          0          0          0        108   memseta.o
      1192         48          0          0          0        420   printf8.o
        14          0          0          0          0         68   strlen.o
        98          0          0          0          0         92   uldiv.o

    ----------------------------------------------------------------------
      1640         64          0          0          0       1040   Library Totals
         4          0          0          0          0          0   (incl. Padding)

    ----------------------------------------------------------------------

      Code (inc. data)   RO Data    RW Data    ZI Data      Debug   Library Name

      1636         64          0          0          0       1040   mc_w.l

    ----------------------------------------------------------------------
      1640         64          0          0          0       1040   Library Totals

    ----------------------------------------------------------------------

==============================================================================


      Code (inc. data)   RO Data    RW Data    ZI Data      Debug   

     71208       3686       2528        684      46028    1951810   Grand Totals
     71208       3686       2528        200      46028    1951810   ELF Image Totals (compressed)
     71208       3686       2528        200          0          0   ROM Totals

==============================================================================

    Total RO  Size (Code + RO Data)                73736 (  72.01kB)
    Total RW  Size (RW Data + ZI Data)             46712 (  45.62kB)
    Total ROM Size (Code + RO Data + RW Data)      73936 (  72.20kB)

==============================================================================

