<!doctype html public "-//w3c//dtd html 4.0 transitional//en">
<html><head>
<title>Static Call Graph - [.\_build\nrf52840_xxaa.axf]</title></head>
<body><HR>
<H1>Static Call Graph for image .\_build\nrf52840_xxaa.axf</H1><HR>
<BR><P>#&#060CALLGRAPH&#062# ARM Linker, 5060750: Last Updated: Sat Sep 21 13:17:16 2024
<BR><P>
<H3>Maximum Stack Usage =       1236 bytes + Unknown(Cycles, Untraceable Function Pointers)</H3><H3>
Call chain for Maximum Stack Depth:</H3>
conn_mw_ble_gatts_characteristic_add &rArr; ble_gatts_characteristic_add_req_dec &rArr; cond_field_dec &rArr; uint8_dec
<P>
<H3>
Mutually Recursive functions
</H3> <LI><a href="#[2]">NMI_Handler</a>&nbsp;&nbsp;&nbsp;&rArr;&nbsp;&nbsp;&nbsp;<a href="#[2]">NMI_Handler</a><BR>
 <LI><a href="#[3]">HardFault_Handler</a>&nbsp;&nbsp;&nbsp;&rArr;&nbsp;&nbsp;&nbsp;<a href="#[3]">HardFault_Handler</a><BR>
 <LI><a href="#[4]">MemoryManagement_Handler</a>&nbsp;&nbsp;&nbsp;&rArr;&nbsp;&nbsp;&nbsp;<a href="#[4]">MemoryManagement_Handler</a><BR>
 <LI><a href="#[5]">BusFault_Handler</a>&nbsp;&nbsp;&nbsp;&rArr;&nbsp;&nbsp;&nbsp;<a href="#[5]">BusFault_Handler</a><BR>
 <LI><a href="#[6]">UsageFault_Handler</a>&nbsp;&nbsp;&nbsp;&rArr;&nbsp;&nbsp;&nbsp;<a href="#[6]">UsageFault_Handler</a><BR>
 <LI><a href="#[7]">SVC_Handler</a>&nbsp;&nbsp;&nbsp;&rArr;&nbsp;&nbsp;&nbsp;<a href="#[7]">SVC_Handler</a><BR>
 <LI><a href="#[8]">DebugMon_Handler</a>&nbsp;&nbsp;&nbsp;&rArr;&nbsp;&nbsp;&nbsp;<a href="#[8]">DebugMon_Handler</a><BR>
 <LI><a href="#[9]">PendSV_Handler</a>&nbsp;&nbsp;&nbsp;&rArr;&nbsp;&nbsp;&nbsp;<a href="#[9]">PendSV_Handler</a><BR>
 <LI><a href="#[a]">SysTick_Handler</a>&nbsp;&nbsp;&nbsp;&rArr;&nbsp;&nbsp;&nbsp;<a href="#[a]">SysTick_Handler</a><BR>
 <LI><a href="#[1a]">CCM_AAR_IRQHandler</a>&nbsp;&nbsp;&nbsp;&rArr;&nbsp;&nbsp;&nbsp;<a href="#[1a]">CCM_AAR_IRQHandler</a><BR>
 <LI><a href="#[161]">__asm___12_nrf_atfifo_c_51f461e1__nrf_atfifo_wspace_close</a>&nbsp;&nbsp;&nbsp;&rArr;&nbsp;&nbsp;&nbsp;<a href="#[161]">__asm___12_nrf_atfifo_c_51f461e1__nrf_atfifo_wspace_close</a><BR>
 <LI><a href="#[162]">__asm___12_nrf_atfifo_c_51f461e1__nrf_atfifo_rspace_close</a>&nbsp;&nbsp;&nbsp;&rArr;&nbsp;&nbsp;&nbsp;<a href="#[162]">__asm___12_nrf_atfifo_c_51f461e1__nrf_atfifo_rspace_close</a><BR>
 <LI><a href="#[1cd]">app_usbd_event_execute</a>&nbsp;&nbsp;&nbsp;&rArr;&nbsp;&nbsp;&nbsp;<a href="#[1cd]">app_usbd_event_execute</a><BR>
</UL>
<P>
<H3>
Function Pointers
</H3><UL>
 <LI><a href="#[5]">BusFault_Handler</a> from arm_startup_nrf52840.o(.text) referenced from arm_startup_nrf52840.o(RESET)
 <LI><a href="#[1a]">CCM_AAR_IRQHandler</a> from arm_startup_nrf52840.o(.text) referenced from arm_startup_nrf52840.o(RESET)
 <LI><a href="#[1e]">COMP_LPCOMP_IRQHandler</a> from arm_startup_nrf52840.o(.text) referenced from arm_startup_nrf52840.o(RESET)
 <LI><a href="#[33]">CRYPTOCELL_IRQHandler</a> from arm_startup_nrf52840.o(.text) referenced from arm_startup_nrf52840.o(RESET)
 <LI><a href="#[8]">DebugMon_Handler</a> from arm_startup_nrf52840.o(.text) referenced from arm_startup_nrf52840.o(RESET)
 <LI><a href="#[19]">ECB_IRQHandler</a> from arm_startup_nrf52840.o(.text) referenced from arm_startup_nrf52840.o(RESET)
 <LI><a href="#[2f]">FPU_IRQHandler</a> from arm_startup_nrf52840.o(.text) referenced from arm_startup_nrf52840.o(RESET)
 <LI><a href="#[11]">GPIOTE_IRQHandler</a> from arm_startup_nrf52840.o(.text) referenced from arm_startup_nrf52840.o(RESET)
 <LI><a href="#[3]">HardFault_Handler</a> from arm_startup_nrf52840.o(.text) referenced from arm_startup_nrf52840.o(RESET)
 <LI><a href="#[2e]">I2S_IRQHandler</a> from arm_startup_nrf52840.o(.text) referenced from arm_startup_nrf52840.o(RESET)
 <LI><a href="#[29]">MWU_IRQHandler</a> from arm_startup_nrf52840.o(.text) referenced from arm_startup_nrf52840.o(RESET)
 <LI><a href="#[4]">MemoryManagement_Handler</a> from arm_startup_nrf52840.o(.text) referenced from arm_startup_nrf52840.o(RESET)
 <LI><a href="#[10]">NFCT_IRQHandler</a> from arm_startup_nrf52840.o(.text) referenced from arm_startup_nrf52840.o(RESET)
 <LI><a href="#[2]">NMI_Handler</a> from arm_startup_nrf52840.o(.text) referenced from arm_startup_nrf52840.o(RESET)
 <LI><a href="#[28]">PDM_IRQHandler</a> from arm_startup_nrf52840.o(.text) referenced from arm_startup_nrf52840.o(RESET)
 <LI><a href="#[b]">POWER_CLOCK_IRQHandler</a> from nrfx_power.o(i.POWER_CLOCK_IRQHandler) referenced from arm_startup_nrf52840.o(RESET)
 <LI><a href="#[27]">PWM0_IRQHandler</a> from arm_startup_nrf52840.o(.text) referenced from arm_startup_nrf52840.o(RESET)
 <LI><a href="#[2a]">PWM1_IRQHandler</a> from arm_startup_nrf52840.o(.text) referenced from arm_startup_nrf52840.o(RESET)
 <LI><a href="#[2b]">PWM2_IRQHandler</a> from arm_startup_nrf52840.o(.text) referenced from arm_startup_nrf52840.o(RESET)
 <LI><a href="#[34]">PWM3_IRQHandler</a> from arm_startup_nrf52840.o(.text) referenced from arm_startup_nrf52840.o(RESET)
 <LI><a href="#[9]">PendSV_Handler</a> from arm_startup_nrf52840.o(.text) referenced from arm_startup_nrf52840.o(RESET)
 <LI><a href="#[1d]">QDEC_IRQHandler</a> from arm_startup_nrf52840.o(.text) referenced from arm_startup_nrf52840.o(RESET)
 <LI><a href="#[32]">QSPI_IRQHandler</a> from arm_startup_nrf52840.o(.text) referenced from arm_startup_nrf52840.o(RESET)
 <LI><a href="#[c]">RADIO_IRQHandler</a> from ble_dtm.o(i.RADIO_IRQHandler) referenced from arm_startup_nrf52840.o(RESET)
 <LI><a href="#[18]">RNG_IRQHandler</a> from arm_startup_nrf52840.o(.text) referenced from arm_startup_nrf52840.o(RESET)
 <LI><a href="#[16]">RTC0_IRQHandler</a> from arm_startup_nrf52840.o(.text) referenced from arm_startup_nrf52840.o(RESET)
 <LI><a href="#[1c]">RTC1_IRQHandler</a> from drv_rtc.o(i.RTC1_IRQHandler) referenced from arm_startup_nrf52840.o(RESET)
 <LI><a href="#[2d]">RTC2_IRQHandler</a> from arm_startup_nrf52840.o(.text) referenced from arm_startup_nrf52840.o(RESET)
 <LI><a href="#[1]">Reset_Handler</a> from arm_startup_nrf52840.o(.text) referenced from arm_startup_nrf52840.o(RESET)
 <LI><a href="#[12]">SAADC_IRQHandler</a> from arm_startup_nrf52840.o(.text) referenced from arm_startup_nrf52840.o(RESET)
 <LI><a href="#[e]">SPIM0_SPIS0_TWIM0_TWIS0_SPI0_TWI0_IRQHandler</a> from arm_startup_nrf52840.o(.text) referenced from arm_startup_nrf52840.o(RESET)
 <LI><a href="#[f]">SPIM1_SPIS1_TWIM1_TWIS1_SPI1_TWI1_IRQHandler</a> from arm_startup_nrf52840.o(.text) referenced from arm_startup_nrf52840.o(RESET)
 <LI><a href="#[2c]">SPIM2_SPIS2_SPI2_IRQHandler</a> from arm_startup_nrf52840.o(.text) referenced from arm_startup_nrf52840.o(RESET)
 <LI><a href="#[35]">SPIM3_IRQHandler</a> from arm_startup_nrf52840.o(.text) referenced from arm_startup_nrf52840.o(RESET)
 <LI><a href="#[7]">SVC_Handler</a> from arm_startup_nrf52840.o(.text) referenced from arm_startup_nrf52840.o(RESET)
 <LI><a href="#[1f]">SWI0_EGU0_IRQHandler</a> from arm_startup_nrf52840.o(.text) referenced from arm_startup_nrf52840.o(RESET)
 <LI><a href="#[20]">SWI1_EGU1_IRQHandler</a> from arm_startup_nrf52840.o(.text) referenced from arm_startup_nrf52840.o(RESET)
 <LI><a href="#[21]">SWI2_EGU2_IRQHandler</a> from nrf_sdh.o(i.SWI2_EGU2_IRQHandler) referenced from arm_startup_nrf52840.o(RESET)
 <LI><a href="#[22]">SWI3_EGU3_IRQHandler</a> from arm_startup_nrf52840.o(.text) referenced from arm_startup_nrf52840.o(RESET)
 <LI><a href="#[23]">SWI4_EGU4_IRQHandler</a> from arm_startup_nrf52840.o(.text) referenced from arm_startup_nrf52840.o(RESET)
 <LI><a href="#[24]">SWI5_EGU5_IRQHandler</a> from arm_startup_nrf52840.o(.text) referenced from arm_startup_nrf52840.o(RESET)
 <LI><a href="#[a]">SysTick_Handler</a> from arm_startup_nrf52840.o(.text) referenced from arm_startup_nrf52840.o(RESET)
 <LI><a href="#[37]">SystemInit</a> from system_nrf52.o(i.SystemInit) referenced from arm_startup_nrf52840.o(.text)
 <LI><a href="#[17]">TEMP_IRQHandler</a> from arm_startup_nrf52840.o(.text) referenced from arm_startup_nrf52840.o(RESET)
 <LI><a href="#[13]">TIMER0_IRQHandler</a> from ble_dtm.o(i.TIMER0_IRQHandler) referenced from arm_startup_nrf52840.o(RESET)
 <LI><a href="#[14]">TIMER1_IRQHandler</a> from ble_dtm.o(i.TIMER1_IRQHandler) referenced from arm_startup_nrf52840.o(RESET)
 <LI><a href="#[15]">TIMER2_IRQHandler</a> from ser_phy_hci.o(i.TIMER2_IRQHandler) referenced from arm_startup_nrf52840.o(RESET)
 <LI><a href="#[25]">TIMER3_IRQHandler</a> from arm_startup_nrf52840.o(.text) referenced from arm_startup_nrf52840.o(RESET)
 <LI><a href="#[26]">TIMER4_IRQHandler</a> from arm_startup_nrf52840.o(.text) referenced from arm_startup_nrf52840.o(RESET)
 <LI><a href="#[d]">UARTE0_UART0_IRQHandler</a> from nrfx_prs.o(i.UARTE0_UART0_IRQHandler) referenced from arm_startup_nrf52840.o(RESET)
 <LI><a href="#[31]">UARTE1_IRQHandler</a> from arm_startup_nrf52840.o(.text) referenced from arm_startup_nrf52840.o(RESET)
 <LI><a href="#[30]">USBD_IRQHandler</a> from nrfx_usbd.o(i.USBD_IRQHandler) referenced from arm_startup_nrf52840.o(RESET)
 <LI><a href="#[6]">UsageFault_Handler</a> from arm_startup_nrf52840.o(.text) referenced from arm_startup_nrf52840.o(RESET)
 <LI><a href="#[1b]">WDT_IRQHandler</a> from arm_startup_nrf52840.o(.text) referenced from arm_startup_nrf52840.o(RESET)
 <LI><a href="#[38]">__main</a> from entry.o(.ARM.Collect$$$$00000000) referenced from arm_startup_nrf52840.o(.text)
 <LI><a href="#[39]">_snputc</a> from printf8.o(i._snputc) referenced from printf8.o(i.__0snprintf$8)
 <LI><a href="#[d0]">app_error_fault_handler</a> from ser_conn_error_handling.o(i.app_error_fault_handler) referenced from nrf_sdh.o(i.nrf_sdh_enable_request)
 <LI><a href="#[102]">app_usbd_core_event_handler</a> from app_usbd_core.o(i.app_usbd_core_event_handler) referenced from app_usbd_core.o(.constdata)
 <LI><a href="#[3b]">app_usbd_event_handler</a> from app_usbd.o(i.app_usbd_event_handler) referenced from app_usbd.o(i.app_usbd_init)
 <LI><a href="#[0]">app_usbd_hfclk_ready</a> from app_usbd.o(i.app_usbd_hfclk_ready) referenced 2 times from app_usbd.o(.data)
 <LI><a href="#[fa]">app_usbd_power_event_handler</a> from app_usbd.o(i.app_usbd_power_event_handler) referenced from app_usbd.o(.constdata)
 <LI><a href="#[41]">ble_common_cfg_vs_uuid_t_dec</a> from ble_struct_serialization.o(i.ble_common_cfg_vs_uuid_t_dec) referenced from ble_conn.o(i.ble_cfg_set_req_dec)
 <LI><a href="#[bf]">ble_common_opt_conn_evt_ext_t_dec</a> from ble_struct_serialization.o(i.ble_common_opt_conn_evt_ext_t_dec) referenced from ble_conn.o(i.ble_opt_set_req_dec)
 <LI><a href="#[b8]">ble_common_opt_conn_evt_ext_t_enc</a> from ble_struct_serialization.o(i.ble_common_opt_conn_evt_ext_t_enc) referenced from ble_conn.o(i.ble_opt_get_rsp_enc)
 <LI><a href="#[be]">ble_common_opt_pa_lna_t_dec</a> from ble_struct_serialization.o(i.ble_common_opt_pa_lna_t_dec) referenced from ble_conn.o(i.ble_opt_set_req_dec)
 <LI><a href="#[b7]">ble_common_opt_pa_lna_t_enc</a> from ble_struct_serialization.o(i.ble_common_opt_pa_lna_t_enc) referenced from ble_conn.o(i.ble_opt_get_rsp_enc)
 <LI><a href="#[49]">ble_data_t_dec</a> from ble_struct_serialization.o(i.ble_data_t_dec) referenced from ble_gap_struct_serialization.o(i.ble_gap_adv_data_t_dec)
 <LI><a href="#[49]">ble_data_t_dec</a> from ble_struct_serialization.o(i.ble_data_t_dec) referenced from ble_gap_conn.o(i.ble_gap_scan_start_req_dec)
 <LI><a href="#[4a]">ble_data_t_enc</a> from ble_struct_serialization.o(i.ble_data_t_enc) referenced from ble_gap_struct_serialization.o(i.ble_gap_adv_data_t_enc)
 <LI><a href="#[4a]">ble_data_t_enc</a> from ble_struct_serialization.o(i.ble_data_t_enc) referenced from ble_gap_struct_serialization.o(i.ble_gap_evt_adv_report_t_enc)
 <LI><a href="#[4a]">ble_data_t_enc</a> from ble_struct_serialization.o(i.ble_data_t_enc) referenced from ble_gap_evt_conn.o(i.ble_gap_evt_timeout_enc)
 <LI><a href="#[48]">ble_gap_addr_t_dec</a> from ble_gap_struct_serialization.o(i.ble_gap_addr_t_dec) referenced from ble_gap_conn.o(i.ble_gap_addr_set_req_dec)
 <LI><a href="#[48]">ble_gap_addr_t_dec</a> from ble_gap_struct_serialization.o(i.ble_gap_addr_t_dec) referenced from ble_gap_struct_serialization.o(i.ble_gap_adv_params_t_dec)
 <LI><a href="#[48]">ble_gap_addr_t_dec</a> from ble_gap_struct_serialization.o(i.ble_gap_addr_t_dec) referenced from ble_gap_conn.o(i.ble_gap_connect_req_dec)
 <LI><a href="#[48]">ble_gap_addr_t_dec</a> from ble_gap_struct_serialization.o(i.ble_gap_addr_t_dec) referenced from ble_gap_struct_serialization.o(i.ble_gap_id_key_t_dec)
 <LI><a href="#[48]">ble_gap_addr_t_dec</a> from ble_gap_struct_serialization.o(i.ble_gap_addr_t_dec) referenced from ble_gap_struct_serialization.o(i.ble_gap_lesc_oob_data_t_dec)
 <LI><a href="#[48]">ble_gap_addr_t_dec</a> from ble_gap_struct_serialization.o(i.ble_gap_addr_t_dec) referenced from ble_gap_conn.o(i.ble_gap_whitelist_set_req_dec)
 <LI><a href="#[62]">ble_gap_addr_t_enc</a> from ble_gap_struct_serialization.o(i.ble_gap_addr_t_enc) referenced from ble_gap_struct_serialization.o(i.ble_gap_evt_adv_report_t_enc)
 <LI><a href="#[62]">ble_gap_addr_t_enc</a> from ble_gap_struct_serialization.o(i.ble_gap_addr_t_enc) referenced from ble_gap_struct_serialization.o(i.ble_gap_evt_connected_t_enc)
 <LI><a href="#[62]">ble_gap_addr_t_enc</a> from ble_gap_struct_serialization.o(i.ble_gap_addr_t_enc) referenced from ble_gap_evt_conn.o(i.ble_gap_evt_scan_req_report_enc)
 <LI><a href="#[62]">ble_gap_addr_t_enc</a> from ble_gap_struct_serialization.o(i.ble_gap_addr_t_enc) referenced from ble_gap_struct_serialization.o(i.ble_gap_evt_sec_info_request_t_enc)
 <LI><a href="#[62]">ble_gap_addr_t_enc</a> from ble_gap_struct_serialization.o(i.ble_gap_addr_t_enc) referenced from ble_gap_struct_serialization.o(i.ble_gap_id_key_t_enc)
 <LI><a href="#[62]">ble_gap_addr_t_enc</a> from ble_gap_struct_serialization.o(i.ble_gap_addr_t_enc) referenced from ble_gap_struct_serialization.o(i.ble_gap_lesc_oob_data_t_enc)
 <LI><a href="#[4d]">ble_gap_adv_data_t_dec</a> from ble_gap_struct_serialization.o(i.ble_gap_adv_data_t_dec) referenced from ble_gap_conn.o(i.ble_gap_adv_set_configure_req_dec)
 <LI><a href="#[65]">ble_gap_adv_data_t_enc</a> from ble_gap_struct_serialization.o(i.ble_gap_adv_data_t_enc) referenced from ble_gap_struct_serialization.o(i.ble_gap_evt_adv_set_terminated_t_enc)
 <LI><a href="#[65]">ble_gap_adv_data_t_enc</a> from ble_gap_struct_serialization.o(i.ble_gap_adv_data_t_enc) referenced from ble_gap_struct_serialization.o(i.ble_gap_evt_connected_t_enc)
 <LI><a href="#[4e]">ble_gap_adv_params_t_dec</a> from ble_gap_struct_serialization.o(i.ble_gap_adv_params_t_dec) referenced from ble_gap_conn.o(i.ble_gap_adv_set_configure_req_dec)
 <LI><a href="#[4b]">ble_gap_adv_properties_t_dec</a> from ble_gap_struct_serialization.o(i.ble_gap_adv_properties_t_dec) referenced from ble_gap_struct_serialization.o(i.ble_gap_adv_params_t_dec)
 <LI><a href="#[61]">ble_gap_adv_report_type_t_enc</a> from ble_gap_struct_serialization.o(i.ble_gap_adv_report_type_t_enc) referenced from ble_gap_struct_serialization.o(i.ble_gap_evt_adv_report_t_enc)
 <LI><a href="#[63]">ble_gap_aux_pointer_t_enc</a> from ble_gap_struct_serialization.o(i.ble_gap_aux_pointer_t_enc) referenced from ble_gap_struct_serialization.o(i.ble_gap_evt_adv_report_t_enc)
 <LI><a href="#[43]">ble_gap_cfg_device_name_t_dec</a> from ble_gap_struct_serialization.o(i.ble_gap_cfg_device_name_t_dec) referenced from ble_conn.o(i.ble_cfg_set_req_dec)
 <LI><a href="#[42]">ble_gap_cfg_role_count_t_dec</a> from ble_gap_struct_serialization.o(i.ble_gap_cfg_role_count_t_dec) referenced from ble_conn.o(i.ble_cfg_set_req_dec)
 <LI><a href="#[3c]">ble_gap_conn_cfg_t_dec</a> from ble_gap_struct_serialization.o(i.ble_gap_conn_cfg_t_dec) referenced from ble_conn.o(i.ble_cfg_set_req_dec)
 <LI><a href="#[53]">ble_gap_conn_params_t_dec</a> from ble_gap_struct_serialization.o(i.ble_gap_conn_params_t_dec) referenced from ble_gap_conn.o(i.ble_gap_conn_param_update_req_dec)
 <LI><a href="#[53]">ble_gap_conn_params_t_dec</a> from ble_gap_struct_serialization.o(i.ble_gap_conn_params_t_dec) referenced from ble_gap_conn.o(i.ble_gap_connect_req_dec)
 <LI><a href="#[53]">ble_gap_conn_params_t_dec</a> from ble_gap_struct_serialization.o(i.ble_gap_conn_params_t_dec) referenced from ble_gap_conn.o(i.ble_gap_ppcp_set_req_dec)
 <LI><a href="#[6c]">ble_gap_conn_params_t_enc</a> from ble_gap_struct_serialization.o(i.ble_gap_conn_params_t_enc) referenced from ble_gap_struct_serialization.o(i.ble_gap_evt_conn_param_update_request_t_enc)
 <LI><a href="#[6c]">ble_gap_conn_params_t_enc</a> from ble_gap_struct_serialization.o(i.ble_gap_conn_params_t_enc) referenced from ble_gap_struct_serialization.o(i.ble_gap_evt_conn_param_update_t_enc)
 <LI><a href="#[6c]">ble_gap_conn_params_t_enc</a> from ble_gap_struct_serialization.o(i.ble_gap_conn_params_t_enc) referenced from ble_gap_struct_serialization.o(i.ble_gap_evt_connected_t_enc)
 <LI><a href="#[6c]">ble_gap_conn_params_t_enc</a> from ble_gap_struct_serialization.o(i.ble_gap_conn_params_t_enc) referenced from ble_gap_conn.o(i.ble_gap_ppcp_get_rsp_enc)
 <LI><a href="#[52]">ble_gap_conn_sec_mode_t_dec</a> from ble_gap_struct_serialization.o(i.ble_gap_conn_sec_mode_t_dec) referenced from ble_gap_struct_serialization.o(i.ble_gap_cfg_device_name_t_dec)
 <LI><a href="#[52]">ble_gap_conn_sec_mode_t_dec</a> from ble_gap_struct_serialization.o(i.ble_gap_conn_sec_mode_t_dec) referenced from ble_gap_conn.o(i.ble_gap_device_name_set_req_dec)
 <LI><a href="#[52]">ble_gap_conn_sec_mode_t_dec</a> from ble_gap_struct_serialization.o(i.ble_gap_conn_sec_mode_t_dec) referenced from ble_gatts_struct_serialization.o(i.ble_gatts_attr_md_t_dec)
 <LI><a href="#[55]">ble_gap_conn_sec_mode_t_enc</a> from ble_gap_struct_serialization.o(i.ble_gap_conn_sec_mode_t_enc) referenced from ble_gap_struct_serialization.o(i.ble_gap_conn_sec_t_enc)
 <LI><a href="#[55]">ble_gap_conn_sec_mode_t_enc</a> from ble_gap_struct_serialization.o(i.ble_gap_conn_sec_mode_t_enc) referenced from ble_gatts_struct_serialization.o(i.ble_gatts_attr_md_t_enc)
 <LI><a href="#[54]">ble_gap_conn_sec_t_enc</a> from ble_gap_struct_serialization.o(i.ble_gap_conn_sec_t_enc) referenced from ble_gap_conn.o(i.ble_gap_conn_sec_get_rsp_enc)
 <LI><a href="#[54]">ble_gap_conn_sec_t_enc</a> from ble_gap_struct_serialization.o(i.ble_gap_conn_sec_t_enc) referenced from ble_gap_struct_serialization.o(i.ble_gap_evt_conn_sec_update_t_enc)
 <LI><a href="#[58]">ble_gap_data_length_limitation_t_enc</a> from ble_gap_struct_serialization.o(i.ble_gap_data_length_limitation_t_enc) referenced from ble_gap_conn.o(i.ble_gap_data_length_update_rsp_enc)
 <LI><a href="#[57]">ble_gap_data_length_params_t_dec</a> from ble_gap_struct_serialization.o(i.ble_gap_data_length_params_t_dec) referenced from ble_gap_conn.o(i.ble_gap_data_length_update_req_dec)
 <LI><a href="#[6f]">ble_gap_data_length_params_t_enc</a> from ble_gap_struct_serialization.o(i.ble_gap_data_length_params_t_enc) referenced from ble_gap_evt_conn.o(i.ble_gap_evt_data_length_update_enc)
 <LI><a href="#[6f]">ble_gap_data_length_params_t_enc</a> from ble_gap_struct_serialization.o(i.ble_gap_data_length_params_t_enc) referenced from ble_gap_evt_conn.o(i.ble_gap_evt_data_length_update_request_enc)
 <LI><a href="#[5c]">ble_gap_enc_info_t_dec</a> from ble_gap_struct_serialization.o(i.ble_gap_enc_info_t_dec) referenced from ble_gap_struct_serialization.o(i.ble_gap_enc_key_t_dec)
 <LI><a href="#[5c]">ble_gap_enc_info_t_dec</a> from ble_gap_struct_serialization.o(i.ble_gap_enc_info_t_dec) referenced from ble_gap_conn.o(i.ble_gap_encrypt_req_dec)
 <LI><a href="#[5c]">ble_gap_enc_info_t_dec</a> from ble_gap_struct_serialization.o(i.ble_gap_enc_info_t_dec) referenced from ble_gap_conn.o(i.ble_gap_sec_info_reply_req_dec)
 <LI><a href="#[5e]">ble_gap_enc_info_t_enc</a> from ble_gap_struct_serialization.o(i.ble_gap_enc_info_t_enc) referenced from ble_gap_struct_serialization.o(i.ble_gap_enc_key_t_enc)
 <LI><a href="#[80]">ble_gap_enc_key_t_dec</a> from ble_gap_struct_serialization.o(i.ble_gap_enc_key_t_dec) referenced from ble_gap_struct_serialization.o(i.ble_gap_sec_keys_t_dec)
 <LI><a href="#[81]">ble_gap_enc_key_t_enc</a> from ble_gap_struct_serialization.o(i.ble_gap_enc_key_t_enc) referenced from ble_gap_struct_serialization.o(i.ble_gap_sec_keys_t_enc)
 <LI><a href="#[60]">ble_gap_evt_adv_report_t_enc</a> from ble_gap_struct_serialization.o(i.ble_gap_evt_adv_report_t_enc) referenced from ble_gap_evt_conn.o(i.ble_gap_evt_adv_report_enc)
 <LI><a href="#[64]">ble_gap_evt_adv_set_terminated_t_enc</a> from ble_gap_struct_serialization.o(i.ble_gap_evt_adv_set_terminated_t_enc) referenced from ble_gap_evt_conn.o(i.ble_gap_evt_adv_set_terminated_enc)
 <LI><a href="#[66]">ble_gap_evt_auth_status_t_enc</a> from ble_gap_struct_serialization.o(i.ble_gap_evt_auth_status_t_enc) referenced from ble_gap_evt_conn.o(i.ble_gap_evt_auth_status_enc)
 <LI><a href="#[6b]">ble_gap_evt_conn_param_update_request_t_enc</a> from ble_gap_struct_serialization.o(i.ble_gap_evt_conn_param_update_request_t_enc) referenced from ble_gap_evt_conn.o(i.ble_gap_evt_conn_param_update_request_enc)
 <LI><a href="#[6a]">ble_gap_evt_conn_param_update_t_enc</a> from ble_gap_struct_serialization.o(i.ble_gap_evt_conn_param_update_t_enc) referenced from ble_gap_evt_conn.o(i.ble_gap_evt_conn_param_update_enc)
 <LI><a href="#[6d]">ble_gap_evt_conn_sec_update_t_enc</a> from ble_gap_struct_serialization.o(i.ble_gap_evt_conn_sec_update_t_enc) referenced from ble_gap_evt_conn.o(i.ble_gap_evt_conn_sec_update_enc)
 <LI><a href="#[6e]">ble_gap_evt_connected_t_enc</a> from ble_gap_struct_serialization.o(i.ble_gap_evt_connected_t_enc) referenced from ble_gap_evt_conn.o(i.ble_gap_evt_connected_enc)
 <LI><a href="#[70]">ble_gap_evt_disconnected_t_enc</a> from ble_gap_struct_serialization.o(i.ble_gap_evt_disconnected_t_enc) referenced from ble_gap_evt_conn.o(i.ble_gap_evt_disconnected_enc)
 <LI><a href="#[73]">ble_gap_evt_sec_info_request_t_enc</a> from ble_gap_struct_serialization.o(i.ble_gap_evt_sec_info_request_t_enc) referenced from ble_gap_evt_conn.o(i.ble_gap_evt_sec_info_request_enc)
 <LI><a href="#[74]">ble_gap_evt_sec_params_request_t_enc</a> from ble_gap_struct_serialization.o(i.ble_gap_evt_sec_params_request_t_enc) referenced from ble_gap_evt_conn.o(i.ble_gap_evt_sec_params_request_enc)
 <LI><a href="#[76]">ble_gap_evt_sec_request_t_enc</a> from ble_gap_struct_serialization.o(i.ble_gap_evt_sec_request_t_enc) referenced from ble_gap_evt_conn.o(i.ble_gap_evt_sec_request_enc)
 <LI><a href="#[59]">ble_gap_id_key_t_dec</a> from ble_gap_struct_serialization.o(i.ble_gap_id_key_t_dec) referenced from ble_gap_conn.o(i.ble_gap_device_identities_set_req_dec)
 <LI><a href="#[59]">ble_gap_id_key_t_dec</a> from ble_gap_struct_serialization.o(i.ble_gap_id_key_t_dec) referenced from ble_gap_struct_serialization.o(i.ble_gap_sec_keys_t_dec)
 <LI><a href="#[82]">ble_gap_id_key_t_enc</a> from ble_gap_struct_serialization.o(i.ble_gap_id_key_t_enc) referenced from ble_gap_struct_serialization.o(i.ble_gap_sec_keys_t_enc)
 <LI><a href="#[5a]">ble_gap_irk_t_dec</a> from ble_gap_struct_serialization.o(i.ble_gap_irk_t_dec) referenced from ble_gap_conn.o(i.ble_gap_device_identities_set_req_dec)
 <LI><a href="#[5a]">ble_gap_irk_t_dec</a> from ble_gap_struct_serialization.o(i.ble_gap_irk_t_dec) referenced from ble_gap_struct_serialization.o(i.ble_gap_id_key_t_dec)
 <LI><a href="#[5a]">ble_gap_irk_t_dec</a> from ble_gap_struct_serialization.o(i.ble_gap_irk_t_dec) referenced from ble_gap_struct_serialization.o(i.ble_gap_privacy_params_t_dec)
 <LI><a href="#[5a]">ble_gap_irk_t_dec</a> from ble_gap_struct_serialization.o(i.ble_gap_irk_t_dec) referenced from ble_gap_conn.o(i.ble_gap_sec_info_reply_req_dec)
 <LI><a href="#[77]">ble_gap_irk_t_enc</a> from ble_gap_struct_serialization.o(i.ble_gap_irk_t_enc) referenced from ble_gap_struct_serialization.o(i.ble_gap_id_key_t_enc)
 <LI><a href="#[77]">ble_gap_irk_t_enc</a> from ble_gap_struct_serialization.o(i.ble_gap_irk_t_enc) referenced from ble_gap_struct_serialization.o(i.ble_gap_privacy_params_t_enc)
 <LI><a href="#[78]">ble_gap_lesc_dhkey_t_dec</a> from ble_gap_struct_serialization.o(i.ble_gap_lesc_dhkey_t_dec) referenced from ble_gap_conn.o(i.ble_gap_lesc_dhkey_reply_req_dec)
 <LI><a href="#[7b]">ble_gap_lesc_oob_data_t_dec</a> from ble_gap_struct_serialization.o(i.ble_gap_lesc_oob_data_t_dec) referenced from ble_gap_conn.o(i.ble_gap_lesc_oob_data_set_req_dec)
 <LI><a href="#[7a]">ble_gap_lesc_oob_data_t_enc</a> from ble_gap_struct_serialization.o(i.ble_gap_lesc_oob_data_t_enc) referenced from ble_gap_conn.o(i.ble_gap_lesc_oob_data_get_rsp_enc)
 <LI><a href="#[79]">ble_gap_lesc_p256_pk_t_dec</a> from ble_gap_struct_serialization.o(i.ble_gap_lesc_p256_pk_t_dec) referenced from ble_gap_conn.o(i.ble_gap_lesc_oob_data_get_req_dec)
 <LI><a href="#[79]">ble_gap_lesc_p256_pk_t_dec</a> from ble_gap_struct_serialization.o(i.ble_gap_lesc_p256_pk_t_dec) referenced from ble_gap_struct_serialization.o(i.ble_gap_sec_keys_t_dec)
 <LI><a href="#[71]">ble_gap_lesc_p256_pk_t_enc</a> from ble_gap_struct_serialization.o(i.ble_gap_lesc_p256_pk_t_enc) referenced from ble_gap_evt_conn.o(i.ble_gap_evt_lesc_dhkey_request_enc)
 <LI><a href="#[71]">ble_gap_lesc_p256_pk_t_enc</a> from ble_gap_struct_serialization.o(i.ble_gap_lesc_p256_pk_t_enc) referenced from ble_gap_struct_serialization.o(i.ble_gap_sec_keys_t_enc)
 <LI><a href="#[5d]">ble_gap_master_id_t_dec</a> from ble_gap_struct_serialization.o(i.ble_gap_master_id_t_dec) referenced from ble_gap_struct_serialization.o(i.ble_gap_enc_key_t_dec)
 <LI><a href="#[5d]">ble_gap_master_id_t_dec</a> from ble_gap_struct_serialization.o(i.ble_gap_master_id_t_dec) referenced from ble_gap_conn.o(i.ble_gap_encrypt_req_dec)
 <LI><a href="#[5f]">ble_gap_master_id_t_enc</a> from ble_gap_struct_serialization.o(i.ble_gap_master_id_t_enc) referenced from ble_gap_struct_serialization.o(i.ble_gap_enc_key_t_enc)
 <LI><a href="#[5f]">ble_gap_master_id_t_enc</a> from ble_gap_struct_serialization.o(i.ble_gap_master_id_t_enc) referenced from ble_gap_struct_serialization.o(i.ble_gap_evt_sec_info_request_t_enc)
 <LI><a href="#[c3]">ble_gap_opt_auth_payload_timeout_t_dec</a> from ble_gap_struct_serialization.o(i.ble_gap_opt_auth_payload_timeout_t_dec) referenced from ble_conn.o(i.ble_opt_set_req_dec)
 <LI><a href="#[bc]">ble_gap_opt_auth_payload_timeout_t_enc</a> from ble_gap_struct_serialization.o(i.ble_gap_opt_auth_payload_timeout_t_enc) referenced from ble_conn.o(i.ble_opt_get_rsp_enc)
 <LI><a href="#[c0]">ble_gap_opt_ch_map_t_dec</a> from ble_gap_struct_serialization.o(i.ble_gap_opt_ch_map_t_dec) referenced from ble_conn.o(i.ble_opt_set_req_dec)
 <LI><a href="#[b9]">ble_gap_opt_ch_map_t_enc</a> from ble_gap_struct_serialization.o(i.ble_gap_opt_ch_map_t_enc) referenced from ble_conn.o(i.ble_opt_get_rsp_enc)
 <LI><a href="#[c4]">ble_gap_opt_compat_mode_1_t_dec</a> from ble_gap_struct_serialization.o(i.ble_gap_opt_compat_mode_1_t_dec) referenced from ble_conn.o(i.ble_opt_set_req_dec)
 <LI><a href="#[bd]">ble_gap_opt_compat_mode_1_t_enc</a> from ble_gap_struct_serialization.o(i.ble_gap_opt_compat_mode_1_t_enc) referenced from ble_conn.o(i.ble_opt_get_rsp_enc)
 <LI><a href="#[c1]">ble_gap_opt_local_conn_latency_t_dec</a> from ble_gap_struct_serialization.o(i.ble_gap_opt_local_conn_latency_t_dec) referenced from ble_conn.o(i.ble_opt_set_req_dec)
 <LI><a href="#[ba]">ble_gap_opt_local_conn_latency_t_enc</a> from ble_gap_struct_serialization.o(i.ble_gap_opt_local_conn_latency_t_enc) referenced from ble_conn.o(i.ble_opt_get_rsp_enc)
 <LI><a href="#[c2]">ble_gap_opt_passkey_t_dec</a> from ble_gap_struct_serialization.o(i.ble_gap_opt_passkey_t_dec) referenced from ble_conn.o(i.ble_opt_set_req_dec)
 <LI><a href="#[bb]">ble_gap_opt_passkey_t_enc</a> from ble_gap_struct_serialization.o(i.ble_gap_opt_passkey_t_enc) referenced from ble_conn.o(i.ble_opt_get_rsp_enc)
 <LI><a href="#[c5]">ble_gap_opt_slave_latency_disable_t_dec</a> from ble_gap_struct_serialization.o(i.ble_gap_opt_slave_latency_disable_t_dec) referenced from ble_conn.o(i.ble_opt_set_req_dec)
 <LI><a href="#[7c]">ble_gap_phys_t_dec</a> from ble_gap_struct_serialization.o(i.ble_gap_phys_t_dec) referenced from ble_gap_conn.o(i.ble_gap_phy_update_req_dec)
 <LI><a href="#[72]">ble_gap_phys_t_enc</a> from ble_gap_struct_serialization.o(i.ble_gap_phys_t_enc) referenced from ble_gap_evt_conn.o(i.ble_gap_evt_phy_update_request_enc)
 <LI><a href="#[7d]">ble_gap_privacy_params_t_dec</a> from ble_gap_struct_serialization.o(i.ble_gap_privacy_params_t_dec) referenced from ble_gap_conn.o(i.ble_gap_privacy_get_req_dec)
 <LI><a href="#[7d]">ble_gap_privacy_params_t_dec</a> from ble_gap_struct_serialization.o(i.ble_gap_privacy_params_t_dec) referenced from ble_gap_conn.o(i.ble_gap_privacy_set_req_dec)
 <LI><a href="#[7e]">ble_gap_privacy_params_t_enc</a> from ble_gap_struct_serialization.o(i.ble_gap_privacy_params_t_enc) referenced from ble_gap_conn.o(i.ble_gap_privacy_get_rsp_enc)
 <LI><a href="#[56]">ble_gap_scan_params_t_dec</a> from ble_gap_struct_serialization.o(i.ble_gap_scan_params_t_dec) referenced from ble_gap_conn.o(i.ble_gap_connect_req_dec)
 <LI><a href="#[56]">ble_gap_scan_params_t_dec</a> from ble_gap_struct_serialization.o(i.ble_gap_scan_params_t_dec) referenced from ble_gap_conn.o(i.ble_gap_scan_start_req_dec)
 <LI><a href="#[87]">ble_gap_sec_kdist_t_dec</a> from ble_gap_struct_serialization.o(i.ble_gap_sec_kdist_t_dec) referenced from ble_gap_struct_serialization.o(i.ble_gap_sec_params_t_dec)
 <LI><a href="#[69]">ble_gap_sec_kdist_t_enc</a> from ble_gap_struct_serialization.o(i.ble_gap_sec_kdist_t_enc) referenced from ble_gap_struct_serialization.o(i.ble_gap_evt_auth_status_t_enc)
 <LI><a href="#[69]">ble_gap_sec_kdist_t_enc</a> from ble_gap_struct_serialization.o(i.ble_gap_sec_kdist_t_enc) referenced from ble_gap_struct_serialization.o(i.ble_gap_sec_params_t_enc)
 <LI><a href="#[84]">ble_gap_sec_keys_t_dec</a> from ble_gap_struct_serialization.o(i.ble_gap_sec_keys_t_dec) referenced from ble_gap_struct_serialization.o(i.ble_gap_sec_keyset_t_dec)
 <LI><a href="#[85]">ble_gap_sec_keys_t_enc</a> from ble_gap_struct_serialization.o(i.ble_gap_sec_keys_t_enc) referenced from ble_gap_struct_serialization.o(i.ble_gap_sec_keyset_t_enc)
 <LI><a href="#[86]">ble_gap_sec_keyset_t_dec</a> from ble_gap_struct_serialization.o(i.ble_gap_sec_keyset_t_dec) referenced from ble_gap_conn.o(i.ble_gap_sec_params_reply_req_dec)
 <LI><a href="#[67]">ble_gap_sec_keyset_t_enc</a> from ble_gap_struct_serialization.o(i.ble_gap_sec_keyset_t_enc) referenced from ble_gap_evt_conn.o(i.ble_gap_evt_auth_status_enc)
 <LI><a href="#[67]">ble_gap_sec_keyset_t_enc</a> from ble_gap_struct_serialization.o(i.ble_gap_sec_keyset_t_enc) referenced from ble_gap_conn.o(i.ble_gap_sec_params_reply_rsp_enc)
 <LI><a href="#[68]">ble_gap_sec_levels_t_enc</a> from ble_gap_struct_serialization.o(i.ble_gap_sec_levels_t_enc) referenced from ble_gap_struct_serialization.o(i.ble_gap_evt_auth_status_t_enc)
 <LI><a href="#[51]">ble_gap_sec_params_t_dec</a> from ble_gap_struct_serialization.o(i.ble_gap_sec_params_t_dec) referenced from ble_gap_conn.o(i.ble_gap_authenticate_req_dec)
 <LI><a href="#[51]">ble_gap_sec_params_t_dec</a> from ble_gap_struct_serialization.o(i.ble_gap_sec_params_t_dec) referenced from ble_gap_conn.o(i.ble_gap_sec_params_reply_req_dec)
 <LI><a href="#[75]">ble_gap_sec_params_t_enc</a> from ble_gap_struct_serialization.o(i.ble_gap_sec_params_t_enc) referenced from ble_gap_struct_serialization.o(i.ble_gap_evt_sec_params_request_t_enc)
 <LI><a href="#[7f]">ble_gap_sign_info_t_dec</a> from ble_gap_struct_serialization.o(i.ble_gap_sign_info_t_dec) referenced from ble_gap_conn.o(i.ble_gap_sec_info_reply_req_dec)
 <LI><a href="#[7f]">ble_gap_sign_info_t_dec</a> from ble_gap_struct_serialization.o(i.ble_gap_sign_info_t_dec) referenced from ble_gap_struct_serialization.o(i.ble_gap_sec_keys_t_dec)
 <LI><a href="#[83]">ble_gap_sign_info_t_enc</a> from ble_gap_struct_serialization.o(i.ble_gap_sign_info_t_enc) referenced from ble_gap_struct_serialization.o(i.ble_gap_sec_keys_t_enc)
 <LI><a href="#[a4]">ble_gatt_char_ext_props_t_dec</a> from ble_gatt_struct_serialization.o(i.ble_gatt_char_ext_props_t_dec) referenced from ble_gatts_struct_serialization.o(i.ble_gatts_char_md_t_dec)
 <LI><a href="#[a3]">ble_gatt_char_props_t_dec</a> from ble_gatt_struct_serialization.o(i.ble_gatt_char_props_t_dec) referenced from ble_gatts_struct_serialization.o(i.ble_gatts_char_md_t_dec)
 <LI><a href="#[8b]">ble_gatt_char_props_t_enc</a> from ble_gatt_struct_serialization.o(i.ble_gatt_char_props_t_enc) referenced from ble_gattc_struct_serialization.o(i.ble_gattc_char_t_enc)
 <LI><a href="#[3f]">ble_gatt_conn_cfg_t_dec</a> from ble_gatt_struct_serialization.o(i.ble_gatt_conn_cfg_t_dec) referenced from ble_conn.o(i.ble_cfg_set_req_dec)
 <LI><a href="#[8e]">ble_gattc_attr_info128_t_enc</a> from ble_gattc_struct_serialization.o(i.ble_gattc_attr_info128_t_enc) referenced from ble_gattc_struct_serialization.o(i.ble_gattc_evt_attr_info_disc_rsp_t_enc)
 <LI><a href="#[8f]">ble_gattc_attr_info16_t_enc</a> from ble_gattc_struct_serialization.o(i.ble_gattc_attr_info16_t_enc) referenced from ble_gattc_struct_serialization.o(i.ble_gattc_evt_attr_info_disc_rsp_t_enc)
 <LI><a href="#[91]">ble_gattc_char_t_enc</a> from ble_gattc_struct_serialization.o(i.ble_gattc_char_t_enc) referenced from ble_gattc_struct_serialization.o(i.ble_gattc_evt_char_disc_rsp_t_enc)
 <LI><a href="#[3d]">ble_gattc_conn_cfg_t_dec</a> from ble_gattc_struct_serialization.o(i.ble_gattc_conn_cfg_t_dec) referenced from ble_conn.o(i.ble_cfg_set_req_dec)
 <LI><a href="#[95]">ble_gattc_desc_t_enc</a> from ble_gattc_struct_serialization.o(i.ble_gattc_desc_t_enc) referenced from ble_gattc_struct_serialization.o(i.ble_gattc_evt_desc_disc_rsp_t_enc)
 <LI><a href="#[8d]">ble_gattc_evt_attr_info_disc_rsp_t_enc</a> from ble_gattc_struct_serialization.o(i.ble_gattc_evt_attr_info_disc_rsp_t_enc) referenced from ble_gattc_evt_conn.o(i.ble_gattc_evt_attr_info_disc_rsp_enc)
 <LI><a href="#[90]">ble_gattc_evt_char_disc_rsp_t_enc</a> from ble_gattc_struct_serialization.o(i.ble_gattc_evt_char_disc_rsp_t_enc) referenced from ble_gattc_evt_conn.o(i.ble_gattc_evt_char_disc_rsp_enc)
 <LI><a href="#[92]">ble_gattc_evt_char_val_by_uuid_read_rsp_t_enc</a> from ble_gattc_struct_serialization.o(i.ble_gattc_evt_char_val_by_uuid_read_rsp_t_enc) referenced from ble_gattc_evt_conn.o(i.ble_gattc_evt_char_val_by_uuid_read_rsp_enc)
 <LI><a href="#[93]">ble_gattc_evt_char_vals_read_rsp_t_enc</a> from ble_gattc_struct_serialization.o(i.ble_gattc_evt_char_vals_read_rsp_t_enc) referenced from ble_gattc_evt_conn.o(i.ble_gattc_evt_char_vals_read_rsp_enc)
 <LI><a href="#[94]">ble_gattc_evt_desc_disc_rsp_t_enc</a> from ble_gattc_struct_serialization.o(i.ble_gattc_evt_desc_disc_rsp_t_enc) referenced from ble_gattc_evt_conn.o(i.ble_gattc_evt_desc_disc_rsp_enc)
 <LI><a href="#[96]">ble_gattc_evt_exchange_mtu_rsp_t_enc</a> from ble_gattc_struct_serialization.o(i.ble_gattc_evt_exchange_mtu_rsp_t_enc) referenced from ble_gattc_evt_conn.o(i.ble_gattc_evt_exchange_mtu_rsp_enc)
 <LI><a href="#[97]">ble_gattc_evt_hvx_t_enc</a> from ble_gattc_struct_serialization.o(i.ble_gattc_evt_hvx_t_enc) referenced from ble_gattc_evt_conn.o(i.ble_gattc_evt_hvx_enc)
 <LI><a href="#[98]">ble_gattc_evt_prim_srvc_disc_rsp_t_enc</a> from ble_gattc_struct_serialization.o(i.ble_gattc_evt_prim_srvc_disc_rsp_t_enc) referenced from ble_gattc_evt_conn.o(i.ble_gattc_evt_prim_srvc_disc_rsp_enc)
 <LI><a href="#[9a]">ble_gattc_evt_read_rsp_t_enc</a> from ble_gattc_struct_serialization.o(i.ble_gattc_evt_read_rsp_t_enc) referenced from ble_gattc_evt_conn.o(i.ble_gattc_evt_read_rsp_enc)
 <LI><a href="#[9b]">ble_gattc_evt_rel_disc_rsp_t_enc</a> from ble_gattc_struct_serialization.o(i.ble_gattc_evt_rel_disc_rsp_t_enc) referenced from ble_gattc_evt_conn.o(i.ble_gattc_evt_rel_disc_rsp_enc)
 <LI><a href="#[9d]">ble_gattc_evt_timeout_t_enc</a> from ble_gattc_struct_serialization.o(i.ble_gattc_evt_timeout_t_enc) referenced from ble_gattc_evt_conn.o(i.ble_gattc_evt_timeout_enc)
 <LI><a href="#[9e]">ble_gattc_evt_write_rsp_t_enc</a> from ble_gattc_struct_serialization.o(i.ble_gattc_evt_write_rsp_t_enc) referenced from ble_gattc_evt_conn.o(i.ble_gattc_evt_write_rsp_enc)
 <LI><a href="#[8a]">ble_gattc_handle_range_t_dec</a> from ble_gattc_struct_serialization.o(i.ble_gattc_handle_range_t_dec) referenced from ble_gattc_conn.o(i.ble_gattc_attr_info_discover_req_dec)
 <LI><a href="#[8a]">ble_gattc_handle_range_t_dec</a> from ble_gattc_struct_serialization.o(i.ble_gattc_handle_range_t_dec) referenced from ble_gattc_conn.o(i.ble_gattc_char_value_by_uuid_read_req_dec)
 <LI><a href="#[8a]">ble_gattc_handle_range_t_dec</a> from ble_gattc_struct_serialization.o(i.ble_gattc_handle_range_t_dec) referenced from ble_gattc_conn.o(i.ble_gattc_characteristics_discover_req_dec)
 <LI><a href="#[8a]">ble_gattc_handle_range_t_dec</a> from ble_gattc_struct_serialization.o(i.ble_gattc_handle_range_t_dec) referenced from ble_gattc_conn.o(i.ble_gattc_descriptors_discover_req_dec)
 <LI><a href="#[8a]">ble_gattc_handle_range_t_dec</a> from ble_gattc_struct_serialization.o(i.ble_gattc_handle_range_t_dec) referenced from ble_gattc_conn.o(i.ble_gattc_relationships_discover_req_dec)
 <LI><a href="#[9f]">ble_gattc_handle_range_t_enc</a> from ble_gattc_struct_serialization.o(i.ble_gattc_handle_range_t_enc) referenced from ble_gattc_struct_serialization.o(i.ble_gattc_service_t_enc)
 <LI><a href="#[9c]">ble_gattc_include_t_enc</a> from ble_gattc_struct_serialization.o(i.ble_gattc_include_t_enc) referenced from ble_gattc_struct_serialization.o(i.ble_gattc_evt_rel_disc_rsp_t_enc)
 <LI><a href="#[99]">ble_gattc_service_t_enc</a> from ble_gattc_struct_serialization.o(i.ble_gattc_service_t_enc) referenced from ble_gattc_struct_serialization.o(i.ble_gattc_evt_prim_srvc_disc_rsp_t_enc)
 <LI><a href="#[99]">ble_gattc_service_t_enc</a> from ble_gattc_struct_serialization.o(i.ble_gattc_service_t_enc) referenced from ble_gattc_struct_serialization.o(i.ble_gattc_include_t_enc)
 <LI><a href="#[a0]">ble_gattc_write_params_t_dec</a> from ble_gattc_struct_serialization.o(i.ble_gattc_write_params_t_dec) referenced from ble_gattc_conn.o(i.ble_gattc_write_req_dec)
 <LI><a href="#[a2]">ble_gatts_attr_md_t_dec</a> from ble_gatts_struct_serialization.o(i.ble_gatts_attr_md_t_dec) referenced from ble_gatts_struct_serialization.o(i.ble_gatts_attr_t_dec)
 <LI><a href="#[a2]">ble_gatts_attr_md_t_dec</a> from ble_gatts_struct_serialization.o(i.ble_gatts_attr_md_t_dec) referenced from ble_gatts_struct_serialization.o(i.ble_gatts_char_md_t_dec)
 <LI><a href="#[a1]">ble_gatts_attr_md_t_enc</a> from ble_gatts_struct_serialization.o(i.ble_gatts_attr_md_t_enc) referenced from ble_gatts_conn.o(i.ble_gatts_attr_get_rsp_enc)
 <LI><a href="#[a7]">ble_gatts_attr_t_dec</a> from ble_gatts_struct_serialization.o(i.ble_gatts_attr_t_dec) referenced from ble_gatts_conn.o(i.ble_gatts_characteristic_add_req_dec)
 <LI><a href="#[a7]">ble_gatts_attr_t_dec</a> from ble_gatts_struct_serialization.o(i.ble_gatts_attr_t_dec) referenced from ble_gatts_conn.o(i.ble_gatts_descriptor_add_req_dec)
 <LI><a href="#[b1]">ble_gatts_authorize_params_t_dec</a> from ble_gatts_struct_serialization.o(i.ble_gatts_authorize_params_t_dec) referenced from ble_gatts_struct_serialization.o(i.ble_gatts_rw_authorize_reply_params_t_dec)
 <LI><a href="#[45]">ble_gatts_cfg_attr_tab_size_t_dec</a> from ble_gatts_struct_serialization.o(i.ble_gatts_cfg_attr_tab_size_t_dec) referenced from ble_conn.o(i.ble_cfg_set_req_dec)
 <LI><a href="#[44]">ble_gatts_cfg_service_changed_t_dec</a> from ble_gatts_struct_serialization.o(i.ble_gatts_cfg_service_changed_t_dec) referenced from ble_conn.o(i.ble_cfg_set_req_dec)
 <LI><a href="#[a8]">ble_gatts_char_handles_t_enc</a> from ble_gatts_struct_serialization.o(i.ble_gatts_char_handles_t_enc) referenced from ble_gatts_conn.o(i.ble_gatts_characteristic_add_rsp_enc)
 <LI><a href="#[a6]">ble_gatts_char_md_t_dec</a> from ble_gatts_struct_serialization.o(i.ble_gatts_char_md_t_dec) referenced from ble_gatts_conn.o(i.ble_gatts_characteristic_add_req_dec)
 <LI><a href="#[a5]">ble_gatts_char_pf_t_dec</a> from ble_gatts_struct_serialization.o(i.ble_gatts_char_pf_t_dec) referenced from ble_gatts_struct_serialization.o(i.ble_gatts_char_md_t_dec)
 <LI><a href="#[3e]">ble_gatts_conn_cfg_t_dec</a> from ble_gatts_struct_serialization.o(i.ble_gatts_conn_cfg_t_dec) referenced from ble_conn.o(i.ble_cfg_set_req_dec)
 <LI><a href="#[a9]">ble_gatts_evt_exchange_mtu_request_t_enc</a> from ble_gatts_struct_serialization.o(i.ble_gatts_evt_exchange_mtu_request_t_enc) referenced from ble_gatts_evt_conn.o(i.ble_gatts_evt_exchange_mtu_request_enc)
 <LI><a href="#[aa]">ble_gatts_evt_hvc_t_enc</a> from ble_gatts_struct_serialization.o(i.ble_gatts_evt_hvc_t_enc) referenced from ble_gatts_evt_conn.o(i.ble_gatts_evt_hvc_enc)
 <LI><a href="#[ac]">ble_gatts_evt_read_t_enc</a> from ble_gatts_struct_serialization.o(i.ble_gatts_evt_read_t_enc) referenced from ble_gatts_struct_serialization.o(i.ble_gatts_evt_rw_authorize_request_t_enc)
 <LI><a href="#[ab]">ble_gatts_evt_rw_authorize_request_t_enc</a> from ble_gatts_struct_serialization.o(i.ble_gatts_evt_rw_authorize_request_t_enc) referenced from ble_gatts_evt_conn.o(i.ble_gatts_evt_rw_authorize_request_enc)
 <LI><a href="#[ae]">ble_gatts_evt_sys_attr_missing_t_enc</a> from ble_gatts_struct_serialization.o(i.ble_gatts_evt_sys_attr_missing_t_enc) referenced from ble_gatts_evt_conn.o(i.ble_gatts_evt_sys_attr_missing_enc)
 <LI><a href="#[af]">ble_gatts_evt_timeout_t_enc</a> from ble_gatts_struct_serialization.o(i.ble_gatts_evt_timeout_t_enc) referenced from ble_gatts_evt_conn.o(i.ble_gatts_evt_timeout_enc)
 <LI><a href="#[ad]">ble_gatts_evt_write_t_enc</a> from ble_gatts_struct_serialization.o(i.ble_gatts_evt_write_t_enc) referenced from ble_gatts_struct_serialization.o(i.ble_gatts_evt_rw_authorize_request_t_enc)
 <LI><a href="#[ad]">ble_gatts_evt_write_t_enc</a> from ble_gatts_struct_serialization.o(i.ble_gatts_evt_write_t_enc) referenced from ble_gatts_evt_conn.o(i.ble_gatts_evt_write_enc)
 <LI><a href="#[b0]">ble_gatts_hvx_params_t_dec</a> from ble_gatts_struct_serialization.o(i.ble_gatts_hvx_params_t_dec) referenced from ble_gatts_conn.o(i.ble_gatts_hvx_req_dec)
 <LI><a href="#[b2]">ble_gatts_rw_authorize_reply_params_t_dec</a> from ble_gatts_struct_serialization.o(i.ble_gatts_rw_authorize_reply_params_t_dec) referenced from ble_gatts_conn.o(i.ble_gatts_rw_authorize_reply_req_dec)
 <LI><a href="#[b4]">ble_gatts_value_t_dec</a> from ble_gatts_struct_serialization.o(i.ble_gatts_value_t_dec) referenced from ble_gatts_conn.o(i.ble_gatts_value_set_req_dec)
 <LI><a href="#[b3]">ble_gatts_value_t_enc</a> from ble_gatts_struct_serialization.o(i.ble_gatts_value_t_enc) referenced from ble_gatts_conn.o(i.ble_gatts_value_get_rsp_enc)
 <LI><a href="#[b3]">ble_gatts_value_t_enc</a> from ble_gatts_struct_serialization.o(i.ble_gatts_value_t_enc) referenced from ble_gatts_conn.o(i.ble_gatts_value_set_rsp_enc)
 <LI><a href="#[b5]">ble_l2cap_ch_setup_params_t_dec</a> from ble_l2cap_struct_serialization.o(i.ble_l2cap_ch_setup_params_t_dec) referenced from ble_l2cap_conn.o(i.ble_l2cap_ch_setup_req_dec)
 <LI><a href="#[b6]">ble_l2cap_ch_tx_params_t_enc</a> from ble_l2cap_struct_serialization.o(i.ble_l2cap_ch_tx_params_t_enc) referenced from ble_l2cap_evt_conn.o(i.ble_l2cap_evt_ch_setup_enc)
 <LI><a href="#[b6]">ble_l2cap_ch_tx_params_t_enc</a> from ble_l2cap_struct_serialization.o(i.ble_l2cap_ch_tx_params_t_enc) referenced from ble_l2cap_evt_conn.o(i.ble_l2cap_evt_ch_setup_request_enc)
 <LI><a href="#[40]">ble_l2cap_conn_cfg_t_dec</a> from ble_l2cap_struct_serialization.o(i.ble_l2cap_conn_cfg_t_dec) referenced from ble_conn.o(i.ble_cfg_set_req_dec)
 <LI><a href="#[46]">ble_pa_lna_cfg_t_dec</a> from ble_struct_serialization.o(i.ble_pa_lna_cfg_t_dec) referenced from ble_struct_serialization.o(i.ble_common_opt_pa_lna_t_dec)
 <LI><a href="#[47]">ble_pa_lna_cfg_t_enc</a> from ble_struct_serialization.o(i.ble_pa_lna_cfg_t_enc) referenced from ble_struct_serialization.o(i.ble_common_opt_pa_lna_t_enc)
 <LI><a href="#[c6]">ble_user_mem_block_t_dec</a> from ble_struct_serialization.o(i.ble_user_mem_block_t_dec) referenced from ble_conn.o(i.ble_user_mem_reply_req_dec)
 <LI><a href="#[c7]">ble_uuid128_t_dec</a> from ble_struct_serialization.o(i.ble_uuid128_t_dec) referenced from ble_conn.o(i.ble_uuid_vs_add_req_dec)
 <LI><a href="#[88]">ble_uuid128_t_enc</a> from ble_struct_serialization.o(i.ble_uuid128_t_enc) referenced from ble_gattc_struct_serialization.o(i.ble_gattc_attr_info128_t_enc)
 <LI><a href="#[8c]">ble_uuid_t_dec</a> from ble_struct_serialization.o(i.ble_uuid_t_dec) referenced from ble_gattc_conn.o(i.ble_gattc_char_value_by_uuid_read_req_dec)
 <LI><a href="#[8c]">ble_uuid_t_dec</a> from ble_struct_serialization.o(i.ble_uuid_t_dec) referenced from ble_gattc_conn.o(i.ble_gattc_primary_services_discover_req_dec)
 <LI><a href="#[8c]">ble_uuid_t_dec</a> from ble_struct_serialization.o(i.ble_uuid_t_dec) referenced from ble_gatts_struct_serialization.o(i.ble_gatts_attr_t_dec)
 <LI><a href="#[8c]">ble_uuid_t_dec</a> from ble_struct_serialization.o(i.ble_uuid_t_dec) referenced from ble_gatts_conn.o(i.ble_gatts_service_add_req_dec)
 <LI><a href="#[8c]">ble_uuid_t_dec</a> from ble_struct_serialization.o(i.ble_uuid_t_dec) referenced from ble_conn.o(i.ble_uuid_encode_req_dec)
 <LI><a href="#[89]">ble_uuid_t_enc</a> from ble_struct_serialization.o(i.ble_uuid_t_enc) referenced from ble_gattc_struct_serialization.o(i.ble_gattc_attr_info16_t_enc)
 <LI><a href="#[89]">ble_uuid_t_enc</a> from ble_struct_serialization.o(i.ble_uuid_t_enc) referenced from ble_gattc_struct_serialization.o(i.ble_gattc_char_t_enc)
 <LI><a href="#[89]">ble_uuid_t_enc</a> from ble_struct_serialization.o(i.ble_uuid_t_enc) referenced from ble_gattc_struct_serialization.o(i.ble_gattc_desc_t_enc)
 <LI><a href="#[89]">ble_uuid_t_enc</a> from ble_struct_serialization.o(i.ble_uuid_t_enc) referenced from ble_gattc_struct_serialization.o(i.ble_gattc_service_t_enc)
 <LI><a href="#[89]">ble_uuid_t_enc</a> from ble_struct_serialization.o(i.ble_uuid_t_enc) referenced from ble_gatts_conn.o(i.ble_gatts_attr_get_rsp_enc)
 <LI><a href="#[89]">ble_uuid_t_enc</a> from ble_struct_serialization.o(i.ble_uuid_t_enc) referenced from ble_gatts_struct_serialization.o(i.ble_gatts_evt_read_t_enc)
 <LI><a href="#[89]">ble_uuid_t_enc</a> from ble_struct_serialization.o(i.ble_uuid_t_enc) referenced from ble_gatts_struct_serialization.o(i.ble_gatts_evt_write_t_enc)
 <LI><a href="#[89]">ble_uuid_t_enc</a> from ble_struct_serialization.o(i.ble_uuid_t_enc) referenced from ble_conn.o(i.ble_uuid_decode_rsp_enc)
 <LI><a href="#[c8]">ble_version_t_enc</a> from ble_struct_serialization.o(i.ble_version_t_enc) referenced from ble_conn.o(i.ble_version_get_rsp_enc)
 <LI><a href="#[fe]">cdc_acm_consumer</a> from app_usbd_cdc_acm.o(i.cdc_acm_consumer) referenced 2 times from app_usbd_cdc_acm.o(.constdata)
 <LI><a href="#[fb]">cdc_acm_event_handler</a> from app_usbd_cdc_acm.o(i.cdc_acm_event_handler) referenced from app_usbd_cdc_acm.o(.constdata)
 <LI><a href="#[fc]">cdc_acm_feed_descriptors</a> from app_usbd_cdc_acm.o(i.cdc_acm_feed_descriptors) referenced from app_usbd_cdc_acm.o(.constdata)
 <LI><a href="#[fd]">cdc_acm_req_out_data_cb</a> from app_usbd_cdc_acm.o(i.cdc_acm_req_out_data_cb) referenced from app_usbd_cdc_acm.o(.constdata)
 <LI><a href="#[ff]">cdc_acm_single_shoot_consumer</a> from app_usbd_cdc_acm.o(i.cdc_acm_single_shoot_consumer) referenced from app_usbd_cdc_acm.o(.constdata)
 <LI><a href="#[156]">cdc_acm_user_ev_handler</a> from ser_phy_hci_slip_cdc.o(i.cdc_acm_user_ev_handler) referenced from ser_phy_hci_slip_cdc.o(.constdata)
 <LI><a href="#[cd]">clock_irq_handler</a> from nrf_drv_clock.o(i.clock_irq_handler) referenced from nrf_drv_clock.o(i.nrf_drv_clock_init)
 <LI><a href="#[f9]">compare_func</a> from app_timer2.o(i.compare_func) referenced from app_timer2.o(.constdata)
 <LI><a href="#[110]">conn_mw_ble_cfg_set</a> from conn_mw_ble.o(i.conn_mw_ble_cfg_set) referenced from conn_mw.o(.constdata)
 <LI><a href="#[10e]">conn_mw_ble_enable</a> from conn_mw_ble.o(i.conn_mw_ble_enable) referenced from conn_mw.o(.constdata)
 <LI><a href="#[117]">conn_mw_ble_gap_addr_get</a> from conn_mw_ble_gap.o(i.conn_mw_ble_gap_addr_get) referenced from conn_mw.o(.constdata)
 <LI><a href="#[116]">conn_mw_ble_gap_addr_set</a> from conn_mw_ble_gap.o(i.conn_mw_ble_gap_addr_set) referenced from conn_mw.o(.constdata)
 <LI><a href="#[13a]">conn_mw_ble_gap_adv_set_configure</a> from conn_mw_ble_gap.o(i.conn_mw_ble_gap_adv_set_configure) referenced from conn_mw.o(.constdata)
 <LI><a href="#[122]">conn_mw_ble_gap_adv_start</a> from conn_mw_ble_gap.o(i.conn_mw_ble_gap_adv_start) referenced from conn_mw.o(.constdata)
 <LI><a href="#[123]">conn_mw_ble_gap_adv_stop</a> from conn_mw_ble_gap.o(i.conn_mw_ble_gap_adv_stop) referenced from conn_mw.o(.constdata)
 <LI><a href="#[128]">conn_mw_ble_gap_appearance_get</a> from conn_mw_ble_gap.o(i.conn_mw_ble_gap_appearance_get) referenced from conn_mw.o(.constdata)
 <LI><a href="#[127]">conn_mw_ble_gap_appearance_set</a> from conn_mw_ble_gap.o(i.conn_mw_ble_gap_appearance_set) referenced from conn_mw.o(.constdata)
 <LI><a href="#[12f]">conn_mw_ble_gap_auth_key_reply</a> from conn_mw_ble_gap.o(i.conn_mw_ble_gap_auth_key_reply) referenced from conn_mw.o(.constdata)
 <LI><a href="#[12d]">conn_mw_ble_gap_authenticate</a> from conn_mw_ble_gap.o(i.conn_mw_ble_gap_authenticate) referenced from conn_mw.o(.constdata)
 <LI><a href="#[124]">conn_mw_ble_gap_conn_param_update</a> from conn_mw_ble_gap.o(i.conn_mw_ble_gap_conn_param_update) referenced from conn_mw.o(.constdata)
 <LI><a href="#[130]">conn_mw_ble_gap_conn_sec_get</a> from conn_mw_ble_gap.o(i.conn_mw_ble_gap_conn_sec_get) referenced from conn_mw.o(.constdata)
 <LI><a href="#[11e]">conn_mw_ble_gap_connect</a> from conn_mw_ble_gap.o(i.conn_mw_ble_gap_connect) referenced from conn_mw.o(.constdata)
 <LI><a href="#[11f]">conn_mw_ble_gap_connect_cancel</a> from conn_mw_ble_gap.o(i.conn_mw_ble_gap_connect_cancel) referenced from conn_mw.o(.constdata)
 <LI><a href="#[139]">conn_mw_ble_gap_data_length_update</a> from conn_mw_ble_gap.o(i.conn_mw_ble_gap_data_length_update) referenced from conn_mw.o(.constdata)
 <LI><a href="#[11b]">conn_mw_ble_gap_device_identities_set</a> from conn_mw_ble_gap.o(i.conn_mw_ble_gap_device_identities_set) referenced from conn_mw.o(.constdata)
 <LI><a href="#[12c]">conn_mw_ble_gap_device_name_get</a> from conn_mw_ble_gap.o(i.conn_mw_ble_gap_device_name_get) referenced from conn_mw.o(.constdata)
 <LI><a href="#[12b]">conn_mw_ble_gap_device_name_set</a> from conn_mw_ble_gap.o(i.conn_mw_ble_gap_device_name_set) referenced from conn_mw.o(.constdata)
 <LI><a href="#[125]">conn_mw_ble_gap_disconnect</a> from conn_mw_ble_gap.o(i.conn_mw_ble_gap_disconnect) referenced from conn_mw.o(.constdata)
 <LI><a href="#[120]">conn_mw_ble_gap_encrypt</a> from conn_mw_ble_gap.o(i.conn_mw_ble_gap_encrypt) referenced from conn_mw.o(.constdata)
 <LI><a href="#[133]">conn_mw_ble_gap_keypress_notify</a> from conn_mw_ble_gap.o(i.conn_mw_ble_gap_keypress_notify) referenced from conn_mw.o(.constdata)
 <LI><a href="#[134]">conn_mw_ble_gap_lesc_dhkey_reply</a> from conn_mw_ble_gap.o(i.conn_mw_ble_gap_lesc_dhkey_reply) referenced from conn_mw.o(.constdata)
 <LI><a href="#[136]">conn_mw_ble_gap_lesc_oob_data_get</a> from conn_mw_ble_gap.o(i.conn_mw_ble_gap_lesc_oob_data_get) referenced from conn_mw.o(.constdata)
 <LI><a href="#[135]">conn_mw_ble_gap_lesc_oob_data_set</a> from conn_mw_ble_gap.o(i.conn_mw_ble_gap_lesc_oob_data_set) referenced from conn_mw.o(.constdata)
 <LI><a href="#[138]">conn_mw_ble_gap_phy_update</a> from conn_mw_ble_gap.o(i.conn_mw_ble_gap_phy_update) referenced from conn_mw.o(.constdata)
 <LI><a href="#[12a]">conn_mw_ble_gap_ppcp_get</a> from conn_mw_ble_gap.o(i.conn_mw_ble_gap_ppcp_get) referenced from conn_mw.o(.constdata)
 <LI><a href="#[129]">conn_mw_ble_gap_ppcp_set</a> from conn_mw_ble_gap.o(i.conn_mw_ble_gap_ppcp_set) referenced from conn_mw.o(.constdata)
 <LI><a href="#[119]">conn_mw_ble_gap_privacy_get</a> from conn_mw_ble_gap.o(i.conn_mw_ble_gap_privacy_get) referenced from conn_mw.o(.constdata)
 <LI><a href="#[118]">conn_mw_ble_gap_privacy_set</a> from conn_mw_ble_gap.o(i.conn_mw_ble_gap_privacy_set) referenced from conn_mw.o(.constdata)
 <LI><a href="#[13b]">conn_mw_ble_gap_qos_channel_survey_start</a> from conn_mw_ble_gap.o(i.conn_mw_ble_gap_qos_channel_survey_start) referenced from conn_mw.o(.constdata)
 <LI><a href="#[13c]">conn_mw_ble_gap_qos_channel_survey_stop</a> from conn_mw_ble_gap.o(i.conn_mw_ble_gap_qos_channel_survey_stop) referenced from conn_mw.o(.constdata)
 <LI><a href="#[137]">conn_mw_ble_gap_rssi_get</a> from conn_mw_ble_gap.o(i.conn_mw_ble_gap_rssi_get) referenced from conn_mw.o(.constdata)
 <LI><a href="#[131]">conn_mw_ble_gap_rssi_start</a> from conn_mw_ble_gap.o(i.conn_mw_ble_gap_rssi_start) referenced from conn_mw.o(.constdata)
 <LI><a href="#[132]">conn_mw_ble_gap_rssi_stop</a> from conn_mw_ble_gap.o(i.conn_mw_ble_gap_rssi_stop) referenced from conn_mw.o(.constdata)
 <LI><a href="#[11c]">conn_mw_ble_gap_scan_start</a> from conn_mw_ble_gap.o(i.conn_mw_ble_gap_scan_start) referenced from conn_mw.o(.constdata)
 <LI><a href="#[11d]">conn_mw_ble_gap_scan_stop</a> from conn_mw_ble_gap.o(i.conn_mw_ble_gap_scan_stop) referenced from conn_mw.o(.constdata)
 <LI><a href="#[121]">conn_mw_ble_gap_sec_info_reply</a> from conn_mw_ble_gap.o(i.conn_mw_ble_gap_sec_info_reply) referenced 2 times from conn_mw.o(.constdata)
 <LI><a href="#[12e]">conn_mw_ble_gap_sec_params_reply</a> from conn_mw_ble_gap.o(i.conn_mw_ble_gap_sec_params_reply) referenced from conn_mw.o(.constdata)
 <LI><a href="#[126]">conn_mw_ble_gap_tx_power_set</a> from conn_mw_ble_gap.o(i.conn_mw_ble_gap_tx_power_set) referenced from conn_mw.o(.constdata)
 <LI><a href="#[11a]">conn_mw_ble_gap_whitelist_set</a> from conn_mw_ble_gap.o(i.conn_mw_ble_gap_whitelist_set) referenced from conn_mw.o(.constdata)
 <LI><a href="#[146]">conn_mw_ble_gattc_attr_info_discover</a> from conn_mw_ble_gattc.o(i.conn_mw_ble_gattc_attr_info_discover) referenced from conn_mw.o(.constdata)
 <LI><a href="#[141]">conn_mw_ble_gattc_char_value_by_uuid_read</a> from conn_mw_ble_gattc.o(i.conn_mw_ble_gattc_char_value_by_uuid_read) referenced from conn_mw.o(.constdata)
 <LI><a href="#[143]">conn_mw_ble_gattc_char_values_read</a> from conn_mw_ble_gattc.o(i.conn_mw_ble_gattc_char_values_read) referenced from conn_mw.o(.constdata)
 <LI><a href="#[13f]">conn_mw_ble_gattc_characteristics_discover</a> from conn_mw_ble_gattc.o(i.conn_mw_ble_gattc_characteristics_discover) referenced from conn_mw.o(.constdata)
 <LI><a href="#[140]">conn_mw_ble_gattc_descriptors_discover</a> from conn_mw_ble_gattc.o(i.conn_mw_ble_gattc_descriptors_discover) referenced from conn_mw.o(.constdata)
 <LI><a href="#[147]">conn_mw_ble_gattc_exchange_mtu_request</a> from conn_mw_ble_gattc.o(i.conn_mw_ble_gattc_exchange_mtu_request) referenced from conn_mw.o(.constdata)
 <LI><a href="#[145]">conn_mw_ble_gattc_hv_confirm</a> from conn_mw_ble_gattc.o(i.conn_mw_ble_gattc_hv_confirm) referenced from conn_mw.o(.constdata)
 <LI><a href="#[13d]">conn_mw_ble_gattc_primary_services_discover</a> from conn_mw_ble_gattc.o(i.conn_mw_ble_gattc_primary_services_discover) referenced from conn_mw.o(.constdata)
 <LI><a href="#[142]">conn_mw_ble_gattc_read</a> from conn_mw_ble_gattc.o(i.conn_mw_ble_gattc_read) referenced from conn_mw.o(.constdata)
 <LI><a href="#[13e]">conn_mw_ble_gattc_relationships_discover</a> from conn_mw_ble_gattc.o(i.conn_mw_ble_gattc_relationships_discover) referenced from conn_mw.o(.constdata)
 <LI><a href="#[144]">conn_mw_ble_gattc_write</a> from conn_mw_ble_gattc.o(i.conn_mw_ble_gattc_write) referenced from conn_mw.o(.constdata)
 <LI><a href="#[154]">conn_mw_ble_gatts_attr_get</a> from conn_mw_ble_gatts.o(i.conn_mw_ble_gatts_attr_get) referenced from conn_mw.o(.constdata)
 <LI><a href="#[14a]">conn_mw_ble_gatts_characteristic_add</a> from conn_mw_ble_gatts.o(i.conn_mw_ble_gatts_characteristic_add) referenced from conn_mw.o(.constdata)
 <LI><a href="#[14b]">conn_mw_ble_gatts_descriptor_add</a> from conn_mw_ble_gatts.o(i.conn_mw_ble_gatts_descriptor_add) referenced from conn_mw.o(.constdata)
 <LI><a href="#[155]">conn_mw_ble_gatts_exchange_mtu_reply</a> from conn_mw_ble_gatts.o(i.conn_mw_ble_gatts_exchange_mtu_reply) referenced from conn_mw.o(.constdata)
 <LI><a href="#[14e]">conn_mw_ble_gatts_hvx</a> from conn_mw_ble_gatts.o(i.conn_mw_ble_gatts_hvx) referenced from conn_mw.o(.constdata)
 <LI><a href="#[149]">conn_mw_ble_gatts_include_add</a> from conn_mw_ble_gatts.o(i.conn_mw_ble_gatts_include_add) referenced from conn_mw.o(.constdata)
 <LI><a href="#[153]">conn_mw_ble_gatts_initial_user_handle_get</a> from conn_mw_ble_gatts.o(i.conn_mw_ble_gatts_initial_user_handle_get) referenced from conn_mw.o(.constdata)
 <LI><a href="#[150]">conn_mw_ble_gatts_rw_authorize_reply</a> from conn_mw_ble_gatts.o(i.conn_mw_ble_gatts_rw_authorize_reply) referenced from conn_mw.o(.constdata)
 <LI><a href="#[148]">conn_mw_ble_gatts_service_add</a> from conn_mw_ble_gatts.o(i.conn_mw_ble_gatts_service_add) referenced from conn_mw.o(.constdata)
 <LI><a href="#[14f]">conn_mw_ble_gatts_service_changed</a> from conn_mw_ble_gatts.o(i.conn_mw_ble_gatts_service_changed) referenced from conn_mw.o(.constdata)
 <LI><a href="#[152]">conn_mw_ble_gatts_sys_attr_get</a> from conn_mw_ble_gatts.o(i.conn_mw_ble_gatts_sys_attr_get) referenced from conn_mw.o(.constdata)
 <LI><a href="#[151]">conn_mw_ble_gatts_sys_attr_set</a> from conn_mw_ble_gatts.o(i.conn_mw_ble_gatts_sys_attr_set) referenced from conn_mw.o(.constdata)
 <LI><a href="#[14d]">conn_mw_ble_gatts_value_get</a> from conn_mw_ble_gatts.o(i.conn_mw_ble_gatts_value_get) referenced from conn_mw.o(.constdata)
 <LI><a href="#[14c]">conn_mw_ble_gatts_value_set</a> from conn_mw_ble_gatts.o(i.conn_mw_ble_gatts_value_set) referenced from conn_mw.o(.constdata)
 <LI><a href="#[10c]">conn_mw_ble_opt_get</a> from conn_mw_ble.o(i.conn_mw_ble_opt_get) referenced from conn_mw.o(.constdata)
 <LI><a href="#[10d]">conn_mw_ble_opt_set</a> from conn_mw_ble.o(i.conn_mw_ble_opt_set) referenced from conn_mw.o(.constdata)
 <LI><a href="#[10f]">conn_mw_ble_user_mem_reply</a> from conn_mw_ble.o(i.conn_mw_ble_user_mem_reply) referenced from conn_mw.o(.constdata)
 <LI><a href="#[109]">conn_mw_ble_uuid_decode</a> from conn_mw_ble.o(i.conn_mw_ble_uuid_decode) referenced from conn_mw.o(.constdata)
 <LI><a href="#[10a]">conn_mw_ble_uuid_encode</a> from conn_mw_ble.o(i.conn_mw_ble_uuid_encode) referenced from conn_mw.o(.constdata)
 <LI><a href="#[108]">conn_mw_ble_uuid_vs_add</a> from conn_mw_ble.o(i.conn_mw_ble_uuid_vs_add) referenced from conn_mw.o(.constdata)
 <LI><a href="#[10b]">conn_mw_ble_version_get</a> from conn_mw_ble.o(i.conn_mw_ble_version_get) referenced from conn_mw.o(.constdata)
 <LI><a href="#[107]">conn_mw_ecb_block_encrypt</a> from conn_mw_nrf_soc.o(i.conn_mw_ecb_block_encrypt) referenced from conn_mw.o(.constdata)
 <LI><a href="#[115]">conn_mw_l2cap_ch_flow_control</a> from conn_mw_ble_l2cap.o(i.conn_mw_l2cap_ch_flow_control) referenced from conn_mw.o(.constdata)
 <LI><a href="#[112]">conn_mw_l2cap_ch_release</a> from conn_mw_ble_l2cap.o(i.conn_mw_l2cap_ch_release) referenced from conn_mw.o(.constdata)
 <LI><a href="#[113]">conn_mw_l2cap_ch_rx</a> from conn_mw_ble_l2cap.o(i.conn_mw_l2cap_ch_rx) referenced from conn_mw.o(.constdata)
 <LI><a href="#[111]">conn_mw_l2cap_ch_setup</a> from conn_mw_ble_l2cap.o(i.conn_mw_l2cap_ch_setup) referenced from conn_mw.o(.constdata)
 <LI><a href="#[114]">conn_mw_l2cap_ch_tx</a> from conn_mw_ble_l2cap.o(i.conn_mw_l2cap_ch_tx) referenced from conn_mw.o(.constdata)
 <LI><a href="#[105]">conn_mw_power_system_off</a> from conn_mw_nrf_soc.o(i.conn_mw_power_system_off) referenced from conn_mw.o(.constdata)
 <LI><a href="#[106]">conn_mw_temp_get</a> from conn_mw_nrf_soc.o(i.conn_mw_temp_get) referenced from conn_mw.o(.constdata)
 <LI><a href="#[dd]">dfu_trigger_evt_handler</a> from nrf_dfu_trigger_usb.o(i.dfu_trigger_evt_handler) referenced from nrf_dfu_trigger_usb.o(.constdata)
 <LI><a href="#[e2]">ev_dma_epin0_handler</a> from nrfx_usbd.o(i.ev_dma_epin0_handler) referenced from nrfx_usbd.o(.constdata)
 <LI><a href="#[e3]">ev_dma_epin1_handler</a> from nrfx_usbd.o(i.ev_dma_epin1_handler) referenced from nrfx_usbd.o(.constdata)
 <LI><a href="#[e4]">ev_dma_epin2_handler</a> from nrfx_usbd.o(i.ev_dma_epin2_handler) referenced from nrfx_usbd.o(.constdata)
 <LI><a href="#[e5]">ev_dma_epin3_handler</a> from nrfx_usbd.o(i.ev_dma_epin3_handler) referenced from nrfx_usbd.o(.constdata)
 <LI><a href="#[e6]">ev_dma_epin4_handler</a> from nrfx_usbd.o(i.ev_dma_epin4_handler) referenced from nrfx_usbd.o(.constdata)
 <LI><a href="#[e7]">ev_dma_epin5_handler</a> from nrfx_usbd.o(i.ev_dma_epin5_handler) referenced from nrfx_usbd.o(.constdata)
 <LI><a href="#[e8]">ev_dma_epin6_handler</a> from nrfx_usbd.o(i.ev_dma_epin6_handler) referenced from nrfx_usbd.o(.constdata)
 <LI><a href="#[e9]">ev_dma_epin7_handler</a> from nrfx_usbd.o(i.ev_dma_epin7_handler) referenced from nrfx_usbd.o(.constdata)
 <LI><a href="#[eb]">ev_dma_epin8_handler</a> from nrfx_usbd.o(i.ev_dma_epin8_handler) referenced from nrfx_usbd.o(.constdata)
 <LI><a href="#[ec]">ev_dma_epout0_handler</a> from nrfx_usbd.o(i.ev_dma_epout0_handler) referenced from nrfx_usbd.o(.constdata)
 <LI><a href="#[ed]">ev_dma_epout1_handler</a> from nrfx_usbd.o(i.ev_dma_epout1_handler) referenced from nrfx_usbd.o(.constdata)
 <LI><a href="#[ee]">ev_dma_epout2_handler</a> from nrfx_usbd.o(i.ev_dma_epout2_handler) referenced from nrfx_usbd.o(.constdata)
 <LI><a href="#[ef]">ev_dma_epout3_handler</a> from nrfx_usbd.o(i.ev_dma_epout3_handler) referenced from nrfx_usbd.o(.constdata)
 <LI><a href="#[f0]">ev_dma_epout4_handler</a> from nrfx_usbd.o(i.ev_dma_epout4_handler) referenced from nrfx_usbd.o(.constdata)
 <LI><a href="#[f1]">ev_dma_epout5_handler</a> from nrfx_usbd.o(i.ev_dma_epout5_handler) referenced from nrfx_usbd.o(.constdata)
 <LI><a href="#[f2]">ev_dma_epout6_handler</a> from nrfx_usbd.o(i.ev_dma_epout6_handler) referenced from nrfx_usbd.o(.constdata)
 <LI><a href="#[f3]">ev_dma_epout7_handler</a> from nrfx_usbd.o(i.ev_dma_epout7_handler) referenced from nrfx_usbd.o(.constdata)
 <LI><a href="#[f4]">ev_dma_epout8_handler</a> from nrfx_usbd.o(i.ev_dma_epout8_handler) referenced from nrfx_usbd.o(.constdata)
 <LI><a href="#[f8]">ev_epdata_handler</a> from nrfx_usbd.o(i.ev_epdata_handler) referenced from nrfx_usbd.o(.constdata)
 <LI><a href="#[ea]">ev_setup_data_handler</a> from nrfx_usbd.o(i.ev_setup_data_handler) referenced from nrfx_usbd.o(.constdata)
 <LI><a href="#[f7]">ev_setup_handler</a> from nrfx_usbd.o(i.ev_setup_handler) referenced from nrfx_usbd.o(.constdata)
 <LI><a href="#[f5]">ev_sof_handler</a> from nrfx_usbd.o(i.ev_sof_handler) referenced from nrfx_usbd.o(.constdata)
 <LI><a href="#[e1]">ev_started_handler</a> from nrfx_usbd.o(i.ev_started_handler) referenced from nrfx_usbd.o(.constdata)
 <LI><a href="#[f6]">ev_usbevent_handler</a> from nrfx_usbd.o(i.ev_usbevent_handler) referenced from nrfx_usbd.o(.constdata)
 <LI><a href="#[e0]">ev_usbreset_handler</a> from nrfx_usbd.o(i.ev_usbreset_handler) referenced from nrfx_usbd.o(.constdata)
 <LI><a href="#[d9]">hci_slip_event_handler</a> from ser_phy_hci.o(i.hci_slip_event_handler) referenced from ser_phy_hci.o(i.ser_phy_open)
 <LI><a href="#[36]">main</a> from main.o(i.main) referenced from entry9a.o(.ARM.Collect$$$$0000000B)
 <LI><a href="#[103]">nrf_dfu_trigger_event_handler</a> from app_usbd_nrf_dfu_trigger.o(i.nrf_dfu_trigger_event_handler) referenced from app_usbd_nrf_dfu_trigger.o(.constdata)
 <LI><a href="#[104]">nrf_dfu_trigger_feed_descriptors</a> from app_usbd_nrf_dfu_trigger.o(i.nrf_dfu_trigger_feed_descriptors) referenced from app_usbd_nrf_dfu_trigger.o(.constdata)
 <LI><a href="#[159]">nrf_drv_power_sdh_soc_evt_handler</a> from nrf_drv_power.o(i.nrf_drv_power_sdh_soc_evt_handler) referenced from nrf_drv_power.o(sdh_soc_observers0)
 <LI><a href="#[15d]">nrf_drv_power_sdh_state_evt_handler</a> from nrf_drv_power.o(i.nrf_drv_power_sdh_state_evt_handler) referenced from nrf_drv_power.o(sdh_state_observers0)
 <LI><a href="#[c9]">nrf_ecb_hal_data_t_in_dec</a> from nrf_soc_struct_serialization.o(i.nrf_ecb_hal_data_t_in_dec) referenced from nrf_soc_conn.o(i.ecb_block_encrypt_req_dec)
 <LI><a href="#[ca]">nrf_ecb_hal_data_t_out_enc</a> from nrf_soc_struct_serialization.o(i.nrf_ecb_hal_data_t_out_enc) referenced from nrf_soc_conn.o(i.ecb_block_encrypt_rsp_enc)
 <LI><a href="#[15a]">nrf_sdh_ble_evts_poll</a> from nrf_sdh_ble.o(i.nrf_sdh_ble_evts_poll) referenced from nrf_sdh_ble.o(sdh_stack_observers0)
 <LI><a href="#[15b]">nrf_sdh_soc_evts_poll</a> from nrf_sdh_soc.o(i.nrf_sdh_soc_evts_poll) referenced from nrf_sdh_soc.o(sdh_stack_observers0)
 <LI><a href="#[de]">nrfx_uart_0_irq_handler</a> from nrfx_uart.o(i.nrfx_uart_0_irq_handler) referenced from nrfx_uart.o(.constdata)
 <LI><a href="#[df]">nrfx_uarte_0_irq_handler</a> from nrfx_uarte.o(i.nrfx_uarte_0_irq_handler) referenced from nrfx_uarte.o(.constdata)
 <LI><a href="#[d5]">nrfx_usbd_consumer</a> from nrfx_usbd.o(i.nrfx_usbd_consumer) referenced from nrfx_usbd.o(i.nrfx_usbd_ep_transfer)
 <LI><a href="#[d4]">nrfx_usbd_feeder_flash</a> from nrfx_usbd.o(i.nrfx_usbd_feeder_flash) referenced from nrfx_usbd.o(i.nrfx_usbd_ep_transfer)
 <LI><a href="#[d2]">nrfx_usbd_feeder_flash_zlp</a> from nrfx_usbd.o(i.nrfx_usbd_feeder_flash_zlp) referenced from nrfx_usbd.o(i.nrfx_usbd_ep_transfer)
 <LI><a href="#[d3]">nrfx_usbd_feeder_ram</a> from nrfx_usbd.o(i.nrfx_usbd_feeder_ram) referenced from nrfx_usbd.o(i.nrfx_usbd_ep_transfer)
 <LI><a href="#[d1]">nrfx_usbd_feeder_ram_zlp</a> from nrfx_usbd.o(i.nrfx_usbd_feeder_ram_zlp) referenced from nrfx_usbd.o(i.nrfx_usbd_ep_transfer)
 <LI><a href="#[cc]">on_idle</a> from main.o(i.on_idle) referenced from main.o(i.main)
 <LI><a href="#[d8]">phy_events_handler</a> from ser_hal_transport.o(i.phy_events_handler) referenced from ser_hal_transport.o(i.ser_hal_transport_open)
 <LI><a href="#[3a]">rtc_irq</a> from app_timer2.o(i.rtc_irq) referenced from app_timer2.o(i.app_timer_init)
 <LI><a href="#[d6]">sd_start_from_app_sched</a> from ser_conn_reset_cmd_decoder.o(i.sd_start_from_app_sched) referenced from ser_conn_reset_cmd_decoder.o(i.sdh_observer_handler)
 <LI><a href="#[15c]">sd_state_evt_handler</a> from nrf_drv_clock.o(i.sd_state_evt_handler) referenced from nrf_drv_clock.o(sdh_state_observers0)
 <LI><a href="#[15e]">sdh_observer_handler</a> from ser_conn_reset_cmd_decoder.o(i.sdh_observer_handler) referenced from ser_conn_reset_cmd_decoder.o(sdh_state_observers0)
 <LI><a href="#[d7]">ser_conn_ble_event_encoder</a> from ser_conn_event_encoder.o(i.ser_conn_ble_event_encoder) referenced from ser_conn_handlers.o(i.ser_conn_ble_event_handle)
 <LI><a href="#[157]">ser_conn_ble_event_handle</a> from ser_conn_handlers.o(i.ser_conn_ble_event_handle) referenced from ser_conn_handlers.o(sdh_ble_observers0)
 <LI><a href="#[cb]">ser_conn_hal_transport_event_handle</a> from ser_conn_handlers.o(i.ser_conn_hal_transport_event_handle) referenced from main.o(i.main)
 <LI><a href="#[100]">setup_data_handler_empty</a> from app_usbd_core.o(i.setup_data_handler_empty) referenced from app_usbd_core.o(.constdata)
 <LI><a href="#[158]">soc_evt_handler</a> from nrf_drv_clock.o(i.soc_evt_handler) referenced from nrf_drv_clock.o(sdh_soc_observers0)
 <LI><a href="#[da]">timer_handler</a> from ser_conn_reset_cmd_decoder.o(i.timer_handler) referenced from ser_conn_reset_cmd_decoder.o(i.soft_reset_trigger)
 <LI><a href="#[cf]">uart_evt_handler</a> from nrf_drv_uart.o(i.uart_evt_handler) referenced from nrf_drv_uart.o(i.nrf_drv_uart_init)
 <LI><a href="#[ce]">uarte_evt_handler</a> from nrf_drv_uart.o(i.uarte_evt_handler) referenced from nrf_drv_uart.o(i.nrf_drv_uart_init)
 <LI><a href="#[5b]">uint16_t_dec</a> from ble_serialization.o(i.uint16_t_dec) referenced from ble_gap_conn.o(i.ble_gap_device_name_get_req_dec)
 <LI><a href="#[5b]">uint16_t_dec</a> from ble_serialization.o(i.uint16_t_dec) referenced from ble_gap_struct_serialization.o(i.ble_gap_opt_local_conn_latency_t_dec)
 <LI><a href="#[5b]">uint16_t_dec</a> from ble_serialization.o(i.uint16_t_dec) referenced from ble_gatts_struct_serialization.o(i.ble_gatts_hvx_params_t_dec)
 <LI><a href="#[5b]">uint16_t_dec</a> from ble_serialization.o(i.uint16_t_dec) referenced from ble_gatts_conn.o(i.ble_gatts_sys_attr_get_req_dec)
 <LI><a href="#[5b]">uint16_t_dec</a> from ble_serialization.o(i.uint16_t_dec) referenced from ble_l2cap_conn.o(i.ble_l2cap_ch_setup_req_dec)
 <LI><a href="#[50]">uint16_t_enc</a> from ble_serialization.o(i.uint16_t_enc) referenced from ble_gap_conn.o(i.ble_gap_appearance_get_rsp_enc)
 <LI><a href="#[50]">uint16_t_enc</a> from ble_serialization.o(i.uint16_t_enc) referenced from ble_gap_conn.o(i.ble_gap_device_name_get_rsp_enc)
 <LI><a href="#[50]">uint16_t_enc</a> from ble_serialization.o(i.uint16_t_enc) referenced from ble_gap_struct_serialization.o(i.ble_gap_opt_local_conn_latency_t_enc)
 <LI><a href="#[50]">uint16_t_enc</a> from ble_serialization.o(i.uint16_t_enc) referenced from ble_gatts_conn.o(i.ble_gatts_descriptor_add_rsp_enc)
 <LI><a href="#[50]">uint16_t_enc</a> from ble_serialization.o(i.uint16_t_enc) referenced from ble_gatts_conn.o(i.ble_gatts_hvx_rsp_enc)
 <LI><a href="#[50]">uint16_t_enc</a> from ble_serialization.o(i.uint16_t_enc) referenced from ble_gatts_conn.o(i.ble_gatts_include_add_rsp_enc)
 <LI><a href="#[50]">uint16_t_enc</a> from ble_serialization.o(i.uint16_t_enc) referenced from ble_gatts_conn.o(i.ble_gatts_initial_user_handle_get_rsp_enc)
 <LI><a href="#[50]">uint16_t_enc</a> from ble_serialization.o(i.uint16_t_enc) referenced from ble_gatts_conn.o(i.ble_gatts_service_add_rsp_enc)
 <LI><a href="#[50]">uint16_t_enc</a> from ble_serialization.o(i.uint16_t_enc) referenced from ble_gatts_conn.o(i.ble_gatts_sys_attr_get_rsp_enc)
 <LI><a href="#[50]">uint16_t_enc</a> from ble_serialization.o(i.uint16_t_enc) referenced from ble_l2cap_conn.o(i.ble_l2cap_ch_flow_control_rsp_enc)
 <LI><a href="#[50]">uint16_t_enc</a> from ble_serialization.o(i.uint16_t_enc) referenced from ble_l2cap_conn.o(i.ble_l2cap_ch_setup_rsp_enc)
 <LI><a href="#[db]">uint32_t_enc</a> from ble_serialization.o(i.uint32_t_enc) referenced from nrf_soc_conn.o(i.temp_get_rsp_enc)
 <LI><a href="#[4c]">uint8_t_dec</a> from ble_serialization.o(i.uint8_t_dec) referenced from ble_gap_conn.o(i.ble_gap_adv_set_configure_req_dec)
 <LI><a href="#[4f]">uint8_t_enc</a> from ble_serialization.o(i.uint8_t_enc) referenced from ble_gap_conn.o(i.ble_gap_adv_set_configure_rsp_enc)
 <LI><a href="#[4f]">uint8_t_enc</a> from ble_serialization.o(i.uint8_t_enc) referenced from ble_gap_conn.o(i.ble_gap_rssi_get_rsp_enc)
 <LI><a href="#[4f]">uint8_t_enc</a> from ble_serialization.o(i.uint8_t_enc) referenced from ble_conn.o(i.ble_uuid_vs_add_rsp_enc)
 <LI><a href="#[101]">usbd_descriptor_conf_feeder</a> from app_usbd_core.o(i.usbd_descriptor_conf_feeder) referenced from app_usbd_core.o(.constdata)
 <LI><a href="#[dc]">usbd_user_evt_handler</a> from main.o(i.usbd_user_evt_handler) referenced from main.o(.constdata)
</UL>
<P>
<H3>
Global Symbols
</H3>
<P><STRONG><a name="[38]"></a>__main</STRONG> (Thumb, 0 bytes, Stack size unknown bytes, entry.o(.ARM.Collect$$$$00000000))
<BR>[Address Reference Count : 1]<UL><LI> arm_startup_nrf52840.o(.text)
</UL>
<P><STRONG><a name="[3f7]"></a>_main_stk</STRONG> (Thumb, 0 bytes, Stack size unknown bytes, entry2.o(.ARM.Collect$$$$00000001))

<P><STRONG><a name="[15f]"></a>_main_scatterload</STRONG> (Thumb, 0 bytes, Stack size unknown bytes, entry5.o(.ARM.Collect$$$$00000004))
<BR><BR>[Calls]<UL><LI><a href="#[160]">&gt;&gt;</a>&nbsp;&nbsp;&nbsp;__scatterload
</UL>

<P><STRONG><a name="[169]"></a>__main_after_scatterload</STRONG> (Thumb, 0 bytes, Stack size unknown bytes, entry5.o(.ARM.Collect$$$$00000004))
<BR><BR>[Called By]<UL><LI><a href="#[160]">&gt;&gt;</a>&nbsp;&nbsp;&nbsp;__scatterload
</UL>

<P><STRONG><a name="[3f8]"></a>_main_clock</STRONG> (Thumb, 0 bytes, Stack size unknown bytes, entry7b.o(.ARM.Collect$$$$00000008))

<P><STRONG><a name="[3f9]"></a>_main_cpp_init</STRONG> (Thumb, 0 bytes, Stack size unknown bytes, entry8b.o(.ARM.Collect$$$$0000000A))

<P><STRONG><a name="[3fa]"></a>_main_init</STRONG> (Thumb, 0 bytes, Stack size unknown bytes, entry9a.o(.ARM.Collect$$$$0000000B))

<P><STRONG><a name="[3fb]"></a>__rt_final_cpp</STRONG> (Thumb, 0 bytes, Stack size unknown bytes, entry10a.o(.ARM.Collect$$$$0000000D))

<P><STRONG><a name="[3fc]"></a>__rt_final_exit</STRONG> (Thumb, 0 bytes, Stack size unknown bytes, entry11a.o(.ARM.Collect$$$$0000000F))

<P><STRONG><a name="[3fd]"></a>__asm___13_nrfx_atomic_c_3bd32246__nrfx_atomic_internal_mov</STRONG> (Thumb, 24 bytes, Stack size 0 bytes, nrfx_atomic.o(.emb_text), UNUSED)

<P><STRONG><a name="[3fe]"></a>__asm___13_nrfx_atomic_c_3bd32246__nrfx_atomic_internal_orr</STRONG> (Thumb, 26 bytes, Stack size 0 bytes, nrfx_atomic.o(.emb_text), UNUSED)

<P><STRONG><a name="[38f]"></a>__asm___13_nrfx_atomic_c_3bd32246__nrfx_atomic_internal_and</STRONG> (Thumb, 26 bytes, Stack size 0 bytes, nrfx_atomic.o(.emb_text))
<BR><BR>[Called By]<UL><LI><a href="#[32f]">&gt;&gt;</a>&nbsp;&nbsp;&nbsp;nrfx_atomic_u32_fetch_and
</UL>

<P><STRONG><a name="[3ff]"></a>__asm___13_nrfx_atomic_c_3bd32246__nrfx_atomic_internal_eor</STRONG> (Thumb, 26 bytes, Stack size 0 bytes, nrfx_atomic.o(.emb_text), UNUSED)

<P><STRONG><a name="[400]"></a>__asm___13_nrfx_atomic_c_3bd32246__nrfx_atomic_internal_add</STRONG> (Thumb, 26 bytes, Stack size 0 bytes, nrfx_atomic.o(.emb_text), UNUSED)

<P><STRONG><a name="[401]"></a>__asm___13_nrfx_atomic_c_3bd32246__nrfx_atomic_internal_sub</STRONG> (Thumb, 26 bytes, Stack size 0 bytes, nrfx_atomic.o(.emb_text), UNUSED)

<P><STRONG><a name="[402]"></a>__asm___13_nrfx_atomic_c_3bd32246__nrfx_atomic_internal_cmp_exch</STRONG> (Thumb, 42 bytes, Stack size 0 bytes, nrfx_atomic.o(.emb_text), UNUSED)

<P><STRONG><a name="[403]"></a>__asm___13_nrfx_atomic_c_3bd32246__nrfx_atomic_internal_sub_hs</STRONG> (Thumb, 30 bytes, Stack size 0 bytes, nrfx_atomic.o(.emb_text), UNUSED)

<P><STRONG><a name="[356]"></a>__asm___12_nrf_atfifo_c_51f461e1__nrf_atfifo_wspace_req</STRONG> (Thumb, 56 bytes, Stack size 0 bytes, nrf_atfifo.o(.emb_text))
<BR><BR>[Called By]<UL><LI><a href="#[1c8]">&gt;&gt;</a>&nbsp;&nbsp;&nbsp;nrf_atfifo_item_alloc
</UL>

<P><STRONG><a name="[161]"></a>__asm___12_nrf_atfifo_c_51f461e1__nrf_atfifo_wspace_close</STRONG> (Thumb, 18 bytes, Stack size 0 bytes, nrf_atfifo.o(.emb_text))
<BR><BR>[Calls]<UL><LI><a href="#[161]">&gt;&gt;</a>&nbsp;&nbsp;&nbsp;__asm___12_nrf_atfifo_c_51f461e1__nrf_atfifo_wspace_close
</UL>
<BR>[Called By]<UL><LI><a href="#[1ca]">&gt;&gt;</a>&nbsp;&nbsp;&nbsp;nrf_atfifo_item_put
<LI><a href="#[161]">&gt;&gt;</a>&nbsp;&nbsp;&nbsp;__asm___12_nrf_atfifo_c_51f461e1__nrf_atfifo_wspace_close
</UL>

<P><STRONG><a name="[357]"></a>__asm___12_nrf_atfifo_c_51f461e1__nrf_atfifo_rspace_req</STRONG> (Thumb, 58 bytes, Stack size 0 bytes, nrf_atfifo.o(.emb_text))
<BR><BR>[Called By]<UL><LI><a href="#[1da]">&gt;&gt;</a>&nbsp;&nbsp;&nbsp;nrf_atfifo_item_get
</UL>

<P><STRONG><a name="[162]"></a>__asm___12_nrf_atfifo_c_51f461e1__nrf_atfifo_rspace_close</STRONG> (Thumb, 18 bytes, Stack size 0 bytes, nrf_atfifo.o(.emb_text))
<BR><BR>[Calls]<UL><LI><a href="#[162]">&gt;&gt;</a>&nbsp;&nbsp;&nbsp;__asm___12_nrf_atfifo_c_51f461e1__nrf_atfifo_rspace_close
</UL>
<BR>[Called By]<UL><LI><a href="#[1db]">&gt;&gt;</a>&nbsp;&nbsp;&nbsp;nrf_atfifo_item_free
<LI><a href="#[162]">&gt;&gt;</a>&nbsp;&nbsp;&nbsp;__asm___12_nrf_atfifo_c_51f461e1__nrf_atfifo_rspace_close
</UL>

<P><STRONG><a name="[404]"></a>__asm___12_nrf_atfifo_c_51f461e1__nrf_atfifo_space_clear</STRONG> (Thumb, 50 bytes, Stack size 0 bytes, nrf_atfifo.o(.emb_text), UNUSED)

<P><STRONG><a name="[35b]"></a>__asm___12_nrf_atomic_c_85ca2469__nrf_atomic_internal_mov</STRONG> (Thumb, 24 bytes, Stack size 0 bytes, nrf_atomic.o(.emb_text))
<BR><BR>[Called By]<UL><LI><a href="#[1c9]">&gt;&gt;</a>&nbsp;&nbsp;&nbsp;nrf_atomic_u32_fetch_store
</UL>

<P><STRONG><a name="[405]"></a>__asm___12_nrf_atomic_c_85ca2469__nrf_atomic_internal_orr</STRONG> (Thumb, 26 bytes, Stack size 0 bytes, nrf_atomic.o(.emb_text), UNUSED)

<P><STRONG><a name="[35a]"></a>__asm___12_nrf_atomic_c_85ca2469__nrf_atomic_internal_and</STRONG> (Thumb, 26 bytes, Stack size 0 bytes, nrf_atomic.o(.emb_text))
<BR><BR>[Called By]<UL><LI><a href="#[358]">&gt;&gt;</a>&nbsp;&nbsp;&nbsp;nrf_atomic_u32_fetch_and
</UL>

<P><STRONG><a name="[406]"></a>__asm___12_nrf_atomic_c_85ca2469__nrf_atomic_internal_eor</STRONG> (Thumb, 26 bytes, Stack size 0 bytes, nrf_atomic.o(.emb_text), UNUSED)

<P><STRONG><a name="[359]"></a>__asm___12_nrf_atomic_c_85ca2469__nrf_atomic_internal_add</STRONG> (Thumb, 26 bytes, Stack size 0 bytes, nrf_atomic.o(.emb_text))
<BR><BR>[Called By]<UL><LI><a href="#[1cc]">&gt;&gt;</a>&nbsp;&nbsp;&nbsp;nrf_atomic_u32_add
</UL>

<P><STRONG><a name="[407]"></a>__asm___12_nrf_atomic_c_85ca2469__nrf_atomic_internal_sub</STRONG> (Thumb, 26 bytes, Stack size 0 bytes, nrf_atomic.o(.emb_text), UNUSED)

<P><STRONG><a name="[408]"></a>__asm___12_nrf_atomic_c_85ca2469__nrf_atomic_internal_cmp_exch</STRONG> (Thumb, 42 bytes, Stack size 0 bytes, nrf_atomic.o(.emb_text), UNUSED)

<P><STRONG><a name="[35c]"></a>__asm___12_nrf_atomic_c_85ca2469__nrf_atomic_internal_sub_hs</STRONG> (Thumb, 30 bytes, Stack size 0 bytes, nrf_atomic.o(.emb_text))
<BR><BR>[Called By]<UL><LI><a href="#[1dc]">&gt;&gt;</a>&nbsp;&nbsp;&nbsp;nrf_atomic_u32_sub_hs
</UL>

<P><STRONG><a name="[1]"></a>Reset_Handler</STRONG> (Thumb, 8 bytes, Stack size 0 bytes, arm_startup_nrf52840.o(.text))
<BR>[Address Reference Count : 1]<UL><LI> arm_startup_nrf52840.o(RESET)
</UL>
<P><STRONG><a name="[2]"></a>NMI_Handler</STRONG> (Thumb, 2 bytes, Stack size 0 bytes, arm_startup_nrf52840.o(.text))
<BR><BR>[Calls]<UL><LI><a href="#[2]">&gt;&gt;</a>&nbsp;&nbsp;&nbsp;NMI_Handler
</UL>
<BR>[Called By]<UL><LI><a href="#[2]">&gt;&gt;</a>&nbsp;&nbsp;&nbsp;NMI_Handler
</UL>
<BR>[Address Reference Count : 1]<UL><LI> arm_startup_nrf52840.o(RESET)
</UL>
<P><STRONG><a name="[3]"></a>HardFault_Handler</STRONG> (Thumb, 2 bytes, Stack size 0 bytes, arm_startup_nrf52840.o(.text))
<BR><BR>[Calls]<UL><LI><a href="#[3]">&gt;&gt;</a>&nbsp;&nbsp;&nbsp;HardFault_Handler
</UL>
<BR>[Called By]<UL><LI><a href="#[3]">&gt;&gt;</a>&nbsp;&nbsp;&nbsp;HardFault_Handler
</UL>
<BR>[Address Reference Count : 1]<UL><LI> arm_startup_nrf52840.o(RESET)
</UL>
<P><STRONG><a name="[4]"></a>MemoryManagement_Handler</STRONG> (Thumb, 2 bytes, Stack size 0 bytes, arm_startup_nrf52840.o(.text))
<BR><BR>[Calls]<UL><LI><a href="#[4]">&gt;&gt;</a>&nbsp;&nbsp;&nbsp;MemoryManagement_Handler
</UL>
<BR>[Called By]<UL><LI><a href="#[4]">&gt;&gt;</a>&nbsp;&nbsp;&nbsp;MemoryManagement_Handler
</UL>
<BR>[Address Reference Count : 1]<UL><LI> arm_startup_nrf52840.o(RESET)
</UL>
<P><STRONG><a name="[5]"></a>BusFault_Handler</STRONG> (Thumb, 2 bytes, Stack size 0 bytes, arm_startup_nrf52840.o(.text))
<BR><BR>[Calls]<UL><LI><a href="#[5]">&gt;&gt;</a>&nbsp;&nbsp;&nbsp;BusFault_Handler
</UL>
<BR>[Called By]<UL><LI><a href="#[5]">&gt;&gt;</a>&nbsp;&nbsp;&nbsp;BusFault_Handler
</UL>
<BR>[Address Reference Count : 1]<UL><LI> arm_startup_nrf52840.o(RESET)
</UL>
<P><STRONG><a name="[6]"></a>UsageFault_Handler</STRONG> (Thumb, 2 bytes, Stack size 0 bytes, arm_startup_nrf52840.o(.text))
<BR><BR>[Calls]<UL><LI><a href="#[6]">&gt;&gt;</a>&nbsp;&nbsp;&nbsp;UsageFault_Handler
</UL>
<BR>[Called By]<UL><LI><a href="#[6]">&gt;&gt;</a>&nbsp;&nbsp;&nbsp;UsageFault_Handler
</UL>
[...]
</UL>

<P><STRONG><a name="[3c6]"></a>expected_ack_number_get</STRONG> (Thumb, 14 bytes, Stack size 0 bytes, ser_phy_hci.o(i.expected_ack_number_get))
<BR><BR>[Called By]<UL><LI><a href="#[346]">&gt;&gt;</a>&nbsp;&nbsp;&nbsp;rx_ack_pkt_valid
</UL>

<P><STRONG><a name="[336]"></a>hci_pkt_send</STRONG> (Thumb, 142 bytes, Stack size 40 bytes, ser_phy_hci.o(i.hci_pkt_send))
<BR><BR>[Stack]<UL><LI>Max Depth = 212<LI>Call Chain = hci_pkt_send &rArr; ser_phy_hci_slip_tx_pkt_send &rArr; tx_buf_fill &rArr; tx_buf_put &rArr; app_usbd_cdc_acm_write &rArr; app_usbd_ep_transfer &rArr; nrfx_usbd_ep_transfer &rArr; app_util_critical_region_enter
</UL>
<BR>[Calls]<UL><LI><a href="#[182]">&gt;&gt;</a>&nbsp;&nbsp;&nbsp;app_error_handler_bare
<LI><a href="#[337]">&gt;&gt;</a>&nbsp;&nbsp;&nbsp;crc16_compute
<LI><a href="#[181]">&gt;&gt;</a>&nbsp;&nbsp;&nbsp;ser_phy_hci_slip_tx_pkt_send
<LI><a href="#[180]">&gt;&gt;</a>&nbsp;&nbsp;&nbsp;header_checksum_calculate
</UL>
<BR>[Called By]<UL><LI><a href="#[344]">&gt;&gt;</a>&nbsp;&nbsp;&nbsp;hci_tx_fsm_event_process
</UL>

<P><STRONG><a name="[338]"></a>hci_pkt_sent_upcall</STRONG> (Thumb, 26 bytes, Stack size 0 bytes, ser_phy_hci.o(i.hci_pkt_sent_upcall))
<BR><BR>[Calls]<UL><LI><a href="#[339]">&gt;&gt;</a>&nbsp;&nbsp;&nbsp;ser_phy_event_callback
</UL>
<BR>[Called By]<UL><LI><a href="#[344]">&gt;&gt;</a>&nbsp;&nbsp;&nbsp;hci_tx_fsm_event_process
</UL>

<P><STRONG><a name="[33a]"></a>hci_release_ack_buffer</STRONG> (Thumb, 24 bytes, Stack size 8 bytes, ser_phy_hci.o(i.hci_release_ack_buffer))
<BR><BR>[Stack]<UL><LI>Max Depth = 52<LI>Call Chain = hci_release_ack_buffer &rArr; app_error_handler_bare &rArr; app_error_fault_handler &rArr; app_util_critical_region_enter
</UL>
<BR>[Calls]<UL><LI><a href="#[182]">&gt;&gt;</a>&nbsp;&nbsp;&nbsp;app_error_handler_bare
<LI><a href="#[33b]">&gt;&gt;</a>&nbsp;&nbsp;&nbsp;ser_phy_hci_slip_rx_buf_free
</UL>
<BR>[Called By]<UL><LI><a href="#[344]">&gt;&gt;</a>&nbsp;&nbsp;&nbsp;hci_tx_fsm_event_process
</UL>

<P><STRONG><a name="[33c]"></a>hci_rx_event_handler</STRONG> (Thumb, 70 bytes, Stack size 16 bytes, ser_phy_hci.o(i.hci_rx_event_handler))
<BR><BR>[Stack]<UL><LI>Max Depth = 260<LI>Call Chain = hci_rx_event_handler &rArr; hci_rx_fsm &rArr; hci_rx_fsm_event_process &rArr; ack_transmit &rArr; ser_phy_hci_slip_tx_pkt_send &rArr; tx_buf_fill &rArr; tx_buf_put &rArr; app_usbd_cdc_acm_write &rArr; app_usbd_ep_transfer &rArr; nrfx_usbd_ep_transfer &rArr; app_util_critical_region_enter
</UL>
<BR>[Calls]<UL><LI><a href="#[184]">&gt;&gt;</a>&nbsp;&nbsp;&nbsp;app_util_critical_region_exit
<LI><a href="#[183]">&gt;&gt;</a>&nbsp;&nbsp;&nbsp;app_util_critical_region_enter
<LI><a href="#[182]">&gt;&gt;</a>&nbsp;&nbsp;&nbsp;app_error_handler_bare
<LI><a href="#[33d]">&gt;&gt;</a>&nbsp;&nbsp;&nbsp;nrf_queue_push
<LI><a href="#[33e]">&gt;&gt;</a>&nbsp;&nbsp;&nbsp;hci_rx_fsm
</UL>
<BR>[Called By]<UL><LI><a href="#[d9]">&gt;&gt;</a>&nbsp;&nbsp;&nbsp;hci_slip_event_handler
<LI><a href="#[3b9]">&gt;&gt;</a>&nbsp;&nbsp;&nbsp;ser_phy_rx_buf_set
</UL>

<P><STRONG><a name="[33e]"></a>hci_rx_fsm</STRONG> (Thumb, 64 bytes, Stack size 32 bytes, ser_phy_hci.o(i.hci_rx_fsm))
<BR><BR>[Stack]<UL><LI>Max Depth = 244<LI>Call Chain = hci_rx_fsm &rArr; hci_rx_fsm_event_process &rArr; ack_transmit &rArr; ser_phy_hci_slip_tx_pkt_send &rArr; tx_buf_fill &rArr; tx_buf_put &rArr; app_usbd_cdc_acm_write &rArr; app_usbd_ep_transfer &rArr; nrfx_usbd_ep_transfer &rArr; app_util_critical_region_enter
</UL>
<BR>[Calls]<UL><LI><a href="#[184]">&gt;&gt;</a>&nbsp;&nbsp;&nbsp;app_util_critical_region_exit
<LI><a href="#[183]">&gt;&gt;</a>&nbsp;&nbsp;&nbsp;app_util_critical_region_enter
<LI><a href="#[33f]">&gt;&gt;</a>&nbsp;&nbsp;&nbsp;nrf_queue_generic_pop
<LI><a href="#[340]">&gt;&gt;</a>&nbsp;&nbsp;&nbsp;hci_rx_fsm_event_process
</UL>
<BR>[Called By]<UL><LI><a href="#[33c]">&gt;&gt;</a>&nbsp;&nbsp;&nbsp;hci_rx_event_handler
<LI><a href="#[3d7]">&gt;&gt;</a>&nbsp;&nbsp;&nbsp;ser_phy_interrupts_enable
</UL>

<P><STRONG><a name="[340]"></a>hci_rx_fsm_event_process</STRONG> (Thumb, 258 bytes, Stack size 24 bytes, ser_phy_hci.o(i.hci_rx_fsm_event_process))
<BR><BR>[Stack]<UL><LI>Max Depth = 212<LI>Call Chain = hci_rx_fsm_event_process &rArr; ack_transmit &rArr; ser_phy_hci_slip_tx_pkt_send &rArr; tx_buf_fill &rArr; tx_buf_put &rArr; app_usbd_cdc_acm_write &rArr; app_usbd_ep_transfer &rArr; nrfx_usbd_ep_transfer &rArr; app_util_critical_region_enter
</UL>
<BR>[Calls]<UL><LI><a href="#[182]">&gt;&gt;</a>&nbsp;&nbsp;&nbsp;app_error_handler_bare
<LI><a href="#[33b]">&gt;&gt;</a>&nbsp;&nbsp;&nbsp;ser_phy_hci_slip_rx_buf_free
<LI><a href="#[339]">&gt;&gt;</a>&nbsp;&nbsp;&nbsp;ser_phy_event_callback
<LI><a href="#[17f]">&gt;&gt;</a>&nbsp;&nbsp;&nbsp;ack_transmit
<LI><a href="#[186]">&gt;&gt;</a>&nbsp;&nbsp;&nbsp;__aeabi_memcpy
</UL>
<BR>[Called By]<UL><LI><a href="#[33e]">&gt;&gt;</a>&nbsp;&nbsp;&nbsp;hci_rx_fsm
</UL>

<P><STRONG><a name="[178]"></a>hci_signal_timeout_event</STRONG> (Thumb, 22 bytes, Stack size 24 bytes, ser_phy_hci.o(i.hci_signal_timeout_event))
<BR><BR>[Stack]<UL><LI>Max Depth = 308<LI>Call Chain = hci_signal_timeout_event &rArr; hci_tx_event_handler &rArr; hci_tx_fsm &rArr; hci_tx_fsm_event_process &rArr; hci_pkt_send &rArr; ser_phy_hci_slip_tx_pkt_send &rArr; tx_buf_fill &rArr; tx_buf_put &rArr; app_usbd_cdc_acm_write &rArr; app_usbd_ep_transfer &rArr; nrfx_usbd_ep_transfer &rArr; app_util_critical_region_enter
</UL>
<BR>[Calls]<UL><LI><a href="#[341]">&gt;&gt;</a>&nbsp;&nbsp;&nbsp;hci_tx_event_handler
</UL>
<BR>[Called By]<UL><LI><a href="#[15]">&gt;&gt;</a>&nbsp;&nbsp;&nbsp;TIMER2_IRQHandler
<LI><a href="#[3d7]">&gt;&gt;</a>&nbsp;&nbsp;&nbsp;ser_phy_interrupts_enable
</UL>

<P><STRONG><a name="[d9]"></a>hci_slip_event_handler</STRONG> (Thumb, 206 bytes, Stack size 32 bytes, ser_phy_hci.o(i.hci_slip_event_handler))
<BR><BR>[Stack]<UL><LI>Max Depth = 316<LI>Call Chain = hci_slip_event_handler &rArr; hci_tx_event_handler &rArr; hci_tx_fsm &rArr; hci_tx_fsm_event_process &rArr; hci_pkt_send &rArr; ser_phy_hci_slip_tx_pkt_send &rArr; tx_buf_fill &rArr; tx_buf_put &rArr; app_usbd_cdc_acm_write &rArr; app_usbd_ep_transfer &rArr; nrfx_usbd_ep_transfer &rArr; app_util_critical_region_enter
</UL>
<BR>[Calls]<UL><LI><a href="#[182]">&gt;&gt;</a>&nbsp;&nbsp;&nbsp;app_error_handler_bare
<LI><a href="#[337]">&gt;&gt;</a>&nbsp;&nbsp;&nbsp;crc16_compute
<LI><a href="#[33b]">&gt;&gt;</a>&nbsp;&nbsp;&nbsp;ser_phy_hci_slip_rx_buf_free
<LI><a href="#[341]">&gt;&gt;</a>&nbsp;&nbsp;&nbsp;hci_tx_event_handler
<LI><a href="#[33c]">&gt;&gt;</a>&nbsp;&nbsp;&nbsp;hci_rx_event_handler
<LI><a href="#[342]">&gt;&gt;</a>&nbsp;&nbsp;&nbsp;soft_reset_trigger
</UL>
<BR>[Address Reference Count : 1]<UL><LI> ser_phy_hci.o(i.ser_phy_open)
</UL>
<P><STRONG><a name="[345]"></a>hci_timeout_setup</STRONG> (Thumb, 56 bytes, Stack size 12 bytes, ser_phy_hci.o(i.hci_timeout_setup))
<BR><BR>[Stack]<UL><LI>Max Depth = 12<LI>Call Chain = hci_timeout_setup
</UL>
<BR>[Called By]<UL><LI><a href="#[344]">&gt;&gt;</a>&nbsp;&nbsp;&nbsp;hci_tx_fsm_event_process
</UL>

<P><STRONG><a name="[3dc]"></a>hci_timer_reset</STRONG> (Thumb, 66 bytes, Stack size 0 bytes, ser_phy_hci.o(i.hci_timer_reset))
<BR><BR>[Called By]<UL><LI><a href="#[3d6]">&gt;&gt;</a>&nbsp;&nbsp;&nbsp;ser_phy_open
<LI><a href="#[3db]">&gt;&gt;</a>&nbsp;&nbsp;&nbsp;ser_phy_hci_reset
</UL>

<P><STRONG><a name="[341]"></a>hci_tx_event_handler</STRONG> (Thumb, 70 bytes, Stack size 16 bytes, ser_phy_hci.o(i.hci_tx_event_handler))
<BR><BR>[Stack]<UL><LI>Max Depth = 284<LI>Call Chain = hci_tx_event_handler &rArr; hci_tx_fsm &rArr; hci_tx_fsm_event_process &rArr; hci_pkt_send &rArr; ser_phy_hci_slip_tx_pkt_send &rArr; tx_buf_fill &rArr; tx_buf_put &rArr; app_usbd_cdc_acm_write &rArr; app_usbd_ep_transfer &rArr; nrfx_usbd_ep_transfer &rArr; app_util_critical_region_enter
</UL>
<BR>[Calls]<UL><LI><a href="#[184]">&gt;&gt;</a>&nbsp;&nbsp;&nbsp;app_util_critical_region_exit
<LI><a href="#[183]">&gt;&gt;</a>&nbsp;&nbsp;&nbsp;app_util_critical_region_enter
<LI><a href="#[182]">&gt;&gt;</a>&nbsp;&nbsp;&nbsp;app_error_handler_bare
<LI><a href="#[33d]">&gt;&gt;</a>&nbsp;&nbsp;&nbsp;nrf_queue_push
<LI><a href="#[343]">&gt;&gt;</a>&nbsp;&nbsp;&nbsp;hci_tx_fsm
</UL>
<BR>[Called By]<UL><LI><a href="#[d9]">&gt;&gt;</a>&nbsp;&nbsp;&nbsp;hci_slip_event_handler
<LI><a href="#[178]">&gt;&gt;</a>&nbsp;&nbsp;&nbsp;hci_signal_timeout_event
<LI><a href="#[3d8]">&gt;&gt;</a>&nbsp;&nbsp;&nbsp;ser_phy_tx_pkt_send
</UL>

<P><STRONG><a name="[343]"></a>hci_tx_fsm</STRONG> (Thumb, 64 bytes, Stack size 32 bytes, ser_phy_hci.o(i.hci_tx_fsm))
<BR><BR>[Stack]<UL><LI>Max Depth = 268<LI>Call Chain = hci_tx_fsm &rArr; hci_tx_fsm_event_process &rArr; hci_pkt_send &rArr; ser_phy_hci_slip_tx_pkt_send &rArr; tx_buf_fill &rArr; tx_buf_put &rArr; app_usbd_cdc_acm_write &rArr; app_usbd_ep_transfer &rArr; nrfx_usbd_ep_transfer &rArr; app_util_critical_region_enter
</UL>
<BR>[Calls]<UL><LI><a href="#[184]">&gt;&gt;</a>&nbsp;&nbsp;&nbsp;app_util_critical_region_exit
<LI><a href="#[183]">&gt;&gt;</a>&nbsp;&nbsp;&nbsp;app_util_critical_region_enter
<LI><a href="#[33f]">&gt;&gt;</a>&nbsp;&nbsp;&nbsp;nrf_queue_generic_pop
<LI><a href="#[344]">&gt;&gt;</a>&nbsp;&nbsp;&nbsp;hci_tx_fsm_event_process
</UL>
<BR>[Called By]<UL><LI><a href="#[341]">&gt;&gt;</a>&nbsp;&nbsp;&nbsp;hci_tx_event_handler
<LI><a href="#[3d7]">&gt;&gt;</a>&nbsp;&nbsp;&nbsp;ser_phy_interrupts_enable
</UL>

<P><STRONG><a name="[344]"></a>hci_tx_fsm_event_process</STRONG> (Thumb, 240 bytes, Stack size 24 bytes, ser_phy_hci.o(i.hci_tx_fsm_event_process))
<BR><BR>[Stack]<UL><LI>Max Depth = 236<LI>Call Chain = hci_tx_fsm_event_process &rArr; hci_pkt_send &rArr; ser_phy_hci_slip_tx_pkt_send &rArr; tx_buf_fill &rArr; tx_buf_put &rArr; app_usbd_cdc_acm_write &rArr; app_usbd_ep_transfer &rArr; nrfx_usbd_ep_transfer &rArr; app_util_critical_region_enter
</UL>
<BR>[Calls]<UL><LI><a href="#[182]">&gt;&gt;</a>&nbsp;&nbsp;&nbsp;app_error_handler_bare
<LI><a href="#[339]">&gt;&gt;</a>&nbsp;&nbsp;&nbsp;ser_phy_event_callback
<LI><a href="#[346]">&gt;&gt;</a>&nbsp;&nbsp;&nbsp;rx_ack_pkt_valid
<LI><a href="#[345]">&gt;&gt;</a>&nbsp;&nbsp;&nbsp;hci_timeout_setup
<LI><a href="#[33a]">&gt;&gt;</a>&nbsp;&nbsp;&nbsp;hci_release_ack_buffer
<LI><a href="#[338]">&gt;&gt;</a>&nbsp;&nbsp;&nbsp;hci_pkt_sent_upcall
<LI><a href="#[336]">&gt;&gt;</a>&nbsp;&nbsp;&nbsp;hci_pkt_send
</UL>
<BR>[Called By]<UL><LI><a href="#[343]">&gt;&gt;</a>&nbsp;&nbsp;&nbsp;hci_tx_fsm
</UL>

<P><STRONG><a name="[180]"></a>header_checksum_calculate</STRONG> (Thumb, 18 bytes, Stack size 0 bytes, ser_phy_hci.o(i.header_checksum_calculate))
<BR><BR>[Called By]<UL><LI><a href="#[336]">&gt;&gt;</a>&nbsp;&nbsp;&nbsp;hci_pkt_send
<LI><a href="#[17f]">&gt;&gt;</a>&nbsp;&nbsp;&nbsp;ack_transmit
</UL>

<P><STRONG><a name="[346]"></a>rx_ack_pkt_valid</STRONG> (Thumb, 56 bytes, Stack size 8 bytes, ser_phy_hci.o(i.rx_ack_pkt_valid))
<BR><BR>[Stack]<UL><LI>Max Depth = 8<LI>Call Chain = rx_ack_pkt_valid
</UL>
<BR>[Calls]<UL><LI><a href="#[3c6]">&gt;&gt;</a>&nbsp;&nbsp;&nbsp;expected_ack_number_get
</UL>
<BR>[Called By]<UL><LI><a href="#[344]">&gt;&gt;</a>&nbsp;&nbsp;&nbsp;hci_tx_fsm_event_process
</UL>

<P><STRONG><a name="[339]"></a>ser_phy_event_callback</STRONG> (Thumb, 12 bytes, Stack size 0 bytes, ser_phy_hci.o(i.ser_phy_event_callback))
<BR><BR>[Called By]<UL><LI><a href="#[344]">&gt;&gt;</a>&nbsp;&nbsp;&nbsp;hci_tx_fsm_event_process
<LI><a href="#[340]">&gt;&gt;</a>&nbsp;&nbsp;&nbsp;hci_rx_fsm_event_process
<LI><a href="#[338]">&gt;&gt;</a>&nbsp;&nbsp;&nbsp;hci_pkt_sent_upcall
</UL>

<P><STRONG><a name="[156]"></a>cdc_acm_user_ev_handler</STRONG> (Thumb, 204 bytes, Stack size 24 bytes, ser_phy_hci_slip_cdc.o(i.cdc_acm_user_ev_handler))
<BR><BR>[Stack]<UL><LI>Max Depth = 164<LI>Call Chain = cdc_acm_user_ev_handler &rArr; tx_buf_fill &rArr; tx_buf_put &rArr; app_usbd_cdc_acm_write &rArr; app_usbd_ep_transfer &rArr; nrfx_usbd_ep_transfer &rArr; app_util_critical_region_enter
</UL>
<BR>[Calls]<UL><LI><a href="#[182]">&gt;&gt;</a>&nbsp;&nbsp;&nbsp;app_error_handler_bare
<LI><a href="#[19d]">&gt;&gt;</a>&nbsp;&nbsp;&nbsp;app_usbd_cdc_acm_write
<LI><a href="#[19a]">&gt;&gt;</a>&nbsp;&nbsp;&nbsp;app_usbd_cdc_acm_read
<LI><a href="#[2fa]">&gt;&gt;</a>&nbsp;&nbsp;&nbsp;tx_buf_fill
<LI><a href="#[2f9]">&gt;&gt;</a>&nbsp;&nbsp;&nbsp;ser_phi_hci_rx_byte
</UL>
<BR>[Address Reference Count : 1]<UL><LI> ser_phy_hci_slip_cdc.o(.constdata)
</UL>
<P><STRONG><a name="[2f9]"></a>ser_phi_hci_rx_byte</STRONG> (Thumb, 222 bytes, Stack size 32 bytes, ser_phy_hci_slip_cdc.o(i.ser_phi_hci_rx_byte))
<BR><BR>[Stack]<UL><LI>Max Depth = 40<LI>Call Chain = ser_phi_hci_rx_byte &rArr; slip_decode
</UL>
<BR>[Calls]<UL><LI><a href="#[3d9]">&gt;&gt;</a>&nbsp;&nbsp;&nbsp;slip_decode
</UL>
<BR>[Called By]<UL><LI><a href="#[156]">&gt;&gt;</a>&nbsp;&nbsp;&nbsp;cdc_acm_user_ev_handler
</UL>

<P><STRONG><a name="[3d9]"></a>slip_decode</STRONG> (Thumb, 60 bytes, Stack size 8 bytes, ser_phy_hci_slip_cdc.o(i.slip_decode))
<BR><BR>[Stack]<UL><LI>Max Depth = 8<LI>Call Chain = slip_decode
</UL>
<BR>[Called By]<UL><LI><a href="#[2f9]">&gt;&gt;</a>&nbsp;&nbsp;&nbsp;ser_phi_hci_rx_byte
</UL>

<P><STRONG><a name="[2fa]"></a>tx_buf_fill</STRONG> (Thumb, 234 bytes, Stack size 32 bytes, ser_phy_hci_slip_cdc.o(i.tx_buf_fill))
<BR><BR>[Stack]<UL><LI>Max Depth = 140<LI>Call Chain = tx_buf_fill &rArr; tx_buf_put &rArr; app_usbd_cdc_acm_write &rArr; app_usbd_ep_transfer &rArr; nrfx_usbd_ep_transfer &rArr; app_util_critical_region_enter
</UL>
<BR>[Calls]<UL><LI><a href="#[3ed]">&gt;&gt;</a>&nbsp;&nbsp;&nbsp;tx_buf_put
<LI><a href="#[372]">&gt;&gt;</a>&nbsp;&nbsp;&nbsp;__aeabi_memcpy4
</UL>
<BR>[Called By]<UL><LI><a href="#[156]">&gt;&gt;</a>&nbsp;&nbsp;&nbsp;cdc_acm_user_ev_handler
<LI><a href="#[181]">&gt;&gt;</a>&nbsp;&nbsp;&nbsp;ser_phy_hci_slip_tx_pkt_send
</UL>

<P><STRONG><a name="[3ed]"></a>tx_buf_put</STRONG> (Thumb, 102 bytes, Stack size 16 bytes, ser_phy_hci_slip_cdc.o(i.tx_buf_put))
<BR><BR>[Stack]<UL><LI>Max Depth = 108<LI>Call Chain = tx_buf_put &rArr; app_usbd_cdc_acm_write &rArr; app_usbd_ep_transfer &rArr; nrfx_usbd_ep_transfer &rArr; app_util_critical_region_enter
</UL>
<BR>[Calls]<UL><LI><a href="#[182]">&gt;&gt;</a>&nbsp;&nbsp;&nbsp;app_error_handler_bare
<LI><a href="#[19d]">&gt;&gt;</a>&nbsp;&nbsp;&nbsp;app_usbd_cdc_acm_write
</UL>
<BR>[Called By]<UL><LI><a href="#[2fa]">&gt;&gt;</a>&nbsp;&nbsp;&nbsp;tx_buf_fill
</UL>

<P><STRONG><a name="[38b]"></a>__sd_nvic_app_accessible_irq</STRONG> (Thumb, 32 bytes, Stack size 0 bytes, nrf_sdh.o(i.__sd_nvic_app_accessible_irq))
<BR><BR>[Called By]<UL><LI><a href="#[354]">&gt;&gt;</a>&nbsp;&nbsp;&nbsp;nrf_sdh_resume
<LI><a href="#[38a]">&gt;&gt;</a>&nbsp;&nbsp;&nbsp;softdevices_evt_irq_enable
<LI><a href="#[389]">&gt;&gt;</a>&nbsp;&nbsp;&nbsp;softdevice_evt_irq_disable
</UL>

<P><STRONG><a name="[387]"></a>sdh_request_observer_notify</STRONG> (Thumb, 44 bytes, Stack size 24 bytes, nrf_sdh.o(i.sdh_request_observer_notify))
<BR><BR>[Stack]<UL><LI>Max Depth = 32<LI>Call Chain = sdh_request_observer_notify &rArr; nrf_section_iter_next &rArr; nrf_section_iter_item_set
</UL>
<BR>[Calls]<UL><LI><a href="#[385]">&gt;&gt;</a>&nbsp;&nbsp;&nbsp;nrf_section_iter_next
<LI><a href="#[384]">&gt;&gt;</a>&nbsp;&nbsp;&nbsp;nrf_section_iter_init
</UL>
<BR>[Called By]<UL><LI><a href="#[34f]">&gt;&gt;</a>&nbsp;&nbsp;&nbsp;nrf_sdh_enable_request
<LI><a href="#[386]">&gt;&gt;</a>&nbsp;&nbsp;&nbsp;nrf_sdh_disable_request
</UL>

<P><STRONG><a name="[388]"></a>sdh_state_observer_notify</STRONG> (Thumb, 38 bytes, Stack size 24 bytes, nrf_sdh.o(i.sdh_state_observer_notify))
<BR><BR>[Stack]<UL><LI>Max Depth = 32<LI>Call Chain = sdh_state_observer_notify &rArr; nrf_section_iter_next &rArr; nrf_section_iter_item_set
</UL>
<BR>[Calls]<UL><LI><a href="#[385]">&gt;&gt;</a>&nbsp;&nbsp;&nbsp;nrf_section_iter_next
<LI><a href="#[384]">&gt;&gt;</a>&nbsp;&nbsp;&nbsp;nrf_section_iter_init
</UL>
<BR>[Called By]<UL><LI><a href="#[34f]">&gt;&gt;</a>&nbsp;&nbsp;&nbsp;nrf_sdh_enable_request
<LI><a href="#[386]">&gt;&gt;</a>&nbsp;&nbsp;&nbsp;nrf_sdh_disable_request
</UL>

<P><STRONG><a name="[389]"></a>softdevice_evt_irq_disable</STRONG> (Thumb, 60 bytes, Stack size 8 bytes, nrf_sdh.o(i.softdevice_evt_irq_disable))
<BR><BR>[Stack]<UL><LI>Max Depth = 52<LI>Call Chain = softdevice_evt_irq_disable &rArr; app_error_handler_bare &rArr; app_error_fault_handler &rArr; app_util_critical_region_enter
</UL>
<BR>[Calls]<UL><LI><a href="#[182]">&gt;&gt;</a>&nbsp;&nbsp;&nbsp;app_error_handler_bare
<LI><a href="#[38b]">&gt;&gt;</a>&nbsp;&nbsp;&nbsp;__sd_nvic_app_accessible_irq
</UL>
<BR>[Called By]<UL><LI><a href="#[386]">&gt;&gt;</a>&nbsp;&nbsp;&nbsp;nrf_sdh_disable_request
<LI><a href="#[38c]">&gt;&gt;</a>&nbsp;&nbsp;&nbsp;nrf_sdh_suspend
</UL>

<P><STRONG><a name="[38a]"></a>softdevices_evt_irq_enable</STRONG> (Thumb, 80 bytes, Stack size 8 bytes, nrf_sdh.o(i.softdevices_evt_irq_enable))
<BR><BR>[Stack]<UL><LI>Max Depth = 52<LI>Call Chain = softdevices_evt_irq_enable &rArr; app_error_handler_bare &rArr; app_error_fault_handler &rArr; app_util_critical_region_enter
</UL>
<BR>[Calls]<UL><LI><a href="#[182]">&gt;&gt;</a>&nbsp;&nbsp;&nbsp;app_error_handler_bare
<LI><a href="#[38b]">&gt;&gt;</a>&nbsp;&nbsp;&nbsp;__sd_nvic_app_accessible_irq
</UL>
<BR>[Called By]<UL><LI><a href="#[354]">&gt;&gt;</a>&nbsp;&nbsp;&nbsp;nrf_sdh_resume
<LI><a href="#[34f]">&gt;&gt;</a>&nbsp;&nbsp;&nbsp;nrf_sdh_enable_request
</UL>

<P><STRONG><a name="[15a]"></a>nrf_sdh_ble_evts_poll</STRONG> (Thumb, 88 bytes, Stack size 536 bytes, nrf_sdh_ble.o(i.nrf_sdh_ble_evts_poll))
<BR><BR>[Stack]<UL><LI>Max Depth = 580<LI>Call Chain = nrf_sdh_ble_evts_poll &rArr; app_error_handler_bare &rArr; app_error_fault_handler &rArr; app_util_critical_region_enter
</UL>
<BR>[Calls]<UL><LI><a href="#[182]">&gt;&gt;</a>&nbsp;&nbsp;&nbsp;app_error_handler_bare
<LI><a href="#[385]">&gt;&gt;</a>&nbsp;&nbsp;&nbsp;nrf_section_iter_next
<LI><a href="#[384]">&gt;&gt;</a>&nbsp;&nbsp;&nbsp;nrf_section_iter_init
</UL>
<BR>[Address Reference Count : 1]<UL><LI> nrf_sdh_ble.o(sdh_stack_observers0)
</UL>
<P><STRONG><a name="[15b]"></a>nrf_sdh_soc_evts_poll</STRONG> (Thumb, 56 bytes, Stack size 24 bytes, nrf_sdh_soc.o(i.nrf_sdh_soc_evts_poll))
<BR><BR>[Stack]<UL><LI>Max Depth = 68<LI>Call Chain = nrf_sdh_soc_evts_poll &rArr; app_error_handler_bare &rArr; app_error_fault_handler &rArr; app_util_critical_region_enter
</UL>
<BR>[Calls]<UL><LI><a href="#[182]">&gt;&gt;</a>&nbsp;&nbsp;&nbsp;app_error_handler_bare
<LI><a href="#[385]">&gt;&gt;</a>&nbsp;&nbsp;&nbsp;nrf_section_iter_next
<LI><a href="#[384]">&gt;&gt;</a>&nbsp;&nbsp;&nbsp;nrf_section_iter_init
</UL>
<BR>[Address Reference Count : 1]<UL><LI> nrf_sdh_soc.o(sdh_stack_observers0)
</UL>
<P><STRONG><a name="[17c]"></a>_printf_core</STRONG> (Thumb, 996 bytes, Stack size 104 bytes, printf8.o(i._printf_core), UNUSED)
<BR><BR>[Calls]<UL><LI><a href="#[17d]">&gt;&gt;</a>&nbsp;&nbsp;&nbsp;_printf_pre_padding
<LI><a href="#[17e]">&gt;&gt;</a>&nbsp;&nbsp;&nbsp;_printf_post_padding
<LI><a href="#[166]">&gt;&gt;</a>&nbsp;&nbsp;&nbsp;__aeabi_uldivmod
</UL>
<BR>[Called By]<UL><LI><a href="#[17b]">&gt;&gt;</a>&nbsp;&nbsp;&nbsp;__0snprintf$8
</UL>

<P><STRONG><a name="[17e]"></a>_printf_post_padding</STRONG> (Thumb, 36 bytes, Stack size 24 bytes, printf8.o(i._printf_post_padding), UNUSED)
<BR><BR>[Called By]<UL><LI><a href="#[17c]">&gt;&gt;</a>&nbsp;&nbsp;&nbsp;_printf_core
</UL>

<P><STRONG><a name="[17d]"></a>_printf_pre_padding</STRONG> (Thumb, 46 bytes, Stack size 24 bytes, printf8.o(i._printf_pre_padding), UNUSED)
<BR><BR>[Called By]<UL><LI><a href="#[17c]">&gt;&gt;</a>&nbsp;&nbsp;&nbsp;_printf_core
</UL>

<P><STRONG><a name="[39]"></a>_snputc</STRONG> (Thumb, 22 bytes, Stack size 0 bytes, printf8.o(i._snputc))
<BR>[Address Reference Count : 1]<UL><LI> printf8.o(i.__0snprintf$8)
</UL><P>
<H3>
Undefined Global Symbols
</H3><HR></body></html>
