Component: ARM Compiler 5.06 update 6 (build 750) Tool: armlink [4d35ed]

==============================================================================

Section Cross References

    main.o(i.advertising_start) refers to nrf_log_frontend.o(i.nrf_log_frontend_std_0) for nrf_log_frontend_std_0
    main.o(i.advertising_start) refers to peer_manager.o(i.pm_peers_delete) for pm_peers_delete
    main.o(i.advertising_start) refers to ble_advertising.o(i.ble_advertising_start) for ble_advertising_start
    main.o(i.advertising_start) refers to app_error.o(i.app_error_handler_bare) for app_error_handler_bare
    main.o(i.advertising_start) refers to nrf_log_frontend.o(log_const_data) for m_nrf_log_app_logs_data_const
    main.o(i.advertising_start) refers to main.o(.bss) for .bss
    main.o(i.application_timers_start) refers to app_timer2.o(i.app_timer_start) for app_timer_start
    main.o(i.application_timers_start) refers to app_error.o(i.app_error_handler_bare) for app_error_handler_bare
    main.o(i.application_timers_start) refers to main.o(.constdata) for .constdata
    main.o(i.assert_nrf_callback) refers to app_error_handler_keil.o(.emb_text) for app_error_handler
    main.o(i.battery_level_meas_timeout_handler) refers to sensorsim.o(i.sensorsim_measure) for sensorsim_measure
    main.o(i.battery_level_meas_timeout_handler) refers to ble_bas.o(i.ble_bas_battery_level_update) for ble_bas_battery_level_update
    main.o(i.battery_level_meas_timeout_handler) refers to app_error.o(i.app_error_handler_bare) for app_error_handler_bare
    main.o(i.battery_level_meas_timeout_handler) refers to main.o(.bss) for .bss
    main.o(i.battery_level_meas_timeout_handler) refers to main.o(.data) for .data
    main.o(i.ble_evt_handler) refers to nrf_log_frontend.o(i.nrf_log_frontend_std_0) for nrf_log_frontend_std_0
    main.o(i.ble_evt_handler) refers to bsp.o(i.bsp_indication_set) for bsp_indication_set
    main.o(i.ble_evt_handler) refers to app_error.o(i.app_error_handler_bare) for app_error_handler_bare
    main.o(i.ble_evt_handler) refers to nrf_ble_qwr.o(i.nrf_ble_qwr_conn_handle_assign) for nrf_ble_qwr_conn_handle_assign
    main.o(i.ble_evt_handler) refers to peer_manager.o(i.pm_conn_secure) for pm_conn_secure
    main.o(i.ble_evt_handler) refers to nrf_log_frontend.o(i.nrf_log_frontend_std_1) for nrf_log_frontend_std_1
    main.o(i.ble_evt_handler) refers to nrf_log_frontend.o(i.nrf_log_frontend_std_5) for nrf_log_frontend_std_5
    main.o(i.ble_evt_handler) refers to nrf_log_frontend.o(log_const_data) for m_nrf_log_app_logs_data_const
    main.o(i.ble_evt_handler) refers to main.o(.data) for .data
    main.o(i.ble_evt_handler) refers to main.o(.bss) for .bss
    main.o(i.ble_evt_handler) refers to main.o(.conststring) for .conststring
    main.o(i.bsp_event_handler) refers to main.o(i.sleep_mode_enter) for sleep_mode_enter
    main.o(i.bsp_event_handler) refers to app_error.o(i.app_error_handler_bare) for app_error_handler_bare
    main.o(i.bsp_event_handler) refers to ble_advertising.o(i.ble_advertising_restart_without_whitelist) for ble_advertising_restart_without_whitelist
    main.o(i.bsp_event_handler) refers to main.o(.data) for .data
    main.o(i.bsp_event_handler) refers to main.o(.bss) for .bss
    main.o(i.conn_params_error_handler) refers to app_error.o(i.app_error_handler_bare) for app_error_handler_bare
    main.o(i.gap_params_init) refers to app_error.o(i.app_error_handler_bare) for app_error_handler_bare
    main.o(i.gatt_evt_handler) refers to nrf_log_frontend.o(i.nrf_log_frontend_std_2) for nrf_log_frontend_std_2
    main.o(i.gatt_evt_handler) refers to ble_hrs.o(i.ble_hrs_on_gatt_evt) for ble_hrs_on_gatt_evt
    main.o(i.gatt_evt_handler) refers to nrf_log_frontend.o(log_const_data) for m_nrf_log_app_logs_data_const
    main.o(i.gatt_evt_handler) refers to main.o(.bss) for .bss
    main.o(i.heart_rate_meas_timeout_handler) refers to sensorsim.o(i.sensorsim_measure) for sensorsim_measure
    main.o(i.heart_rate_meas_timeout_handler) refers to ble_hrs.o(i.ble_hrs_heart_rate_measurement_send) for ble_hrs_heart_rate_measurement_send
    main.o(i.heart_rate_meas_timeout_handler) refers to app_error.o(i.app_error_handler_bare) for app_error_handler_bare
    main.o(i.heart_rate_meas_timeout_handler) refers to main.o(.bss) for .bss
    main.o(i.heart_rate_meas_timeout_handler) refers to main.o(.data) for .data
    main.o(i.main) refers to nrf_log_frontend.o(i.nrf_log_init) for nrf_log_init
    main.o(i.main) refers to app_error.o(i.app_error_handler_bare) for app_error_handler_bare
    main.o(i.main) refers to nrf_log_default_backends.o(i.nrf_log_default_backends_init) for nrf_log_default_backends_init
    main.o(i.main) refers to main.o(i.timers_init) for timers_init
    main.o(i.main) refers to bsp.o(i.bsp_init) for bsp_init
    main.o(i.main) refers to bsp_btn_ble.o(i.bsp_btn_ble_init) for bsp_btn_ble_init
    main.o(i.main) refers to nrf_pwr_mgmt.o(i.nrf_pwr_mgmt_init) for nrf_pwr_mgmt_init
[...]
    0x00032c88   0x00032c88   0x00000114   Code   RO         1415    i.local_db_update_in_evt  gatt_cache_manager.o
    0x00032d9c   0x00032d9c   0x00000002   Code   RO         8996    i.log_pending_hook  nrf_log_frontend.o
    0x00032d9e   0x00032d9e   0x00000002   PAD
    0x00032da0   0x00032da0   0x000000a4   Code   RO         8997    i.log_skip          nrf_log_frontend.o
    0x00032e44   0x00032e44   0x000001a4   Code   RO           14    i.main              main.o
    0x00032fe8   0x00032fe8   0x00000064   Code   RO          906    i.manuf_specific_data_encode  ble_advdata.o
    0x0003304c   0x0003304c   0x0000007e   Code   RO         8343    i.memobj_op         nrf_memobj.o
    0x000330ca   0x000330ca   0x00000002   PAD
    0x000330cc   0x000330cc   0x00000030   Code   RO         8998    i.module_idx_get    nrf_log_frontend.o
    0x000330fc   0x000330fc   0x00000008   Code   RO         3110    i.mutex_lock_status_get  pm_buffer.o
    0x00033104   0x00033104   0x000000a6   Code   RO          907    i.name_encode       ble_advdata.o
    0x000331aa   0x000331aa   0x00000002   PAD
    0x000331ac   0x000331ac   0x00000014   Code   RO         3304    i.new_context_get   security_manager.o
    0x000331c0   0x000331c0   0x00000032   Code   RO         3305    i.new_evt           security_manager.o
    0x000331f2   0x000331f2   0x00000030   Code   RO         2612    i.next_id_get       peer_id.o
    0x00033222   0x00033222   0x00000010   Code   RO         7758    i.nrf_atfifo_clear  nrf_atfifo.o
    0x00033232   0x00033232   0x00000026   Code   RO         7760    i.nrf_atfifo_init   nrf_atfifo.o
    0x00033258   0x00033258   0x00000016   Code   RO         7761    i.nrf_atfifo_item_alloc  nrf_atfifo.o
    0x0003326e   0x0003326e   0x00000016   Code   RO         7762    i.nrf_atfifo_item_free  nrf_atfifo.o
    0x00033284   0x00033284   0x00000016   Code   RO         7763    i.nrf_atfifo_item_get  nrf_atfifo.o
    0x0003329a   0x0003329a   0x00000016   Code   RO         7764    i.nrf_atfifo_item_put  nrf_atfifo.o
    0x000332b0   0x000332b0   0x00000016   Code   RO         7826    i.nrf_atflags_clear  nrf_atflags.o
    0x000332c6   0x000332c6   0x00000020   Code   RO         7828    i.nrf_atflags_fetch_set  nrf_atflags.o
    0x000332e6   0x000332e6   0x0000004a   Code   RO         7830    i.nrf_atflags_find_and_set_flag  nrf_atflags.o
    0x00033330   0x00033330   0x00000016   Code   RO         7831    i.nrf_atflags_get   nrf_atflags.o
    0x00033346   0x00033346   0x00000014   Code   RO         7833    i.nrf_atflags_set   nrf_atflags.o
    0x0003335a   0x0003335a   0x00000006   Code   RO         7894    i.nrf_atomic_flag_clear_fetch  nrf_atomic.o
    0x00033360   0x00033360   0x00000006   Code   RO         7895    i.nrf_atomic_flag_set  nrf_atomic.o
    0x00033366   0x00033366   0x00000006   Code   RO         7896    i.nrf_atomic_flag_set_fetch  nrf_atomic.o
    0x0003336c   0x0003336c   0x0000000c   Code   RO         7897    i.nrf_atomic_u32_add  nrf_atomic.o
    0x00033378   0x00033378   0x0000000c   Code   RO         7898    i.nrf_atomic_u32_and  nrf_atomic.o
    0x00033384   0x00033384   0x0000000a   Code   RO         7900    i.nrf_atomic_u32_fetch_add  nrf_atomic.o
    0x0003338e   0x0003338e   0x0000000a   Code   RO         7901    i.nrf_atomic_u32_fetch_and  nrf_atomic.o
    0x00033398   0x00033398   0x0000000a   Code   RO         7902    i.nrf_atomic_u32_fetch_or  nrf_atomic.o
    0x000333a2   0x000333a2   0x0000000a   Code   RO         7903    i.nrf_atomic_u32_fetch_store  nrf_atomic.o
    0x000333ac   0x000333ac   0x0000000c   Code   RO         7907    i.nrf_atomic_u32_or  nrf_atomic.o
    0x000333b8   0x000333b8   0x0000000c   Code   RO         7909    i.nrf_atomic_u32_sub  nrf_atomic.o
    0x000333c4   0x000333c4   0x00000044   Code   RO         8028    i.nrf_balloc_alloc  nrf_balloc.o
    0x00033408   0x00033408   0x00000030   Code   RO         8029    i.nrf_balloc_free   nrf_balloc.o
    0x00033438   0x00033438   0x00000030   Code   RO         8030    i.nrf_balloc_init   nrf_balloc.o
    0x00033468   0x00033468   0x00000010   Code   RO         5847    i.nrf_bitmask_bit_is_set  nrfx_gpiote.o
    0x00033478   0x00033478   0x00000022   Code   RO         1830    i.nrf_ble_gatt_init  nrf_ble_gatt.o
    0x0003349a   0x0003349a   0x00000002   PAD
    0x0003349c   0x0003349c   0x00000150   Code   RO         1831    i.nrf_ble_gatt_on_ble_evt  nrf_ble_gatt.o
    0x000335ec   0x000335ec   0x00000078   Code   RO         1926    i.nrf_ble_lesc_init  nrf_ble_lesc.o
    0x00033664   0x00033664   0x00000148   Code   RO         1927    i.nrf_ble_lesc_keypair_generate  nrf_ble_lesc.o
    0x000337ac   0x000337ac   0x0000010c   Code   RO         1928    i.nrf_ble_lesc_on_ble_evt  nrf_ble_lesc.o
    0x000338b8   0x000338b8   0x0000003c   Code   RO         1932    i.nrf_ble_lesc_public_key_get  nrf_ble_lesc.o
    0x000338f4   0x000338f4   0x00000058   Code   RO         1933    i.nrf_ble_lesc_request_handler  nrf_ble_lesc.o
    0x0003394c   0x0003394c   0x00000016   Code   RO         2311    i.nrf_ble_qwr_conn_handle_assign  nrf_ble_qwr.o
    0x00033962   0x00033962   0x00000024   Code   RO         2312    i.nrf_ble_qwr_init  nrf_ble_qwr.o
    0x00033986   0x00033986   0x000000b6   Code   RO         2313    i.nrf_ble_qwr_on_ble_evt  nrf_ble_qwr.o
    0x00033a3c   0x00033a3c   0x0000000e   Code   RO         5705    i.nrf_clock_event_check  nrfx_clock.o
    0x00033a4a   0x00033a4a   0x00000010   Code   RO         5706    i.nrf_clock_event_clear  nrfx_clock.o
    0x00033a5a   0x00033a5a   0x0000004a   Code   RO         4716    i.nrf_crypto_backend_cc310_curve25519_ecdh_compute  cc310_backend_ecdh.o
    0x00033aa4   0x00033aa4   0x0000000e   Code   RO         4541    i.nrf_crypto_backend_cc310_curve25519_key_from_raw  cc310_backend_ecc.o
    0x00033ab2   0x00033ab2   0x00000002   PAD
    0x00033ab4   0x00033ab4   0x00000048   Code   RO         4542    i.nrf_crypto_backend_cc310_curve25519_key_pair_generate  cc310_backend_ecc.o
    0x00033afc   0x00033afc   0x00000014   Code   RO         4543    i.nrf_crypto_backend_cc310_curve25519_key_to_raw  cc310_backend_ecc.o
    0x00033b10   0x00033b10   0x00000030   Code   RO         4544    i.nrf_crypto_backend_cc310_ecc_error_convert  cc310_backend_ecc.o
    0x00033b40   0x00033b40   0x00000078   Code   RO         4545    i.nrf_crypto_backend_cc310_ecc_public_key_convert  cc310_backend_ecc.o
    0x00033bb8   0x00033bb8   0x0000007e   Code   RO         4717    i.nrf_crypto_backend_cc310_ecdh_compute  cc310_backend_ecdh.o
    0x00033c36   0x00033c36   0x00000002   PAD
    0x00033c38   0x00033c38   0x0000004c   Code   RO         4546    i.nrf_crypto_backend_cc310_ed25519_key_pair_generate  cc310_backend_ecc.o
    0x00033c84   0x00033c84   0x00000062   Code   RO         4547    i.nrf_crypto_backend_cc310_ed25519_private_key_from_raw  cc310_backend_ecc.o
    0x00033ce6   0x00033ce6   0x00000014   Code   RO         4548    i.nrf_crypto_backend_cc310_ed25519_private_key_to_raw  cc310_backend_ecc.o
    0x00033cfa   0x00033cfa   0x00000012   Code   RO         4549    i.nrf_crypto_backend_cc310_ed25519_public_key_calculate  cc310_backend_ecc.o
    0x00033d0c   0x00033d0c   0x0000000e   Code   RO         4550    i.nrf_crypto_backend_cc310_ed25519_public_key_from_raw  cc310_backend_ecc.o
    0x00033d1a   0x00033d1a   0x00000014   Code   RO         4551    i.nrf_crypto_backend_cc310_ed25519_public_key_to_raw  cc310_backend_ecc.o
    0x00033d2e   0x00033d2e   0x00000002   PAD
    0x00033d30   0x00033d30   0x00000050   Code   RO         4552    i.nrf_crypto_backend_cc310_key_pair_generate  cc310_backend_ecc.o
    0x00033d80   0x00033d80   0x0000003e   Code   RO         4553    i.nrf_crypto_backend_cc310_private_key_from_raw  cc310_backend_ecc.o
    0x00033dbe   0x00033dbe   0x00000024   Code   RO         4554    i.nrf_crypto_backend_cc310_private_key_to_raw  cc310_backend_ecc.o
    0x00033de2   0x00033de2   0x00000016   Code   RO         4555    i.nrf_crypto_backend_cc310_public_key_from_raw  cc310_backend_ecc.o
    0x00033df8   0x00033df8   0x0000006e   Code   RO         4556    i.nrf_crypto_backend_cc310_public_key_to_raw  cc310_backend_ecc.o
    0x00033e66   0x00033e66   0x00000002   PAD
    0x00033e68   0x00033e68   0x00000024   Code   RO         5111    i.nrf_crypto_backend_cc310_rng  cc310_backend_shared.o
    0x00033e8c   0x00033e8c   0x00000052   Code   RO         3799    i.nrf_crypto_ecc_byte_order_invert  nrf_crypto_ecc.o
    0x00033ede   0x00033ede   0x00000002   PAD
    0x00033ee0   0x00033ee0   0x00000088   Code   RO         3801    i.nrf_crypto_ecc_key_pair_generate  nrf_crypto_ecc.o
    0x00033f68   0x00033f68   0x00000048   Code   RO         3807    i.nrf_crypto_ecc_public_key_from_raw  nrf_crypto_ecc.o
    0x00033fb0   0x00033fb0   0x00000044   Code   RO         3808    i.nrf_crypto_ecc_public_key_to_raw  nrf_crypto_ecc.o
    0x00033ff4   0x00033ff4   0x000000a0   Code   RO         3900    i.nrf_crypto_ecdh_compute  nrf_crypto_ecdh.o
    0x00034094   0x00034094   0x00000040   Code   RO         4147    i.nrf_crypto_init   nrf_crypto_init.o
    0x000340d4   0x000340d4   0x00000018   Code   RO         3809    i.nrf_crypto_internal_ecc_key_input_check  nrf_crypto_ecc.o
    0x000340ec   0x000340ec   0x0000001a   Code   RO         3810    i.nrf_crypto_internal_ecc_key_output_prepare  nrf_crypto_ecc.o
    0x00034106   0x00034106   0x00000016   Code   RO         3811    i.nrf_crypto_internal_ecc_raw_input_check  nrf_crypto_ecc.o
    0x0003411c   0x0003411c   0x0000001c   Code   RO         3812    i.nrf_crypto_internal_ecc_raw_output_prepare  nrf_crypto_ecc.o
    0x00034138   0x00034138   0x0000001c   Code   RO         4149    i.nrf_crypto_is_initializing  nrf_crypto_init.o
    0x00034154   0x00034154   0x00000038   Code   RO         5056    i.nrf_crypto_rng_backend_init  cc310_backend_rng.o
    0x0003418c   0x0003418c   0x0000005a   Code   RO         5057    i.nrf_crypto_rng_backend_reseed  cc310_backend_rng.o
    0x000341e6   0x000341e6   0x00000038   Code   RO         5059    i.nrf_crypto_rng_backend_vector_generate  cc310_backend_rng.o
    0x0003421e   0x0003421e   0x00000002   PAD
    0x00034220   0x00034220   0x000000b4   Code   RO         4195    i.nrf_crypto_rng_init  nrf_crypto_rng.o
    0x000342d4   0x000342d4   0x00000098   Code   RO         4196    i.nrf_crypto_rng_reseed  nrf_crypto_rng.o
    0x0003436c   0x0003436c   0x00000006   Code   RO         4198    i.nrf_crypto_rng_vector_generate  nrf_crypto_rng.o
    0x00034372   0x00034372   0x00000006   Code   RO         4201    i.nrf_crypto_rng_vector_generate_no_mutex  nrf_crypto_rng.o
    0x00034378   0x00034378   0x00000040   Code   RO         5281    i.nrf_drv_clock_init  nrf_drv_clock.o
    0x000343b8   0x000343b8   0x00000034   Code   RO         5285    i.nrf_drv_clock_lfclk_release  nrf_drv_clock.o
    0x000343ec   0x000343ec   0x00000068   Code   RO         5513    i.nrf_drv_uart_init  nrf_drv_uart.o
    0x00034454   0x00034454   0x0000001a   Code   RO         8065    i.nrf_fprintf       nrf_fprintf.o
    0x0003446e   0x0003446e   0x00000018   Code   RO         8066    i.nrf_fprintf_buffer_flush  nrf_fprintf.o
    0x00034486   0x00034486   0x000001da   Code   RO         8106    i.nrf_fprintf_fmt   nrf_fprintf_format.o
    0x00034660   0x00034660   0x00000138   Code   RO         8146    i.nrf_fstorage_erase  nrf_fstorage.o
    0x00034798   0x00034798   0x00000094   Code   RO         8147    i.nrf_fstorage_init  nrf_fstorage.o
    0x0003482c   0x0003482c   0x00000018   Code   RO         8235    i.nrf_fstorage_sdh_req_handler  nrf_fstorage_sd.o
    0x00034844   0x00034844   0x00000020   Code   RO         8236    i.nrf_fstorage_sdh_state_handler  nrf_fstorage_sd.o
    0x00034864   0x00034864   0x000000a4   Code   RO         8237    i.nrf_fstorage_sys_evt_handler  nrf_fstorage_sd.o
    0x00034908   0x00034908   0x000001dc   Code   RO         8153    i.nrf_fstorage_write  nrf_fstorage.o
    0x00034ae4   0x00034ae4   0x00000032   Code   RO          490    i.nrf_gpio_cfg      boards.o
    0x00034b16   0x00034b16   0x00000032   Code   RO         5848    i.nrf_gpio_cfg      nrfx_gpiote.o
    0x00034b48   0x00034b48   0x00000032   Code   RO         6289    i.nrf_gpio_cfg      nrfx_uart.o
    0x00034b7a   0x00034b7a   0x00000032   Code   RO         6485    i.nrf_gpio_cfg      nrfx_uarte.o
    0x00034bac   0x00034bac   0x00000012   Code   RO         6290    i.nrf_gpio_cfg_default  nrfx_uart.o
    0x00034bbe   0x00034bbe   0x00000012   Code   RO         6486    i.nrf_gpio_cfg_default  nrfx_uarte.o
    0x00034bd0   0x00034bd0   0x00000012   Code   RO         6291    i.nrf_gpio_cfg_input  nrfx_uart.o
    0x00034be2   0x00034be2   0x00000012   Code   RO         6487    i.nrf_gpio_cfg_input  nrfx_uarte.o
    0x00034bf4   0x00034bf4   0x00000014   Code   RO         6292    i.nrf_gpio_cfg_output  nrfx_uart.o
    0x00034c08   0x00034c08   0x00000014   Code   RO         6488    i.nrf_gpio_cfg_output  nrfx_uarte.o
    0x00034c1c   0x00034c1c   0x00000030   Code   RO         5850    i.nrf_gpio_cfg_sense_set  nrfx_gpiote.o
    0x00034c4c   0x00034c4c   0x00000030   Code   RO         5851    i.nrf_gpio_latches_read_and_clear  nrfx_gpiote.o
    0x00034c7c   0x00034c7c   0x0000001c   Code   RO          491    i.nrf_gpio_pin_port_decode  boards.o
    0x00034c98   0x00034c98   0x0000001c   Code   RO         5853    i.nrf_gpio_pin_port_decode  nrfx_gpiote.o
    0x00034cb4   0x00034cb4   0x0000001c   Code   RO         6293    i.nrf_gpio_pin_port_decode  nrfx_uart.o
    0x00034cd0   0x00034cd0   0x0000001c   Code   RO         6489    i.nrf_gpio_pin_port_decode  nrfx_uarte.o
    0x00034cec   0x00034cec   0x0000002c   Code   RO         5854    i.nrf_gpio_pin_present_check  nrfx_gpiote.o
    0x00034d18   0x00034d18   0x00000016   Code   RO         5855    i.nrf_gpio_pin_read  nrfx_gpiote.o
    0x00034d2e   0x00034d2e   0x00000014   Code   RO         6294    i.nrf_gpio_pin_set  nrfx_uart.o
    0x00034d42   0x00034d42   0x00000014   Code   RO         6490    i.nrf_gpio_pin_set  nrfx_uarte.o
    0x00034d56   0x00034d56   0x00000026   Code   RO          492    i.nrf_gpio_pin_write  boards.o
    0x00034d7c   0x00034d7c   0x00000014   Code   RO         5857    i.nrf_gpiote_event_clear  nrfx_gpiote.o
    0x00034d90   0x00034d90   0x00000010   Code   RO         5858    i.nrf_gpiote_event_is_set  nrfx_gpiote.o
    0x00034da0   0x00034da0   0x0000005c   Code   RO         8999    i.nrf_log_backend_add  nrf_log_frontend.o
    0x00034dfc   0x00034dfc   0x000000c8   Code   RO         8843    i.nrf_log_backend_serial_put  nrf_log_backend_serial.o
    0x00034ec4   0x00034ec4   0x00000002   Code   RO         8883    i.nrf_log_backend_uart_flush  nrf_log_backend_uart.o
    0x00034ec6   0x00034ec6   0x00000006   Code   RO         8884    i.nrf_log_backend_uart_init  nrf_log_backend_uart.o
    0x00034ecc   0x00034ecc   0x0000002c   Code   RO         8885    i.nrf_log_backend_uart_panic_set  nrf_log_backend_uart.o
    0x00034ef8   0x00034ef8   0x00000018   Code   RO         8886    i.nrf_log_backend_uart_put  nrf_log_backend_uart.o
    0x00034f10   0x00034f10   0x00000030   Code   RO         9001    i.nrf_log_color_id_get  nrf_log_frontend.o
    0x00034f40   0x00034f40   0x0000001c   Code   RO         8956    i.nrf_log_default_backends_init  nrf_log_default_backends.o
    0x00034f5c   0x00034f5c   0x00000238   Code   RO         9002    i.nrf_log_frontend_dequeue  nrf_log_frontend.o
    0x00035194   0x00035194   0x00000008   Code   RO         9004    i.nrf_log_frontend_std_0  nrf_log_frontend.o
    0x0003519c   0x0003519c   0x0000000e   Code   RO         9005    i.nrf_log_frontend_std_1  nrf_log_frontend.o
    0x000351aa   0x000351aa   0x00000010   Code   RO         9006    i.nrf_log_frontend_std_2  nrf_log_frontend.o
    0x000351ba   0x000351ba   0x00000012   Code   RO         9007    i.nrf_log_frontend_std_3  nrf_log_frontend.o
    0x000351cc   0x000351cc   0x00000014   Code   RO         9008    i.nrf_log_frontend_std_4  nrf_log_frontend.o
    0x000351e0   0x000351e0   0x0000001c   Code   RO         9009    i.nrf_log_frontend_std_5  nrf_log_frontend.o
    0x000351fc   0x000351fc   0x000000b0   Code   RO         9185    i.nrf_log_hexdump_entry_process  nrf_log_str_formatter.o
    0x000352ac   0x000352ac   0x00000028   Code   RO         9011    i.nrf_log_init      nrf_log_frontend.o
    0x000352d4   0x000352d4   0x00000014   Code   RO         9012    i.nrf_log_module_cnt_get  nrf_log_frontend.o
    0x000352e8   0x000352e8   0x0000001c   Code   RO         9015    i.nrf_log_module_name_get  nrf_log_frontend.o
    0x00035304   0x00035304   0x00000028   Code   RO         9016    i.nrf_log_panic     nrf_log_frontend.o
    0x0003532c   0x0003532c   0x000000b6   Code   RO         9186    i.nrf_log_std_entry_process  nrf_log_str_formatter.o
    0x000353e2   0x000353e2   0x00000060   Code   RO         8344    i.nrf_memobj_alloc  nrf_memobj.o
    0x00035442   0x00035442   0x00000032   Code   RO         8345    i.nrf_memobj_free   nrf_memobj.o
    0x00035474   0x00035474   0x00000008   Code   RO         8346    i.nrf_memobj_get    nrf_memobj.o
    0x0003547c   0x0003547c   0x00000004   Code   RO         8347    i.nrf_memobj_pool_init  nrf_memobj.o
    0x00035480   0x00035480   0x0000001e   Code   RO         8348    i.nrf_memobj_put    nrf_memobj.o
    0x0003549e   0x0003549e   0x00000010   Code   RO         8349    i.nrf_memobj_read   nrf_memobj.o
    0x000354ae   0x000354ae   0x00000010   Code   RO         8350    i.nrf_memobj_write  nrf_memobj.o
    0x000354be   0x000354be   0x00000002   PAD
    0x000354c0   0x000354c0   0x00000028   Code   RO         8422    i.nrf_pwr_mgmt_init  nrf_pwr_mgmt.o
    0x000354e8   0x000354e8   0x00000044   Code   RO         8423    i.nrf_pwr_mgmt_run  nrf_pwr_mgmt.o
    0x0003552c   0x0003552c   0x0000001e   Code   RO         8496    i.nrf_queue_is_full  nrf_queue.o
    0x0003554a   0x0003554a   0x0000000e   Code   RO         8499    i.nrf_queue_next_idx  nrf_queue.o
    0x00035558   0x00035558   0x000000b2   Code   RO         8501    i.nrf_queue_push    nrf_queue.o
    0x0003560a   0x0003560a   0x00000004   Code   RO           15    i.nrf_qwr_error_handler  main.o
    0x0003560e   0x0003560e   0x0000001c   Code   RO         8614    i.nrf_ringbuf_init  nrf_ringbuf.o
    0x0003562a   0x0003562a   0x0000000c   Code   RO         7154    i.nrf_rtc_event_clear  drv_rtc.o
    0x00035636   0x00035636   0x00000002   PAD
    0x00035638   0x00035638   0x00000014   Code   RO         9720    i.nrf_sdh_ble_app_ram_start_get  nrf_sdh_ble.o
    0x0003564c   0x0003564c   0x00000134   Code   RO         9721    i.nrf_sdh_ble_default_cfg_set  nrf_sdh_ble.o
    0x00035780   0x00035780   0x00000130   Code   RO         9722    i.nrf_sdh_ble_enable  nrf_sdh_ble.o
    0x000358b0   0x000358b0   0x00000060   Code   RO         9723    i.nrf_sdh_ble_evts_poll  nrf_sdh_ble.o
    0x00035910   0x00035910   0x00000054   Code   RO         9601    i.nrf_sdh_disable_request  nrf_sdh.o
    0x00035964   0x00035964   0x00000074   Code   RO         9602    i.nrf_sdh_enable_request  nrf_sdh.o
    0x000359d8   0x000359d8   0x00000024   Code   RO         9603    i.nrf_sdh_evts_poll  nrf_sdh.o
    0x000359fc   0x000359fc   0x0000000c   Code   RO         9604    i.nrf_sdh_is_enabled  nrf_sdh.o
    0x00035a08   0x00035a08   0x0000001c   Code   RO         9606    i.nrf_sdh_request_continue  nrf_sdh.o
    0x00035a24   0x00035a24   0x0000003c   Code   RO         9774    i.nrf_sdh_soc_evts_poll  nrf_sdh_soc.o
    0x00035a60   0x00035a60   0x0000000a   Code   RO         8672    i.nrf_section_iter_init  nrf_section_iter.o
    0x00035a6a   0x00035a6a   0x00000024   Code   RO         8673    i.nrf_section_iter_item_set  nrf_section_iter.o
    0x00035a8e   0x00035a8e   0x00000020   Code   RO         8674    i.nrf_section_iter_next  nrf_section_iter.o
    0x00035aae   0x00035aae   0x00000022   Code   RO         8707    i.nrf_sortlist_add  nrf_sortlist.o
    0x00035ad0   0x00035ad0   0x00000006   Code   RO         8709    i.nrf_sortlist_peek  nrf_sortlist.o
    0x00035ad6   0x00035ad6   0x0000000e   Code   RO         8710    i.nrf_sortlist_pop  nrf_sortlist.o
    0x00035ae4   0x00035ae4   0x0000001e   Code   RO         8711    i.nrf_sortlist_remove  nrf_sortlist.o
    0x00035b02   0x00035b02   0x00000002   PAD
    0x00035b04   0x00035b04   0x00000014   Code   RO         4202    i.nrf_stack_info_overflowed  nrf_crypto_rng.o
    0x00035b18   0x00035b18   0x00000038   Code   RO         8763    i.nrf_strerror_find  nrf_strerror.o
    0x00035b50   0x00035b50   0x00000014   Code   RO         8764    i.nrf_strerror_get  nrf_strerror.o
    0x00035b64   0x00035b64   0x0000000a   Code   RO         6295    i.nrf_uart_event_check  nrfx_uart.o
    0x00035b6e   0x00035b6e   0x0000000c   Code   RO         6296    i.nrf_uart_event_clear  nrfx_uart.o
    0x00035b7a   0x00035b7a   0x0000000c   Code   RO         6297    i.nrf_uart_int_enable_check  nrfx_uart.o
    0x00035b86   0x00035b86   0x0000000a   Code   RO         6491    i.nrf_uarte_event_check  nrfx_uarte.o
    0x00035b90   0x00035b90   0x0000000c   Code   RO         6492    i.nrf_uarte_event_clear  nrfx_uarte.o
    0x00035b9c   0x00035b9c   0x00000010   Code   RO         5288    i.nrf_wdt_started   nrf_drv_clock.o
    0x00035bac   0x00035bac   0x0000002c   Code   RO         5711    i.nrfx_clock_enable  nrfx_clock.o
    0x00035bd8   0x00035bd8   0x00000020   Code   RO         5714    i.nrfx_clock_init   nrfx_clock.o
    0x00035bf8   0x00035bf8   0x00000030   Code   RO         5717    i.nrfx_clock_lfclk_stop  nrfx_clock.o
    0x00035c28   0x00035c28   0x00000010   Code   RO         7155    i.nrfx_coredep_delay_us  drv_rtc.o
    0x00035c38   0x00035c38   0x00000098   Code   RO         5864    i.nrfx_gpiote_in_event_enable  nrfx_gpiote.o
    0x00035cd0   0x00035cd0   0x000000d0   Code   RO         5866    i.nrfx_gpiote_in_init  nrfx_gpiote.o
    0x00035da0   0x00035da0   0x0000000e   Code   RO         5867    i.nrfx_gpiote_in_is_set  nrfx_gpiote.o
    0x00035dae   0x00035dae   0x00000002   PAD
    0x00035db0   0x00035db0   0x00000078   Code   RO         5869    i.nrfx_gpiote_init  nrfx_gpiote.o
    0x00035e28   0x00035e28   0x00000014   Code   RO         5870    i.nrfx_gpiote_is_init  nrfx_gpiote.o
    0x00035e3c   0x00035e3c   0x00000010   Code   RO         6493    i.nrfx_is_in_ram    nrfx_uarte.o
    0x00035e4c   0x00035e4c   0x0000003a   Code   RO         6169    i.nrfx_prs_acquire  nrfx_prs.o
    0x00035e86   0x00035e86   0x00000012   Code   RO         6170    i.nrfx_prs_release  nrfx_prs.o
    0x00035e98   0x00035e98   0x00000038   Code   RO         5432    i.nrfx_rng_handler  nrf_drv_rng.o
    0x00035ed0   0x00035ed0   0x00000058   Code   RO         6223    i.nrfx_rng_init     nrfx_rng.o
    0x00035f28   0x00035f28   0x00000020   Code   RO         6224    i.nrfx_rng_start    nrfx_rng.o
    0x00035f48   0x00035f48   0x00000014   Code   RO         6225    i.nrfx_rng_stop     nrfx_rng.o
    0x00035f5c   0x00035f5c   0x00000030   Code   RO         6226    i.nrfx_rng_uninit   nrfx_rng.o
    0x00035f8c   0x00035f8c   0x00000010   Code   RO         6298    i.nrfx_uart_0_irq_handler  nrfx_uart.o
    0x00035f9c   0x00035f9c   0x000000d4   Code   RO         6300    i.nrfx_uart_init    nrfx_uart.o
    0x00036070   0x00036070   0x000000a8   Code   RO         6306    i.nrfx_uart_tx      nrfx_uart.o
    0x00036118   0x00036118   0x00000020   Code   RO         6308    i.nrfx_uart_tx_in_progress  nrfx_uart.o
    0x00036138   0x00036138   0x000000c0   Code   RO         6309    i.nrfx_uart_uninit  nrfx_uart.o
    0x000361f8   0x000361f8   0x00000010   Code   RO         6494    i.nrfx_uarte_0_irq_handler  nrfx_uarte.o
    0x00036208   0x00036208   0x0000006c   Code   RO         6496    i.nrfx_uarte_init   nrfx_uarte.o
    0x00036274   0x00036274   0x000000ac   Code   RO         6500    i.nrfx_uarte_tx     nrfx_uarte.o
    0x00036320   0x00036320   0x0000001c   Code   RO         6502    i.nrfx_uarte_tx_in_progress  nrfx_uarte.o
    0x0003633c   0x0003633c   0x00000108   Code   RO         6503    i.nrfx_uarte_uninit  nrfx_uarte.o
    0x00036444   0x00036444   0x00000018   Code   RO        10086    i.nvmc_config       system_nrf52.o
    0x0003645c   0x0003645c   0x00000054   Code   RO           16    i.on_adv_evt        main.o
    0x000364b0   0x000364b0   0x0000001c   Code   RO           17    i.on_conn_params_evt  main.o
    0x000364cc   0x000364cc   0x000000a8   Code   RO         1832    i.on_connected_evt  nrf_ble_gatt.o
    0x00036574   0x00036574   0x00000190   Code   RO         1934    i.on_dhkey_request  nrf_ble_lesc.o
    0x00036704   0x00036704   0x000000ac   Code   RO         1833    i.on_exchange_mtu_request_evt  nrf_ble_gatt.o
    0x000367b0   0x000367b0   0x00000024   Code   RO         7336    i.page_identify     fds.o
    0x000367d4   0x000367d4   0x0000001c   Code   RO         7337    i.page_offsets_update  fds.o
    0x000367f0   0x000367f0   0x0000006c   Code   RO         7338    i.page_scan         fds.o
    0x0003685c   0x0003685c   0x0000001c   Code   RO         7339    i.page_tag_write_data  fds.o
    0x00036878   0x00036878   0x00000024   Code   RO         7340    i.page_tag_write_swap  fds.o
    0x0003689c   0x0003689c   0x00000130   Code   RO         7341    i.pages_init        fds.o
    0x000369cc   0x000369cc   0x0000000c   Code   RO         3164    i.pairing           security_dispatcher.o
    0x000369d8   0x000369d8   0x00000074   Code   RO         3165    i.pairing_failure   security_dispatcher.o
    0x00036a4c   0x00036a4c   0x0000002e   Code   RO         3166    i.pairing_success_evt_send  security_dispatcher.o
    0x00036a7a   0x00036a7a   0x00000006   Code   RO         3306    i.params_reply_pending_handle  security_manager.o
    0x00036a80   0x00036a80   0x00000020   Code   RO         3307    i.params_req_send   security_manager.o
    0x00036aa0   0x00036aa0   0x0000001c   Code   RO         2492    i.pdb_evt_send      peer_database.o
    0x00036abc   0x00036abc   0x00000090   Code   RO         2493    i.pdb_init          peer_database.o
    0x00036b4c   0x00036b4c   0x0000007c   Code   RO         2494    i.pdb_pds_evt_handler  peer_database.o
    0x00036bc8   0x00036bc8   0x00000006   Code   RO         2495    i.pdb_peer_data_ptr_get  peer_database.o
    0x00036bce   0x00036bce   0x00000002   PAD
    0x00036bd0   0x00036bd0   0x0000008c   Code   RO         2496    i.pdb_peer_free     peer_database.o
    0x00036c5c   0x00036c5c   0x000000dc   Code   RO         2497    i.pdb_write_buf_get  peer_database.o
    0x00036d38   0x00036d38   0x00000014   Code   RO         2498    i.pdb_write_buf_release  peer_database.o
    0x00036d4c   0x00036d4c   0x00000036   Code   RO         2499    i.pdb_write_buf_store  peer_database.o
    0x00036d82   0x00036d82   0x00000002   PAD
    0x00036d84   0x00036d84   0x00000010   Code   RO         2354    i.pds_evt_send      peer_data_storage.o
    0x00036d94   0x00036d94   0x000000dc   Code   RO         2355    i.pds_init          peer_data_storage.o
    0x00036e70   0x00036e70   0x00000004   Code   RO         2356    i.pds_next_deleted_peer_id_get  peer_data_storage.o
    0x00036e74   0x00036e74   0x00000004   Code   RO         2357    i.pds_next_peer_id_get  peer_data_storage.o
    0x00036e78   0x00036e78   0x00000058   Code   RO         2360    i.pds_peer_data_iterate  peer_data_storage.o
    0x00036ed0   0x00036ed0   0x00000010   Code   RO         2361    i.pds_peer_data_iterate_prepare  peer_data_storage.o
    0x00036ee0   0x00036ee0   0x00000072   Code   RO         2362    i.pds_peer_data_read  peer_data_storage.o
    0x00036f52   0x00036f52   0x00000002   PAD
    0x00036f54   0x00036f54   0x000000b4   Code   RO         2363    i.pds_peer_data_store  peer_data_storage.o
    0x00037008   0x00037008   0x00000008   Code   RO         2364    i.pds_peer_id_allocate  peer_data_storage.o
    0x00037010   0x00037010   0x00000016   Code   RO         2365    i.pds_peer_id_free  peer_data_storage.o
    0x00037026   0x00037026   0x00000004   Code   RO         2366    i.pds_peer_id_is_allocated  peer_data_storage.o
    0x0003702a   0x0003702a   0x00000002   PAD
    0x0003702c   0x0003702c   0x000000a8   Code   RO         2368    i.peer_data_delete_process  peer_data_storage.o
    0x000370d4   0x000370d4   0x00000030   Code   RO         2369    i.peer_data_find    peer_data_storage.o
    0x00037104   0x00037104   0x00000024   Code   RO         2370    i.peer_data_id_is_valid  peer_data_storage.o
    0x00037128   0x00037128   0x0000001a   Code   RO         2500    i.peer_data_point_to_buffer  peer_database.o
    0x00037142   0x00037142   0x00000002   PAD
    0x00037144   0x00037144   0x0000000c   Code   RO         2613    i.peer_id_allocate  peer_id.o
    0x00037150   0x00037150   0x00000024   Code   RO         2614    i.peer_id_delete    peer_id.o
    0x00037174   0x00037174   0x0000001c   Code   RO         2615    i.peer_id_free      peer_id.o
    0x00037190   0x00037190   0x0000000c   Code   RO         2616    i.peer_id_get_next_deleted  peer_id.o
    0x0003719c   0x0003719c   0x00000030   Code   RO         2617    i.peer_id_get_next_used  peer_id.o
    0x000371cc   0x000371cc   0x0000000c   Code   RO         2618    i.peer_id_init      peer_id.o
    0x000371d8   0x000371d8   0x00000014   Code   RO         2619    i.peer_id_is_allocated  peer_id.o
    0x000371ec   0x000371ec   0x00000014   Code   RO         2620    i.peer_id_is_deleted  peer_id.o
    0x00037200   0x00037200   0x0000006c   Code   RO           18    i.peer_manager_init  main.o
    0x0003726c   0x0003726c   0x00000016   Code   RO         1015    i.phy_is_valid      ble_advertising.o
    0x00037282   0x00037282   0x00000002   PAD
    0x00037284   0x00037284   0x0000001c   Code   RO         5888    i.pin_configured_set  nrfx_gpiote.o
    0x000372a0   0x000372a0   0x00000018   Code   RO         5889    i.pin_in_use_by_port  nrfx_gpiote.o
    0x000372b8   0x000372b8   0x00000018   Code   RO         5890    i.pin_in_use_by_te  nrfx_gpiote.o
    0x000372d0   0x000372d0   0x00000064   Code   RO         3111    i.pm_buffer_block_acquire  pm_buffer.o
    0x00037334   0x00037334   0x00000024   Code   RO         3112    i.pm_buffer_init    pm_buffer.o
    0x00037358   0x00037358   0x00000028   Code   RO         3113    i.pm_buffer_ptr_get  pm_buffer.o
    0x00037380   0x00037380   0x00000032   Code   RO         3114    i.pm_buffer_release  pm_buffer.o
    0x000373b2   0x000373b2   0x00000002   PAD
    0x000373b4   0x000373b4   0x00000014   Code   RO         2708    i.pm_conn_sec_status_get  peer_manager.o
    0x000373c8   0x000373c8   0x0000001c   Code   RO         2709    i.pm_conn_secure    peer_manager.o
    0x000373e4   0x000373e4   0x00000026   Code   RO           19    i.pm_evt_handler    main.o
    0x0003740a   0x0003740a   0x00000004   Code   RO         2711    i.pm_gcm_evt_handler  peer_manager.o
    0x0003740e   0x0003740e   0x00000004   Code   RO         2712    i.pm_gscm_evt_handler  peer_manager.o
    0x00037412   0x00037412   0x00000002   PAD
    0x00037414   0x00037414   0x00000068   Code   RO         3016    i.pm_handler_disconnect_on_sec_failure  peer_manager_handler.o
    0x0003747c   0x0003747c   0x00000244   Code   RO         3017    i.pm_handler_flash_clean  peer_manager_handler.o
    0x000376c0   0x000376c0   0x0000001c   Code   RO         3018    i.pm_handler_flash_clean_on_return  peer_manager_handler.o
    0x000376dc   0x000376dc   0x00000054   Code   RO         3019    i.pm_handler_on_pm_evt  peer_manager_handler.o
    0x00037730   0x00037730   0x00000310   Code   RO         3020    i.pm_handler_pm_evt_log  peer_manager_handler.o
    0x00037a40   0x00037a40   0x00000004   Code   RO         2715    i.pm_im_evt_handler  peer_manager.o
    0x00037a44   0x00037a44   0x000001c0   Code   RO         2716    i.pm_init           peer_manager.o
    0x00037c04   0x00037c04   0x00000118   Code   RO         2720    i.pm_pdb_evt_handler  peer_manager.o
    0x00037d1c   0x00037d1c   0x00000014   Code   RO         2731    i.pm_peer_delete    peer_manager.o
    0x00037d30   0x00037d30   0x0000011c   Code   RO         2735    i.pm_peer_rank_highest  peer_manager.o
    0x00037e4c   0x00037e4c   0x000000e8   Code   RO         2736    i.pm_peer_ranks_get  peer_manager.o
    0x00037f34   0x00037f34   0x00000094   Code   RO         2737    i.pm_peers_delete   peer_manager.o
    0x00037fc8   0x00037fc8   0x0000002c   Code   RO         2740    i.pm_register       peer_manager.o
    0x00037ff4   0x00037ff4   0x00000014   Code   RO         2742    i.pm_sec_params_set  peer_manager.o
    0x00038008   0x00038008   0x0000000a   Code   RO         2743    i.pm_sm_evt_handler  peer_manager.o
    0x00038012   0x00038012   0x00000034   Code   RO         3538    i.pnp_id_encode     ble_dis.o
    0x00038046   0x00038046   0x00000002   PAD
    0x00038048   0x00038048   0x000000d0   Code   RO         5891    i.port_event_handle  nrfx_gpiote.o
    0x00038118   0x00038118   0x00000010   Code   RO         5892    i.port_handler_polarity_get  nrfx_gpiote.o
    0x00038128   0x00038128   0x0000003c   Code   RO         9188    i.postfix_process   nrf_log_str_formatter.o
    0x00038164   0x00038164   0x00000098   Code   RO         9189    i.prefix_process    nrf_log_str_formatter.o
    0x000381fc   0x000381fc   0x00000018   Code   RO         6171    i.prs_box_get       nrfx_prs.o
    0x00038214   0x00038214   0x0000001c   Code   RO         7342    i.queue_buf_get     fds.o
    0x00038230   0x00038230   0x00000010   Code   RO         7343    i.queue_buf_store   fds.o
    0x00038240   0x00038240   0x00000014   Code   RO         8238    i.queue_free        nrf_fstorage_sd.o
    0x00038254   0x00038254   0x000000a4   Code   RO         7344    i.queue_process     fds.o
    0x000382f8   0x000382f8   0x000000a0   Code   RO         8239    i.queue_process     nrf_fstorage_sd.o
    0x00038398   0x00038398   0x0000001c   Code   RO         7345    i.queue_start       fds.o
    0x000383b4   0x000383b4   0x00000024   Code   RO         8240    i.queue_start       nrf_fstorage_sd.o
    0x000383d8   0x000383d8   0x00000018   Code   RO         8507    i.queue_utilization_get  nrf_queue.o
    0x000383f0   0x000383f0   0x0000001c   Code   RO         3023    i.rank_highest      peer_manager_handler.o
    0x0003840c   0x0003840c   0x00000030   Code   RO         2746    i.rank_vars_update  peer_manager.o
    0x0003843c   0x0003843c   0x0000000e   Code   RO         8241    i.read              nrf_fstorage_sd.o
    0x0003844a   0x0003844a   0x00000002   PAD
    0x0003844c   0x0003844c   0x000000a8   Code   RO         2501    i.reattempt_previous_operations  peer_database.o
    0x000384f4   0x000384f4   0x00000090   Code   RO         7346    i.record_find       fds.o
    0x00038584   0x00038584   0x000000a0   Code   RO         7347    i.record_find_by_desc  fds.o
    0x00038624   0x00038624   0x0000005c   Code   RO         7348    i.record_find_next  fds.o
    0x00038680   0x00038680   0x0000003c   Code   RO         7349    i.record_header_flag_dirty  fds.o
    0x000386bc   0x000386bc   0x00000088   Code   RO         7350    i.records_stat      fds.o
    0x00038744   0x00038744   0x00000010   Code   RO         2622    i.release           peer_id.o
    0x00038754   0x00038754   0x000000f0   Code   RO         5060    i.result_get        cc310_backend_rng.o
    0x00038844   0x00038844   0x00000004   Code   RO         8242    i.rmap              nrf_fstorage_sd.o
    0x00038848   0x00038848   0x00000088   Code   RO           20    i.rr_interval_timeout_handler  main.o
    0x000388d0   0x000388d0   0x0000005c   Code   RO         6907    i.rtc_irq           app_timer2.o
    0x0003892c   0x0003892c   0x0000006c   Code   RO         6908    i.rtc_schedule      app_timer2.o
    0x00038998   0x00038998   0x0000008c   Code   RO         6909    i.rtc_update        app_timer2.o
    0x00038a24   0x00038a24   0x00000032   Code   RO         6310    i.rx_byte           nrfx_uart.o
    0x00038a56   0x00038a56   0x00000016   Code   RO         6311    i.rx_done_event     nrfx_uart.o
    0x00038a6c   0x00038a6c   0x00000016   Code   RO         6504    i.rx_done_event     nrfx_uarte.o
    0x00038a82   0x00038a82   0x00000002   PAD
    0x00038a84   0x00038a84   0x00000024   Code   RO         1416    i.sc_send_pending_handle  gatt_cache_manager.o
    0x00038aa8   0x00038aa8   0x00000058   Code   RO         5289    i.sd_state_evt_handler  nrf_drv_clock.o
    0x00038b00   0x00038b00   0x00000050   Code   RO         5433    i.sd_state_evt_handler  nrf_drv_rng.o
    0x00038b50   0x00038b50   0x00000030   Code   RO         9609    i.sdh_request_observer_notify  nrf_sdh.o
    0x00038b80   0x00038b80   0x0000002c   Code   RO         9610    i.sdh_state_observer_notify  nrf_sdh.o
    0x00038bac   0x00038bac   0x000000d8   Code   RO         3167    i.sec_info_request_process  security_dispatcher.o
    0x00038c84   0x00038c84   0x000000f4   Code   RO         3168    i.sec_keyset_fill   security_dispatcher.o
    0x00038d78   0x00038d78   0x00000076   Code   RO         3308    i.sec_params_verify  security_manager.o
    0x00038dee   0x00038dee   0x00000002   PAD
    0x00038df0   0x00038df0   0x00000060   Code   RO         3169    i.sec_proc_start    security_dispatcher.o
    0x00038e50   0x00038e50   0x0000005c   Code   RO         3309    i.sec_req_process   security_manager.o
    0x00038eac   0x00038eac   0x00000022   Code   RO         3170    i.send_config_req   security_dispatcher.o
    0x00038ece   0x00038ece   0x00000002   PAD
    0x00038ed0   0x00038ed0   0x00000010   Code   RO         1103    i.send_error_evt    ble_conn_params.o
    0x00038ee0   0x00038ee0   0x00000028   Code   RO         1417    i.send_unexpected_error  gatt_cache_manager.o
    0x00038f08   0x00038f08   0x00000028   Code   RO         3171    i.send_unexpected_error  security_dispatcher.o
    0x00038f30   0x00038f30   0x00000018   Code   RO           21    i.sensor_contact_detected_timeout_handler  main.o
    0x00038f48   0x00038f48   0x00000060   Code   RO           22    i.sensor_simulator_init  main.o
    0x00038fa8   0x00038fa8   0x0000001c   Code   RO         8793    i.sensorsim_decrement  sensorsim.o
    0x00038fc4   0x00038fc4   0x0000001c   Code   RO         8794    i.sensorsim_increment  sensorsim.o
    0x00038fe0   0x00038fe0   0x00000016   Code   RO         8795    i.sensorsim_init    sensorsim.o
    0x00038ff6   0x00038ff6   0x0000001a   Code   RO         8796    i.sensorsim_measure  sensorsim.o
    0x00039010   0x00039010   0x00000040   Code   RO         8887    i.serial_tx         nrf_log_backend_uart.o
    0x00039050   0x00039050   0x00000014   Code   RO         1418    i.service_changed_pending_flags_check  gatt_cache_manager.o
    0x00039064   0x00039064   0x00000094   Code   RO         1571    i.service_changed_pending_set  gatts_cache_manager.o
    0x000390f8   0x000390f8   0x00000168   Code   RO         1419    i.service_changed_send_in_evt  gatt_cache_manager.o
    0x00039260   0x00039260   0x00000088   Code   RO          908    i.service_data_encode  ble_advdata.o
    0x000392e8   0x000392e8   0x000000b8   Code   RO           23    i.services_init     main.o
    0x000393a0   0x000393a0   0x00000030   Code   RO         1346    i.set_security_req  ble_srv_common.o
    0x000393d0   0x000393d0   0x00000028   Code   RO           24    i.sleep_mode_enter  main.o
    0x000393f8   0x000393f8   0x00000034   Code   RO         3310    i.sm_ble_evt_handler  security_manager.o
    0x0003942c   0x0003942c   0x000000a2   Code   RO         3312    i.sm_conn_sec_status_get  security_manager.o
    0x000394ce   0x000394ce   0x00000002   PAD
    0x000394d0   0x000394d0   0x00000060   Code   RO         3313    i.sm_init           security_manager.o
    0x00039530   0x00039530   0x0000000a   Code   RO         3315    i.sm_link_secure    security_manager.o
    0x0003953a   0x0003953a   0x00000002   PAD
    0x0003953c   0x0003953c   0x00000044   Code   RO         3316    i.sm_pdb_evt_handler  security_manager.o
    0x00039580   0x00039580   0x00000028   Code   RO         3317    i.sm_sec_is_sufficient  security_manager.o
    0x000395a8   0x000395a8   0x00000034   Code   RO         3319    i.sm_sec_params_set  security_manager.o
    0x000395dc   0x000395dc   0x0000002c   Code   RO         3320    i.sm_smd_evt_handler  security_manager.o
    0x00039608   0x00039608   0x00000104   Code   RO         3172    i.smd_ble_evt_handler  security_dispatcher.o
    0x0003970c   0x0003970c   0x00000070   Code   RO         3174    i.smd_init          security_dispatcher.o
    0x0003977c   0x0003977c   0x00000028   Code   RO         3175    i.smd_link_secure   security_dispatcher.o
    0x000397a4   0x000397a4   0x000000b8   Code   RO         3176    i.smd_params_reply  security_dispatcher.o
    0x0003985c   0x0003985c   0x0000003c   Code   RO         3321    i.smd_params_reply_perform  security_manager.o
    0x00039898   0x00039898   0x00000018   Code   RO         5290    i.soc_evt_handler   nrf_drv_clock.o
    0x000398b0   0x000398b0   0x00000040   Code   RO         9611    i.softdevice_evt_irq_disable  nrf_sdh.o
    0x000398f0   0x000398f0   0x00000058   Code   RO         9612    i.softdevices_evt_irq_enable  nrf_sdh.o
    0x00039948   0x00039948   0x0000000c   Code   RO         6910    i.sortlist_pop      app_timer2.o
    0x00039954   0x00039954   0x00000030   Code   RO         6661    i.state_set         app_button.o
    0x00039984   0x00039984   0x00000098   Code   RO         9018    i.std_n             nrf_log_frontend.o
    0x00039a1c   0x00039a1c   0x0000006c   Code   RO         1420    i.store_car_value   gatt_cache_manager.o
    0x00039a88   0x00039a88   0x00000042   Code   RO         3539    i.sys_id_encode     ble_dis.o
    0x00039aca   0x00039aca   0x00000002   PAD
    0x00039acc   0x00039acc   0x00000098   Code   RO         6911    i.timer_expire      app_timer2.o
    0x00039b64   0x00039b64   0x00000080   Code   RO         6912    i.timer_req_process  app_timer2.o
    0x00039be4   0x00039be4   0x00000038   Code   RO         6913    i.timer_req_schedule  app_timer2.o
    0x00039c1c   0x00039c1c   0x00000018   Code   RO         6662    i.timer_start       app_button.o
    0x00039c34   0x00039c34   0x00000070   Code   RO           25    i.timers_init       main.o
    0x00039ca4   0x00039ca4   0x00000020   Code   RO         6313    i.tx_byte           nrfx_uart.o
    0x00039cc4   0x00039cc4   0x0000001a   Code   RO         6314    i.tx_done_event     nrfx_uart.o
    0x00039cde   0x00039cde   0x0000001a   Code   RO         6505    i.tx_done_event     nrfx_uarte.o
    0x00039cf8   0x00039cf8   0x00000030   Code   RO         5514    i.uart_evt_handler  nrf_drv_uart.o
    0x00039d28   0x00039d28   0x0000000c   Code   RO         8888    i.uart_evt_handler  nrf_log_backend_uart.o
    0x00039d34   0x00039d34   0x00000050   Code   RO         8889    i.uart_init         nrf_log_backend_uart.o
    0x00039d84   0x00039d84   0x0000012a   Code   RO         6315    i.uart_irq_handler  nrfx_uart.o
    0x00039eae   0x00039eae   0x00000002   PAD
    0x00039eb0   0x00039eb0   0x00000030   Code   RO         5515    i.uarte_evt_handler  nrf_drv_uart.o
    0x00039ee0   0x00039ee0   0x00000112   Code   RO         6506    i.uarte_irq_handler  nrfx_uarte.o
    0x00039ff2   0x00039ff2   0x0000000a   Code   RO          909    i.uint16_encode     ble_advdata.o
    0x00039ffc   0x00039ffc   0x00000020   Code   RO         8243    i.uninit            nrf_fstorage_sd.o
    0x0003a01c   0x0003a01c   0x000000b4   Code   RO         8107    i.unsigned_print    nrf_fprintf_format.o
    0x0003a0d0   0x0003a0d0   0x00000030   Code   RO         1421    i.update_pending_flags_check  gatt_cache_manager.o
    0x0003a100   0x0003a100   0x00000068   Code   RO         1104    i.update_timeout_handler  ble_conn_params.o
    0x0003a168   0x0003a168   0x00000018   Code   RO         1016    i.use_whitelist     ble_advertising.o
    0x0003a180   0x0003a180   0x0000000c   Code   RO         1191    i.user_flag_is_acquired  ble_conn_state.o
    0x0003a18c   0x0003a18c   0x00000024   Code   RO         2314    i.user_mem_reply    nrf_ble_qwr.o
    0x0003a1b0   0x0003a1b0   0x00000020   Code   RO         6663    i.usr_event         app_button.o
    0x0003a1d0   0x0003a1d0   0x00000030   Code   RO          910    i.uuid_list_encode  ble_advdata.o
    0x0003a200   0x0003a200   0x0000009e   Code   RO          911    i.uuid_list_sized_encode  ble_advdata.o
    0x0003a29e   0x0003a29e   0x00000002   PAD
    0x0003a2a0   0x0003a2a0   0x00000048   Code   RO          618    i.wakeup_button_cfg  bsp.o
    0x0003a2e8   0x0003a2e8   0x00000004   Code   RO         8244    i.wmap              nrf_fstorage_sd.o
    0x0003a2ec   0x0003a2ec   0x00000050   Code   RO         8245    i.write             nrf_fstorage_sd.o
    0x0003a33c   0x0003a33c   0x0000014c   Code   RO         2502    i.write_buf_store   peer_database.o
    0x0003a488   0x0003a488   0x00000034   Code   RO         2503    i.write_buffer_record_find  peer_database.o
    0x0003a4bc   0x0003a4bc   0x00000030   Code   RO         2504    i.write_buffer_record_find_next  peer_database.o
    0x0003a4ec   0x0003a4ec   0x0000001c   Code   RO         2505    i.write_buffer_record_invalidate  peer_database.o
    0x0003a508   0x0003a508   0x0000002c   Code   RO         2506    i.write_buffer_record_release  peer_database.o
    0x0003a534   0x0003a534   0x000000f4   Code   RO         7351    i.write_enqueue     fds.o
    0x0003a628   0x0003a628   0x000000f8   Code   RO         7352    i.write_execute     fds.o
    0x0003a720   0x0003a720   0x00000018   Code   RO         7353    i.write_space_free  fds.o
    0x0003a738   0x0003a738   0x00000060   Code   RO         7354    i.write_space_reserve  fds.o
    0x0003a798   0x0003a798   0x00000010   Data   RO           27    .constdata          main.o
    0x0003a7a8   0x0003a7a8   0x00000005   Data   RO          493    .constdata          boards.o
    0x0003a7ad   0x0003a7ad   0x00000003   PAD
    0x0003a7b0   0x0003a7b0   0x00000014   Data   RO          619    .constdata          bsp.o
    0x0003a7c4   0x0003a7c4   0x00000004   Data   RO          829    .constdata          auth_status_tracker.o
    0x0003a7c8   0x0003a7c8   0x0000006c   Data   RO         1422    .constdata          gatt_cache_manager.o
    0x0003a834   0x0003a834   0x00000004   Data   RO         1572    .constdata          gatts_cache_manager.o
    0x0003a838   0x0003a838   0x00000010   Data   RO         1573    .constdata          gatts_cache_manager.o
    0x0003a848   0x0003a848   0x00000004   Data   RO         1574    .constdata          gatts_cache_manager.o
    0x0003a84c   0x0003a84c   0x00000008   Data   RO         1681    .constdata          id_manager.o
    0x0003a854   0x0003a854   0x00000016   Data   RO         1834    .constdata          nrf_ble_gatt.o
    0x0003a86a   0x0003a86a   0x00000002   PAD
    0x0003a86c   0x0003a86c   0x00000018   Data   RO         2371    .constdata          peer_data_storage.o
    0x0003a884   0x0003a884   0x00000010   Data   RO         2508    .constdata          peer_database.o
    0x0003a894   0x0003a894   0x0000002c   Data   RO         2748    .constdata          peer_manager.o
    0x0003a8c0   0x0003a8c0   0x00000014   Data   RO         3026    .constdata          peer_manager_handler.o
    0x0003a8d4   0x0003a8d4   0x00000078   Data   RO         3178    .constdata          security_dispatcher.o
    0x0003a94c   0x0003a94c   0x00000008   Data   RO         3322    .constdata          security_manager.o
    0x0003a954   0x0003a954   0x000001d8   Data   RO         3813    .constdata          nrf_crypto_ecc.o
    0x0003ab2c   0x0003ab2c   0x00000048   Data   RO         3901    .constdata          nrf_crypto_ecdh.o
    0x0003ab74   0x0003ab74   0x0000000c   Data   RO         4561    .constdata          cc310_backend_ecc.o
    0x0003ab80   0x0003ab80   0x00000008   Data   RO         5894    .constdata          nrfx_gpiote.o
    0x0003ab88   0x0003ab88   0x00000004   Data   RO         6318    .constdata          nrfx_uart.o
    0x0003ab8c   0x0003ab8c   0x00000004   Data   RO         6509    .constdata          nrfx_uarte.o
    0x0003ab90   0x0003ab90   0x00000008   Data   RO         6665    .constdata          app_button.o
    0x0003ab98   0x0003ab98   0x00000014   Data   RO         6916    .constdata          app_timer2.o
    0x0003abac   0x0003abac   0x00000004   PAD
    0x0003abb0   0x0003abb0   0x00000006   Data   RO         7156    .constdata          drv_rtc.o
    0x0003abb6   0x0003abb6   0x00000002   PAD
    0x0003abb8   0x0003abb8   0x00000018   Data   RO         7357    .constdata          fds.o
    0x0003abd0   0x0003abd0   0x00000010   Data   RO         8108    .constdata          nrf_fprintf_format.o
    0x0003abe0   0x0003abe0   0x0000005e   Data   RO         8154    .constdata          nrf_fstorage.o
    0x0003ac3e   0x0003ac3e   0x00000002   PAD
    0x0003ac40   0x0003ac40   0x00000010   Data   RO         8248    .constdata          nrf_fstorage_sd.o
    0x0003ac50   0x0003ac50   0x00000020   Data   RO         8249    .constdata          nrf_fstorage_sd.o
    0x0003ac70   0x0003ac70   0x00000018   Data   RO         8427    .constdata          nrf_pwr_mgmt.o
    0x0003ac88   0x0003ac88   0x0000000c   Data   RO         8428    .constdata          nrf_pwr_mgmt.o
    0x0003ac94   0x0003ac94   0x0000013c   Data   RO         8765    .constdata          nrf_strerror.o
    0x0003add0   0x0003add0   0x0000000c   Data   RO         8891    .constdata          nrf_log_backend_uart.o
    0x0003addc   0x0003addc   0x00000020   Data   RO         8892    .constdata          nrf_log_backend_uart.o
    0x0003adfc   0x0003adfc   0x0000000c   Data   RO         9023    .constdata          nrf_log_frontend.o
    0x0003ae08   0x0003ae08   0x00000010   Data   RO         9613    .constdata          nrf_sdh.o
    0x0003ae18   0x0003ae18   0x00000028   Data   RO         9614    .constdata          nrf_sdh.o
    0x0003ae40   0x0003ae40   0x00000010   Data   RO         9615    .constdata          nrf_sdh.o
    0x0003ae50   0x0003ae50   0x00000010   Data   RO         9616    .constdata          nrf_sdh.o
    0x0003ae60   0x0003ae60   0x00000020   Data   RO         9724    .constdata          nrf_sdh_ble.o
    0x0003ae80   0x0003ae80   0x00000010   Data   RO         9725    .constdata          nrf_sdh_ble.o
    0x0003ae90   0x0003ae90   0x00000010   Data   RO         9775    .constdata          nrf_sdh_soc.o
    0x0003aea0   0x0003aea0   0x0000000c   Data   RO         9776    .constdata          nrf_sdh_soc.o
    0x0003aeac   0x0003aeac   0x00000081   Data   RO        10637    .constdata          mc_w.l(ctype_o.o)
    0x0003af2d   0x0003af2d   0x00000003   PAD
    0x0003af30   0x0003af30   0x00000004   Data   RO        10638    .constdata          mc_w.l(ctype_o.o)
    0x0003af34   0x0003af34   0x00000056   Data   RO           28    .conststring        main.o
    0x0003af8a   0x0003af8a   0x00000002   PAD
    0x0003af8c   0x0003af8c   0x0000004e   Data   RO          830    .conststring        auth_status_tracker.o
    0x0003afda   0x0003afda   0x00000002   PAD
    0x0003afdc   0x0003afdc   0x000001a4   Data   RO         1423    .conststring        gatt_cache_manager.o
    0x0003b180   0x0003b180   0x0000019c   Data   RO         1575    .conststring        gatts_cache_manager.o
    0x0003b31c   0x0003b31c   0x000000a2   Data   RO         1835    .conststring        nrf_ble_gatt.o
    0x0003b3be   0x0003b3be   0x00000002   PAD
    0x0003b3c0   0x0003b3c0   0x00000042   Data   RO         1936    .conststring        nrf_ble_lesc.o
    0x0003b402   0x0003b402   0x00000002   PAD
    0x0003b404   0x0003b404   0x000000e8   Data   RO         2372    .conststring        peer_data_storage.o
    0x0003b4ec   0x0003b4ec   0x00000180   Data   RO         2509    .conststring        peer_database.o
    0x0003b66c   0x0003b66c   0x00000090   Data   RO         2749    .conststring        peer_manager.o
    0x0003b6fc   0x0003b6fc   0x0000030f   Data   RO         3027    .conststring        peer_manager_handler.o
    0x0003ba0b   0x0003ba0b   0x00000001   PAD
    0x0003ba0c   0x0003ba0c   0x00000262   Data   RO         3179    .conststring        security_dispatcher.o
    0x0003bc6e   0x0003bc6e   0x00000002   PAD
    0x0003bc70   0x0003bc70   0x0000017b   Data   RO         3323    .conststring        security_manager.o
    0x0003bdeb   0x0003bdeb   0x00000001   PAD
    0x0003bdec   0x0003bdec   0x0000004f   Data   RO         8155    .conststring        nrf_fstorage.o
    0x0003be3b   0x0003be3b   0x00000001   PAD
    0x0003be3c   0x0003be3c   0x000003eb   Data   RO         8766    .conststring        nrf_strerror.o
    0x0003c227   0x0003c227   0x00000001   PAD
    0x0003c228   0x0003c228   0x00000066   Data   RO         9190    .conststring        nrf_log_str_formatter.o
    0x0003c28e   0x0003c28e   0x00000002   PAD
    0x0003c290   0x0003c290   0x000001cf   Data   RO         9726    .conststring        nrf_sdh_ble.o
    0x0003c45f   0x0003c45f   0x00000001   PAD
    0x0003c460   0x0003c460   0x00000011   Data   RO          831    .conststrlit        auth_status_tracker.o
    0x0003c471   0x0003c471   0x00000003   PAD
    0x0003c474   0x0003c474   0x00000011   Data   RO         1424    .conststrlit        gatt_cache_manager.o
    0x0003c485   0x0003c485   0x00000003   PAD
    0x0003c488   0x0003c488   0x00000012   Data   RO         1576    .conststrlit        gatts_cache_manager.o
    0x0003c49a   0x0003c49a   0x00000002   PAD
    0x0003c49c   0x0003c49c   0x00000010   Data   RO         1683    .conststrlit        id_manager.o
    0x0003c4ac   0x0003c4ac   0x0000000d   Data   RO         1836    .conststrlit        nrf_ble_gatt.o
    0x0003c4b9   0x0003c4b9   0x00000003   PAD
    0x0003c4bc   0x0003c4bc   0x0000000d   Data   RO         1937    .conststrlit        nrf_ble_lesc.o
    0x0003c4c9   0x0003c4c9   0x00000003   PAD
    0x0003c4cc   0x0003c4cc   0x00000011   Data   RO         2373    .conststrlit        peer_data_storage.o
    0x0003c4dd   0x0003c4dd   0x00000003   PAD
    0x0003c4e0   0x0003c4e0   0x00000011   Data   RO         2510    .conststrlit        peer_database.o
    0x0003c4f1   0x0003c4f1   0x00000003   PAD
    0x0003c4f4   0x0003c4f4   0x0000000d   Data   RO         2750    .conststrlit        peer_manager.o
    0x0003c501   0x0003c501   0x00000003   PAD
    0x0003c504   0x0003c504   0x00000015   Data   RO         3030    .conststrlit        peer_manager_handler.o
    0x0003c519   0x0003c519   0x00000003   PAD
    0x0003c51c   0x0003c51c   0x00000011   Data   RO         3180    .conststrlit        security_dispatcher.o
    0x0003c52d   0x0003c52d   0x00000003   PAD
    0x0003c530   0x0003c530   0x00000010   Data   RO         3324    .conststrlit        security_manager.o
    0x0003c540   0x0003c540   0x00000008   Data   RO         3482    .conststrlit        ble_bas.o
    0x0003c548   0x0003c548   0x00000006   Data   RO         5296    .conststrlit        nrf_drv_clock.o
    0x0003c54e   0x0003c54e   0x00000002   PAD
    0x0003c550   0x0003c550   0x00000004   Data   RO         5439    .conststrlit        nrf_drv_rng.o
    0x0003c554   0x0003c554   0x00000006   Data   RO         5721    .conststrlit        nrfx_clock.o
    0x0003c55a   0x0003c55a   0x00000002   PAD
    0x0003c55c   0x0003c55c   0x00000007   Data   RO         5898    .conststrlit        nrfx_gpiote.o
    0x0003c563   0x0003c563   0x00000001   PAD
    0x0003c564   0x0003c564   0x00000004   Data   RO         6173    .conststrlit        nrfx_prs.o
    0x0003c568   0x0003c568   0x00000004   Data   RO         6227    .conststrlit        nrfx_rng.o
    0x0003c56c   0x0003c56c   0x00000005   Data   RO         6321    .conststrlit        nrfx_uart.o
    0x0003c571   0x0003c571   0x00000003   PAD
    0x0003c574   0x0003c574   0x00000006   Data   RO         6512    .conststrlit        nrfx_uarte.o
    0x0003c57a   0x0003c57a   0x00000002   PAD
    0x0003c57c   0x0003c57c   0x0000000b   Data   RO         6666    .conststrlit        app_button.o
    0x0003c587   0x0003c587   0x00000001   PAD
    0x0003c588   0x0003c588   0x0000000a   Data   RO         6917    .conststrlit        app_timer2.o
    0x0003c592   0x0003c592   0x00000002   PAD
    0x0003c594   0x0003c594   0x00000009   Data   RO         7657    .conststrlit        mem_manager.o
    0x0003c59d   0x0003c59d   0x00000003   PAD
    0x0003c5a0   0x0003c5a0   0x0000000d   Data   RO         8156    .conststrlit        nrf_fstorage.o
    0x0003c5ad   0x0003c5ad   0x00000003   PAD
    0x0003c5b0   0x0003c5b0   0x00000009   Data   RO         8429    .conststrlit        nrf_pwr_mgmt.o
    0x0003c5b9   0x0003c5b9   0x00000003   PAD
    0x0003c5bc   0x0003c5bc   0x00000009   Data   RO         8712    .conststrlit        nrf_sortlist.o
    0x0003c5c5   0x0003c5c5   0x00000003   PAD
    0x0003c5c8   0x0003c5c8   0x00000011   Data   RO         8957    .conststrlit        nrf_log_default_backends.o
    0x0003c5d9   0x0003c5d9   0x00000003   PAD
    0x0003c5dc   0x0003c5dc   0x00000004   Data   RO         9024    .conststrlit        nrf_log_frontend.o
    0x0003c5e0   0x0003c5e0   0x00000008   Data   RO         9617    .conststrlit        nrf_sdh.o
    0x0003c5e8   0x0003c5e8   0x0000000c   Data   RO         9727    .conststrlit        nrf_sdh_ble.o
    0x0003c5f4   0x0003c5f4   0x0000000c   Data   RO         9777    .conststrlit        nrf_sdh_soc.o
    0x0003c600   0x0003c600   0x00000070   Data   RO        10166    .rodata             nrf_cc310_0.9.13.lib(crys_rnd.c.obj)
    0x0003c670   0x0003c670   0x00000040   Data   RO        10366    .rodata.CRYS_HASH_SHA512_INIT_VECTOR  nrf_cc310_0.9.13.lib(sw_llf_hash_sha512.c.obj)
    0x0003c6b0   0x0003c6b0   0x0000002f   Data   RO        10154    .rodata.CRYS_RND_GenerateVector.str1.4  nrf_cc310_0.9.13.lib(crys_rnd.c.obj)
    0x0003c6df   0x0003c6df   0x00000001   PAD
    0x0003c6e0   0x0003c6e0   0x0000003d   Data   RO        10156    .rodata.CRYS_RND_Instantiation.str1.4  nrf_cc310_0.9.13.lib(crys_rnd.c.obj)
    0x0003c71d   0x0003c71d   0x00000003   PAD
    0x0003c720   0x0003c720   0x00000018   Data   RO        10202    .rodata.CSWTCH.6    nrf_cc310_0.9.13.lib(ssi_aes.c.obj)
    0x0003c738   0x0003c738   0x00000010   Data   RO        10146    .rodata.CSWTCH.7    nrf_cc310_0.9.13.lib(crys_hash.c.obj)
    0x0003c748   0x0003c748   0x00000508   Data   RO        10412    .rodata.EcEdwDomain25519  nrf_cc310_0.9.13.lib(ec_edw_domain_25519.c.obj)
    0x0003cc50   0x0003cc50   0x00000037   Data   RO        10313    .rodata.EcEdwSeedKeyPair.str1.4  nrf_cc310_0.9.13.lib(ec_edw.c.obj)
    0x0003cc87   0x0003cc87   0x00000001   PAD
    0x0003cc88   0x0003cc88   0x000000f8   Data   RO        10407    .rodata.EcMontDomainCurve25519  nrf_cc310_0.9.13.lib(ec_mont_domain_curve25519.c.obj)
    0x0003cd80   0x0003cd80   0x00000037   Data   RO        10321    .rodata.EcMontScalarmult.str1.4  nrf_cc310_0.9.13.lib(ec_mont.c.obj)
    0x0003cdb7   0x0003cdb7   0x00000001   PAD
    0x0003cdb8   0x0003cdb8   0x00000014   Data   RO        10282    .rodata.HASH_LARVAL_SHA1  nrf_cc310_0.9.13.lib(hash_driver.c.obj)
    0x0003cdcc   0x0003cdcc   0x00000020   Data   RO        10283    .rodata.HASH_LARVAL_SHA224  nrf_cc310_0.9.13.lib(hash_driver.c.obj)
    0x0003cdec   0x0003cdec   0x00000020   Data   RO        10284    .rodata.HASH_LARVAL_SHA256  nrf_cc310_0.9.13.lib(hash_driver.c.obj)
    0x0003ce0c   0x0003ce0c   0x00000004   PAD
    0x0003ce10   0x0003ce10   0x00000280   Data   RO        10522    .rodata.K512        nrf_cc310_0.9.13.lib(sw_llfcd_hash_sha512.c.obj)
    0x0003d090   0x0003d090   0x0000002f   Data   RO        10424    .rodata.LLF_RND_DescBypass.str1.4  nrf_cc310_0.9.13.lib(ssi_rng_plat.c.obj)
    0x0003d0bf   0x0003d0bf   0x00000001   PAD
    0x0003d0c0   0x0003d0c0   0x00000017   Data   RO        10500    .rodata.PkaFinishAndMutexUnlock.str1.4  nrf_cc310_0.9.13.lib(pka.c.obj)
    0x0003d0d7   0x0003d0d7   0x00000001   PAD
    0x0003d0d8   0x0003d0d8   0x00000057   Data   RO        10496    .rodata.PkaInitAndMutexLock.str1.4  nrf_cc310_0.9.13.lib(pka.c.obj)
    0x0003d12f   0x0003d12f   0x00000001   PAD
    0x0003d130   0x0003d130   0x0000006f   Data   RO        10305    .rodata.ProcessAes.str1.4  nrf_cc310_0.9.13.lib(aes_driver.c.obj)
    0x0003d19f   0x0003d19f   0x00000001   PAD
    0x0003d1a0   0x0003d1a0   0x0000006f   Data   RO        10279    .rodata.ProcessHash.str1.4  nrf_cc310_0.9.13.lib(hash_driver.c.obj)
    0x0003d20f   0x0003d20f   0x00000001   PAD
    0x0003d210   0x0003d210   0x0000002f   Data   RO        10422    .rodata.RNG_PLAT_SetUserRngParameters.str1.4  nrf_cc310_0.9.13.lib(ssi_rng_plat.c.obj)
    0x0003d23f   0x0003d23f   0x00000001   PAD
    0x0003d240   0x0003d240   0x0000002d   Data   RO        10465    .rodata.SaSi_HalWaitInterrupt.str1.4  nrf_cc310_0.9.13.lib(ssi_hal.c.obj)
    0x0003d26d   0x0003d26d   0x00000003   PAD
    0x0003d270   0x0003d270   0x00000076   Data   RO        10429    .rodata.SaSi_PalInit.str1.4  nrf_cc310_0.9.13.lib(ssi_pal.c.obj)
    0x0003d2e6   0x0003d2e6   0x00000002   PAD
    0x0003d2e8   0x0003d2e8   0x00000023   Data   RO        10451    .rodata.SaSi_PalMutexCreate.str1.4  nrf_cc310_0.9.13.lib(ssi_pal_mutex.c.obj)
    0x0003d30b   0x0003d30b   0x00000001   PAD
    0x0003d30c   0x0003d30c   0x0000001d   Data   RO        10454    .rodata.SaSi_PalMutexLock.str1.4  nrf_cc310_0.9.13.lib(ssi_pal_mutex.c.obj)
    0x0003d329   0x0003d329   0x00000003   PAD
    0x0003d32c   0x0003d32c   0x0000001f   Data   RO        10456    .rodata.SaSi_PalMutexUnlock.str1.4  nrf_cc310_0.9.13.lib(ssi_pal_mutex.c.obj)
    0x0003d34b   0x0003d34b   0x00000001   PAD
    0x0003d34c   0x0003d34c   0x00000030   Data   RO        10416    .rodata.ecDomainsFuncP  nrf_cc310_0.9.13.lib(ssi_ecpki_info.c.obj)
    0x0003d37c   0x0003d37c   0x0000002f   Data   RO        10339    .rodata.getTrngSource.str1.4  nrf_cc310_0.9.13.lib(llf_rnd_trng90b.c.obj)
    0x0003d3ab   0x0003d3ab   0x00000001   PAD
    0x0003d3ac   0x0003d3ac   0x00000020   Data   RO        10512    .rodata.regTemps    nrf_cc310_0.9.13.lib(pka.c.obj)
    0x0003d3cc   0x0003d3cc   0x000002dc   Data   RO        10555    .rodata.ssi_ecpki_domain_secp160k1  nrf_cc310_0.9.13.lib(ssi_ecpki_domain_secp160k1.c.obj)
    0x0003d6a8   0x0003d6a8   0x000002dc   Data   RO        10560    .rodata.ssi_ecpki_domain_secp160r1  nrf_cc310_0.9.13.lib(ssi_ecpki_domain_secp160r1.c.obj)
    0x0003d984   0x0003d984   0x000002dc   Data   RO        10565    .rodata.ssi_ecpki_domain_secp160r2  nrf_cc310_0.9.13.lib(ssi_ecpki_domain_secp160r2.c.obj)
    0x0003dc60   0x0003dc60   0x000002dc   Data   RO        10570    .rodata.ssi_ecpki_domain_secp192k1  nrf_cc310_0.9.13.lib(ssi_ecpki_domain_secp192k1.c.obj)
    0x0003df3c   0x0003df3c   0x000002dc   Data   RO        10575    .rodata.ssi_ecpki_domain_secp192r1  nrf_cc310_0.9.13.lib(ssi_ecpki_domain_secp192r1.c.obj)
    0x0003e218   0x0003e218   0x000002dc   Data   RO        10580    .rodata.ssi_ecpki_domain_secp224k1  nrf_cc310_0.9.13.lib(ssi_ecpki_domain_secp224k1.c.obj)
    0x0003e4f4   0x0003e4f4   0x000002dc   Data   RO        10585    .rodata.ssi_ecpki_domain_secp224r1  nrf_cc310_0.9.13.lib(ssi_ecpki_domain_secp224r1.c.obj)
    0x0003e7d0   0x0003e7d0   0x000002dc   Data   RO        10590    .rodata.ssi_ecpki_domain_secp256k1  nrf_cc310_0.9.13.lib(ssi_ecpki_domain_secp256k1.c.obj)
    0x0003eaac   0x0003eaac   0x000002dc   Data   RO        10595    .rodata.ssi_ecpki_domain_secp256r1  nrf_cc310_0.9.13.lib(ssi_ecpki_domain_secp256r1.c.obj)
    0x0003ed88   0x0003ed88   0x000002dc   Data   RO        10600    .rodata.ssi_ecpki_domain_secp384r1  nrf_cc310_0.9.13.lib(ssi_ecpki_domain_secp384r1.c.obj)
    0x0003f064   0x0003f064   0x000002dc   Data   RO        10605    .rodata.ssi_ecpki_domain_secp521r1  nrf_cc310_0.9.13.lib(ssi_ecpki_domain_secp521r1.c.obj)
    0x0003f340   0x0003f340   0x00000020   Data   RO        10749    Region$$Table       anon$$obj.o
    0x0003f360   0x0003f360   0x00000008   Data   RO         4991    crypto_data         cc310_backend_init.o
    0x0003f368   0x0003f368   0x00000010   Data   RO         8959    log_backends        nrf_log_default_backends.o
    0x0003f378   0x0003f378   0x00000008   Data   RO          834    log_const_data      auth_status_tracker.o
    0x0003f380   0x0003f380   0x00000008   Data   RO         1426    log_const_data      gatt_cache_manager.o
    0x0003f388   0x0003f388   0x00000008   Data   RO         1578    log_const_data      gatts_cache_manager.o
    0x0003f390   0x0003f390   0x00000008   Data   RO         1685    log_const_data      id_manager.o
    0x0003f398   0x0003f398   0x00000008   Data   RO         1837    log_const_data      nrf_ble_gatt.o
    0x0003f3a0   0x0003f3a0   0x00000008   Data   RO         1939    log_const_data      nrf_ble_lesc.o
    0x0003f3a8   0x0003f3a8   0x00000008   Data   RO         2375    log_const_data      peer_data_storage.o
    0x0003f3b0   0x0003f3b0   0x00000008   Data   RO         2512    log_const_data      peer_database.o
    0x0003f3b8   0x0003f3b8   0x00000008   Data   RO         2752    log_const_data      peer_manager.o
    0x0003f3c0   0x0003f3c0   0x00000008   Data   RO         3033    log_const_data      peer_manager_handler.o
    0x0003f3c8   0x0003f3c8   0x00000008   Data   RO         3182    log_const_data      security_dispatcher.o
    0x0003f3d0   0x0003f3d0   0x00000008   Data   RO         3326    log_const_data      security_manager.o
    0x0003f3d8   0x0003f3d8   0x00000008   Data   RO         3483    log_const_data      ble_bas.o
    0x0003f3e0   0x0003f3e0   0x00000008   Data   RO         5297    log_const_data      nrf_drv_clock.o
    0x0003f3e8   0x0003f3e8   0x00000008   Data   RO         5441    log_const_data      nrf_drv_rng.o
    0x0003f3f0   0x0003f3f0   0x00000008   Data   RO         5723    log_const_data      nrfx_clock.o
    0x0003f3f8   0x0003f3f8   0x00000008   Data   RO         5899    log_const_data      nrfx_gpiote.o
    0x0003f400   0x0003f400   0x00000008   Data   RO         6175    log_const_data      nrfx_prs.o
    0x0003f408   0x0003f408   0x00000008   Data   RO         6229    log_const_data      nrfx_rng.o
    0x0003f410   0x0003f410   0x00000008   Data   RO         6322    log_const_data      nrfx_uart.o
    0x0003f418   0x0003f418   0x00000008   Data   RO         6513    log_const_data      nrfx_uarte.o
    0x0003f420   0x0003f420   0x00000008   Data   RO         6669    log_const_data      app_button.o
    0x0003f428   0x0003f428   0x00000008   Data   RO         6920    log_const_data      app_timer2.o
    0x0003f430   0x0003f430   0x00000008   Data   RO         7659    log_const_data      mem_manager.o
    0x0003f438   0x0003f438   0x00000008   Data   RO         8157    log_const_data      nrf_fstorage.o
    0x0003f440   0x0003f440   0x00000008   Data   RO         8431    log_const_data      nrf_pwr_mgmt.o
    0x0003f448   0x0003f448   0x00000008   Data   RO         8713    log_const_data      nrf_sortlist.o
    0x0003f450   0x0003f450   0x00000008   Data   RO         9028    log_const_data      nrf_log_frontend.o
    0x0003f458   0x0003f458   0x00000008   Data   RO         9619    log_const_data      nrf_sdh.o
    0x0003f460   0x0003f460   0x00000008   Data   RO         9729    log_const_data      nrf_sdh_ble.o
    0x0003f468   0x0003f468   0x00000008   Data   RO         9778    log_const_data      nrf_sdh_soc.o
    0x0003f470   0x0003f470   0x00000014   Data   RO         9029    nrf_balloc          nrf_log_frontend.o
    0x0003f484   0x0003f484   0x00000014   Data   RO         5442    nrf_queue           nrf_drv_rng.o
    0x0003f498   0x0003f498   0x00000008   Data   RO         1193    sdh_ble_observers0  ble_conn_state.o
    0x0003f4a0   0x0003f4a0   0x00000010   Data   RO           34    sdh_ble_observers1  main.o
    0x0003f4b0   0x0003f4b0   0x00000008   Data   RO          725    sdh_ble_observers1  bsp_btn_ble.o
    0x0003f4b8   0x0003f4b8   0x00000008   Data   RO         1107    sdh_ble_observers1  ble_conn_params.o
    0x0003f4c0   0x0003f4c0   0x00000008   Data   RO         2753    sdh_ble_observers1  peer_manager.o
    0x0003f4c8   0x0003f4c8   0x00000018   Data   RO           35    sdh_ble_observers2  main.o
    0x0003f4e0   0x0003f4e0   0x00000008   Data   RO           36    sdh_ble_observers3  main.o
    0x0003f4e8   0x0003f4e8   0x00000008   Data   RO         8251    sdh_req_observers0  nrf_fstorage_sd.o
    0x0003f4f0   0x0003f4f0   0x00000008   Data   RO         5298    sdh_soc_observers0  nrf_drv_clock.o
    0x0003f4f8   0x0003f4f8   0x00000008   Data   RO         8252    sdh_soc_observers0  nrf_fstorage_sd.o
    0x0003f500   0x0003f500   0x00000008   Data   RO         9730    sdh_stack_observers0  nrf_sdh_ble.o
    0x0003f508   0x0003f508   0x00000008   Data   RO         9779    sdh_stack_observers0  nrf_sdh_soc.o
    0x0003f510   0x0003f510   0x00000008   Data   RO         5299    sdh_state_observers0  nrf_drv_clock.o
    0x0003f518   0x0003f518   0x00000008   Data   RO         5443    sdh_state_observers0  nrf_drv_rng.o
    0x0003f520   0x0003f520   0x00000008   Data   RO         8253    sdh_state_observers0  nrf_fstorage_sd.o


    Execution Region RW_IRAM1 (Exec base: 0x20002be0, Load base: 0x0003f528, Size: 0x000060b0, Max: 0x0003d420, ABSOLUTE, COMPRESSED[0x000000c0])

    Exec Addr    Load Addr    Size         Type   Attr      Idx    E Section Name        Object

    0x20002be0   COMPRESSED   0x00000020   Data   RW           29    .data               main.o
    0x20002c00   COMPRESSED   0x00000020   Data   RW           30    .data               main.o
    0x20002c20   COMPRESSED   0x00000020   Data   RW           31    .data               main.o
    0x20002c40   COMPRESSED   0x00000020   Data   RW           32    .data               main.o
    0x20002c60   COMPRESSED   0x0000002c   Data   RW           33    .data               main.o
    0x20002c8c   COMPRESSED   0x00000010   Data   RW          620    .data               bsp.o
    0x20002c9c   COMPRESSED   0x00000004   PAD
    0x20002ca0   COMPRESSED   0x00000020   Data   RW          621    .data               bsp.o
    0x20002cc0   COMPRESSED   0x00000020   Data   RW          622    .data               bsp.o
    0x20002ce0   COMPRESSED   0x00000020   Data   RW          623    .data               bsp.o
    0x20002d00   COMPRESSED   0x00000008   Data   RW          724    .data               bsp_btn_ble.o
    0x20002d08   COMPRESSED   0x00000020   Data   RW          832    .data               auth_status_tracker.o
    0x20002d28   COMPRESSED   0x00000004   Data   RW          833    .data               auth_status_tracker.o
    0x20002d2c   COMPRESSED   0x00000008   Data   RW         1106    .data               ble_conn_params.o
    0x20002d34   COMPRESSED   0x00000010   Data   RW         1425    .data               gatt_cache_manager.o
    0x20002d44   COMPRESSED   0x0000000c   Data   RW         1577    .data               gatts_cache_manager.o
    0x20002d50   COMPRESSED   0x00000008   Data   RW         1938    .data               nrf_ble_lesc.o
    0x20002d58   COMPRESSED   0x0000000c   Data   RW         2374    .data               peer_data_storage.o
    0x20002d64   COMPRESSED   0x00000008   Data   RW         2511    .data               peer_database.o
    0x20002d6c   COMPRESSED   0x00000010   Data   RW         2751    .data               peer_manager.o
    0x20002d7c   COMPRESSED   0x00000060   Data   RW         3031    .data               peer_manager_handler.o
    0x20002ddc   COMPRESSED   0x00000005   Data   RW         3181    .data               security_dispatcher.o
    0x20002de1   COMPRESSED   0x00000003   PAD
    0x20002de4   COMPRESSED   0x00000011   Data   RW         3325    .data               security_manager.o
    0x20002df5   COMPRESSED   0x00000001   PAD
    0x20002df6   COMPRESSED   0x0000004a   Data   RW         3540    .data               ble_dis.o
    0x20002e40   COMPRESSED   0x00000001   Data   RW         4151    .data               nrf_crypto_init.o
    0x20002e41   COMPRESSED   0x00000003   PAD
    0x20002e44   COMPRESSED   0x00000008   Data   RW         4205    .data               nrf_crypto_rng.o
    0x20002e4c   COMPRESSED   0x00000004   Data   RW         5027    .data               cc310_backend_mutex.o
    0x20002e50   COMPRESSED   0x00000003   Data   RW         5440    .data               nrf_drv_rng.o
    0x20002e53   COMPRESSED   0x00000001   PAD
    0x20002e54   COMPRESSED   0x00000014   Data   RW         5516    .data               nrf_drv_uart.o
    0x20002e68   COMPRESSED   0x00000008   Data   RW         5722    .data               nrfx_clock.o
    0x20002e70   COMPRESSED   0x00000008   Data   RW         6174    .data               nrfx_prs.o
    0x20002e78   COMPRESSED   0x00000008   Data   RW         6228    .data               nrfx_rng.o
    0x20002e80   COMPRESSED   0x00000018   Data   RW         6667    .data               app_button.o
    0x20002e98   COMPRESSED   0x00000020   Data   RW         6668    .data               app_button.o
    0x20002eb8   COMPRESSED   0x00000020   Data   RW         6918    .data               app_timer2.o
    0x20002ed8   COMPRESSED   0x00000004   Data   RW         6919    .data               app_timer2.o
    0x20002edc   COMPRESSED   0x0000000c   Data   RW         7157    .data               drv_rtc.o
    0x20002ee8   COMPRESSED   0x00000030   Data   RW         7358    .data               fds.o
    0x20002f18   COMPRESSED   0x00000008   Data   RW         8250    .data               nrf_fstorage_sd.o
    0x20002f20   COMPRESSED   0x00000008   Data   RW         8430    .data               nrf_pwr_mgmt.o
    0x20002f28   COMPRESSED   0x00000018   Data   RW         8893    .data               nrf_log_backend_uart.o
    0x20002f40   COMPRESSED   0x00000008   Data   RW         8958    .data               nrf_log_default_backends.o
    0x20002f48   COMPRESSED   0x00000004   Data   RW         9025    .data               nrf_log_frontend.o
    0x20002f4c   COMPRESSED   0x00000008   Data   RW         9026    .data               nrf_log_frontend.o
    0x20002f54   COMPRESSED   0x00000008   Data   RW         9027    .data               nrf_log_frontend.o
    0x20002f5c   COMPRESSED   0x00000040   Data   RW         9191    .data               nrf_log_str_formatter.o
    0x20002f9c   COMPRESSED   0x00000003   Data   RW         9618    .data               nrf_sdh.o
    0x20002f9f   COMPRESSED   0x00000001   Data   RW         9728    .data               nrf_sdh_ble.o
    0x20002fa0   COMPRESSED   0x00000004   Data   RW        10088    .data               system_nrf52.o
    0x20002fa4   COMPRESSED   0x00000014   Data   RW         7359    fs_data             fds.o
    0x20002fb8        -       0x000004e8   Zero   RW           26    .bss                main.o
    0x200034a0        -       0x000000a0   Zero   RW          828    .bss                auth_status_tracker.o
    0x20003540        -       0x00000050   Zero   RW         1105    .bss                ble_conn_params.o
    0x20003590        -       0x0000007c   Zero   RW         1192    .bss                ble_conn_state.o
    0x2000360c        -       0x000000d8   Zero   RW         1680    .bss                id_manager.o
    0x200036e4        -       0x0000119b   Zero   RW         1935    .bss                nrf_ble_lesc.o
    0x2000487f   COMPRESSED   0x00000001   PAD
    0x20004880        -       0x00000180   Zero   RW         2507    .bss                peer_database.o
    0x20004a00        -       0x00000040   Zero   RW         2623    .bss                peer_id.o
    0x20004a40        -       0x0000000c   Zero   RW         2747    .bss                peer_manager.o
    0x20004a4c        -       0x00000040   Zero   RW         3177    .bss                security_dispatcher.o
    0x20004a8c        -       0x000018c8   Zero   RW         4203    .bss                nrf_crypto_rng.o
    0x20006354        -       0x00000014   Zero   RW         5291    .bss                nrf_drv_clock.o
    0x20006368        -       0x00000041   Zero   RW         5434    .bss                nrf_drv_rng.o
    0x200063a9   COMPRESSED   0x00000003   PAD
    0x200063ac        -       0x0000000c   Zero   RW         5435    .bss                nrf_drv_rng.o
    0x200063b8        -       0x0000006c   Zero   RW         5893    .bss                nrfx_gpiote.o
    0x20006424        -       0x0000002c   Zero   RW         6316    .bss                nrfx_uart.o
    0x20006450        -       0x00000024   Zero   RW         6507    .bss                nrfx_uarte.o
    0x20006474        -       0x00000020   Zero   RW         6664    .bss                app_button.o
    0x20006494        -       0x00000010   Zero   RW         6914    .bss                app_timer2.o
    0x200064a4        -       0x00000058   Zero   RW         6915    .bss                app_timer2.o
    0x200064fc        -       0x0000000c   Zero   RW         7044    .bss                app_util_platform.o
    0x20006508        -       0x00000010   Zero   RW         7355    .bss                fds.o
    0x20006518        -       0x000000e0   Zero   RW         7356    .bss                fds.o
    0x200065f8        -       0x00000010   Zero   RW         8246    .bss                nrf_fstorage_sd.o
    0x20006608        -       0x000000a0   Zero   RW         8247    .bss                nrf_fstorage_sd.o
    0x200066a8        -       0x0000000c   Zero   RW         8426    .bss                nrf_pwr_mgmt.o
    0x200066b4        -       0x00000040   Zero   RW         8890    .bss                nrf_log_backend_uart.o
    0x200066f4        -       0x000000c0   Zero   RW         9019    .bss                nrf_log_frontend.o
    0x200067b4        -       0x00000080   Zero   RW         9020    .bss                nrf_log_frontend.o
    0x20006834        -       0x00000018   Zero   RW         9021    .bss                nrf_log_frontend.o
    0x2000684c        -       0x00000420   Zero   RW         9022    .bss                nrf_log_frontend.o
    0x20006c6c        -       0x00000004   Zero   RW        10470    .bss.m_irr_sem      nrf_cc310_0.9.13.lib(ssi_hal.c.obj)
    0x20006c70        -       0x00000004   Zero   RW        10471    .bss.use_count      nrf_cc310_0.9.13.lib(ssi_hal.c.obj)
    0x20006c74   COMPRESSED   0x00000004   PAD
    0x20006c78        -       0x00002000   Zero   RW        10074    STACK               arm_startup_nrf52840.o
    0x20008c78        -       0x00000004   Zero   RW        10742    pSaSiGenVecMutex    anon$$obj.o
    0x20008c7c        -       0x00000004   Zero   RW        10743    pSaSiRndCryptoMutex  anon$$obj.o
    0x20008c80        -       0x00000004   Zero   RW        10745    sasiAsymCryptoMutex  anon$$obj.o
    0x20008c84        -       0x00000004   Zero   RW        10747    sasiGenVecMutex     anon$$obj.o
    0x20008c88        -       0x00000004   Zero   RW        10746    sasiPowerMutex      anon$$obj.o
    0x20008c8c        -       0x00000004   Zero   RW        10744    sasiSymCryptoMutex  anon$$obj.o


==============================================================================

Image component sizes


      Code (inc. data)   RO Data    RW Data    ZI Data      Debug   Object Name

       664         66         27         56         32      17770   app_button.o
        22          0          0          0          0       2529   app_error.o
       132         46          0          0          0        802   app_error_weak.o
         0          0          0          0          0      37186   app_scheduler.o
      1060         90         38         36        104      17878   app_timer2.o
       124         14          0          0         12      10670   app_util_platform.o
        36          8        512          0       8192        932   arm_startup_nrf52840.o
       840        210        107         36        160       6915   auth_status_tracker.o
      1338          0          0          0          0      53424   ble_advdata.o
      1064          6          0          0          0      11023   ble_advertising.o
       502          0         16          0          0       6503   ble_bas.o
       636         44          8          8         80       9311   ble_conn_params.o
       784         66          8          0        124      16347   ble_conn_state.o
       530         12          0         74          0       5591   ble_dis.o
       624          0          0          0          0       8095   ble_hrs.o
       656          6          0          0          0       5888   ble_srv_common.o
       532         68          5          0          0      45794   boards.o
       962         86         20        112          0      16023   bsp.o
       252         10          8          8          0       4792   bsp_btn_ble.o
         0          0          0          0          0        952   cc310_backend_aes.o
       880         28         12          0          0      53994   cc310_backend_ecc.o
       244          8          0          0          0       5439   cc310_backend_ecdh.o
        62          4          8          0          0       4736   cc310_backend_init.o
         0          0          0          4          0       1296   cc310_backend_mutex.o
       486         56          0          0          0       6899   cc310_backend_rng.o
        36          6          0          0          0       1815   cc310_backend_shared.o
       704         76          6         12          0      48605   drv_rtc.o
      3872        348         24         68        240      50754   fds.o
      2160        552        553         16          0      34063   gatt_cache_manager.o
       842        138        462         12          0      17031   gatts_cache_manager.o
       946         34         32          0        216      15052   id_manager.o
      2242        456        150        172       1256     224102   main.o
         0          0         17          0          0       5545   mem_manager.o
       342          0          0          0          0       6722   nrf_atfifo.o
       170          0          0          0          0       4804   nrf_atflags.o
       332          0          0          0          0      10110   nrf_atomic.o
       164          0          0          0          0       3624   nrf_balloc.o
       926        272        205          0          0      37363   nrf_ble_gatt.o
      1512        682         87          8       4507      69143   nrf_ble_lesc.o
       276          0          0          0          0       4717   nrf_ble_qwr.o
       458         26        472          0          0      10330   nrf_crypto_ecc.o
       160         10         72          0          0       2810   nrf_crypto_ecdh.o
        92         20          0          1          0       2922   nrf_crypto_init.o
       468        114          0          8       6344       8061   nrf_crypto_rng.o
       312         36         30          0         20      43768   nrf_drv_clock.o
       136         14         40          3         77      11588   nrf_drv_rng.o
       200         26          0         20          0      17804   nrf_drv_uart.o
        50          0          0          0          0       3613   nrf_fprintf.o
       866          4         16          0          0       6562   nrf_fprintf_format.o
       972        432        194          0          0       8036   nrf_fstorage.o
       798         82         72          8        176      16019   nrf_fstorage_sd.o
       200          0          0          0          0      11673   nrf_log_backend_serial.o
       232         42         44         24         64      15894   nrf_log_backend_uart.o
        28          4         33          8          0       3361   nrf_log_default_backends.o
      1550        128         44         20       1400      32940   nrf_log_frontend.o
       570        108        102         64          0       5664   nrf_log_str_formatter.o
       346          0          0          0          0       9595   nrf_memobj.o
       108         16         53          8         12      40018   nrf_pwr_mgmt.o
       246          0          0          0          0       4635   nrf_queue.o
        28          0          0          0          0       2383   nrf_ringbuf.o
       560         60        104          3          0      45348   nrf_sdh.o
       728        234        539          1          0       5913   nrf_sdh_ble.o
        60          4         56          0          0       2464   nrf_sdh_soc.o
        78          0          0          0          0       2772   nrf_section_iter.o
        84          0         17          0          0       4097   nrf_sortlist.o
        76         10       1319          0          0       2735   nrf_strerror.o
       242         32         14          8          0      47064   nrfx_clock.o
      1386        108         23          0        108      66777   nrfx_gpiote.o
       112         16         12          8          0       4484   nrfx_prs.o
       228         56         12          8          0      10588   nrfx_rng.o
      1354         48         17          0         44      28077   nrfx_uart.o
      1356         48         18          0         36      27015   nrfx_uarte.o
      1172        144        281         12          0      16078   peer_data_storage.o
      1434        260        425          8        384      19534   peer_database.o
       314         38          0          0         64       9159   peer_id.o
      1770        450        217         16         12      20331   peer_manager.o
      1928        882        832         96          0      10247   peer_manager_handler.o
       234          0          0          0          0       5459   pm_buffer.o
      1980        270        755          5         64      27251   security_dispatcher.o
      1384        116        411         17          0      54910   security_manager.o
       104          0          0          0          0       3419   sensorsim.o
       488         60          0          4          0      32403   system_nrf52.o

    ----------------------------------------------------------------------
     51956       7290       8648        984      23756    1588040   Object Totals
         0          0         32          0         24          0   (incl. Generated)
       110          0         87         12          4          0   (incl. Padding)

    ----------------------------------------------------------------------

      Code (inc. data)   RO Data    RW Data    ZI Data      Debug   Library Member Name

        86          0          0          0          0          0   __dczerorl2.o
         8          4        133          0          0         68   ctype_o.o
         0          0          0          0          0          0   entry.o
         0          0          0          0          0          0   entry10a.o
         0          0          0          0          0          0   entry11a.o
         8          4          0          0          0          0   entry2.o
         4          0          0          0          0          0   entry5.o
         0          0          0          0          0          0   entry7b.o
         0          0          0          0          0          0   entry8b.o
         8          4          0          0          0          0   entry9a.o
        30          0          0          0          0          0   handlers.o
        36          8          0          0          0         68   init.o
        30          0          0          0          0         68   llshl.o
        32          0          0          0          0         68   llushr.o
        26          0          0          0          0         80   memcmp.o
        66          0          0          0          0         76   memmove.o
        36          0          0          0          0        108   memseta.o
        14          0          0          0          0         68   strlen.o
        98          0          0          0          0         92   uldiv.o
      1328        296        111          0          0          0   aes_driver.c.obj
       204         72          0          0          0          0   bypass_driver.c.obj
       336         24          0          0          0          0   crys_common_conv_endian.c.obj
       564          0          0          0          0          0   crys_common_math.c.obj
       276         20          0          0          0          0   crys_ec_edw.c.obj
       720         36          0          0          0          0   crys_ec_mont.c.obj
       228         40          0          0          0          0   crys_ecdh.c.obj
       328         56          0          0          0          0   crys_ecpki_build_priv.c.obj
       660         76          0          0          0          0   crys_ecpki_build_publ.c.obj
        24          4          0          0          0          0   crys_ecpki_domain.c.obj
       252         24          0          0          0          0   crys_ecpki_kg.c.obj
       576         74         16          0          0          0   crys_hash.c.obj
      3104        244        220          0          0          0   crys_rnd.c.obj
       708         44         55          0          0          0   ec_edw.c.obj
         8          4       1288          0          0          0   ec_edw_domain_25519.c.obj
       120         12         55          0          0          0   ec_mont.c.obj
         8          4        248          0          0          0   ec_mont_domain_curve25519.c.obj
       656         80          0          0          0          0   ec_wrst.c.obj
       212         28          0          0          0          0   ec_wrst_genkey.c.obj
       768        112        195          0          0          0   hash_driver.c.obj
       288         56          0          0          0          0   llf_rnd.c.obj
      1300        120         47          0          0          0   llf_rnd_trng90b.c.obj
      1376        168        142          0          0          0   pka.c.obj
      1444        188          0          0          0          0   pka_ec_edw.c.obj
      1072         72          0          0          0          0   pka_ec_mont.c.obj
       756         64          0          0          0          0   pka_ec_wrst.c.obj
      3632        244          0          0          0          0   pka_ec_wrst_smul_scap.c.obj
        80          0          0          0          0          0   pki.c.obj
      1924        300          0          0          0          0   pki_modular_arithmetic.c.obj
       120         16          0          0          0          0   sns_silib.c.obj
       604        104         24          0          0          0   ssi_aes.c.obj
         8          4        732          0          0          0   ssi_ecpki_domain_secp160k1.c.obj
         8          4        732          0          0          0   ssi_ecpki_domain_secp160r1.c.obj
         8          4        732          0          0          0   ssi_ecpki_domain_secp160r2.c.obj
         8          4        732          0          0          0   ssi_ecpki_domain_secp192k1.c.obj
         8          4        732          0          0          0   ssi_ecpki_domain_secp192r1.c.obj
         8          4        732          0          0          0   ssi_ecpki_domain_secp224k1.c.obj
         8          4        732          0          0          0   ssi_ecpki_domain_secp224r1.c.obj
         8          4        732          0          0          0   ssi_ecpki_domain_secp256k1.c.obj
         8          4        732          0          0          0   ssi_ecpki_domain_secp256r1.c.obj
         8          4        732          0          0          0   ssi_ecpki_domain_secp384r1.c.obj
         8          4        732          0          0          0   ssi_ecpki_domain_secp521r1.c.obj
         0          0         48          0          0          0   ssi_ecpki_info.c.obj
       364         72         45          0          8          0   ssi_hal.c.obj
       228         60        118          0          0          0   ssi_pal.c.obj
        36          8          0          0          0          0   ssi_pal_abort.c.obj
         4          0          0          0          0          0   ssi_pal_dma.c.obj
        68          0          0          0          0          0   ssi_pal_mem.c.obj
       144         16         95          0          0          0   ssi_pal_mutex.c.obj
        24          0          0          0          0          0   ssi_pal_trng.c.obj
       188         16         94          0          0          0   ssi_rng_plat.c.obj
       140          0          0          0          0          0   sw_hash_common.c.obj
       516         28         64          0          0          0   sw_llf_hash_sha512.c.obj
      1336          8        640          0          0          0   sw_llfcd_hash_sha512.c.obj

    ----------------------------------------------------------------------
     27300       2854      11720          0         12        696   Library Totals
         6          0         30          0          4          0   (incl. Padding)

    ----------------------------------------------------------------------

      Code (inc. data)   RO Data    RW Data    ZI Data      Debug   Library Name

       482         20        133          0          0        696   mc_w.l
     26812       2834      11557          0          8          0   nrf_cc310_0.9.13.lib

    ----------------------------------------------------------------------
     27300       2854      11720          0         12        696   Library Totals

    ----------------------------------------------------------------------

==============================================================================


      Code (inc. data)   RO Data    RW Data    ZI Data      Debug   

     79256      10144      20368        984      23768    1524012   Grand Totals
     79256      10144      20368        192      23768    1524012   ELF Image Totals (compressed)
     79256      10144      20368        192          0          0   ROM Totals

==============================================================================

    Total RO  Size (Code + RO Data)                99624 (  97.29kB)
    Total RW  Size (RW Data + ZI Data)             24752 (  24.17kB)
    Total ROM Size (Code + RO Data + RW Data)      99816 (  97.48kB)

==============================================================================

