<html>
<body>
<pre>
<h1>µVision Build Log</h1>
<h2>Tool Versions:</h2>
IDE-Version: ¦ÌVision V5.29.0.0
Copyright (C) 2019 ARM Ltd and ARM Germany GmbH. All rights reserved.
License Information: 1 Laptop, 1, LIC=RC93N-YMS09-QD1KD-8PLFH-KRD7T-U1X3S
 
Tool Versions:
Toolchain:       MDK-ARM Plus  Version: 5.29.0.0
Toolchain Path:  D:\EmbeddedSoftware\MDK\MDK_FILE\ARM\ARMCC\Bin
C Compiler:      Armcc.exe V5.06 update 6 (build 750)
Assembler:       Armasm.exe V5.06 update 6 (build 750)
Linker/Locator:  ArmLink.exe V5.06 update 6 (build 750)
Library Manager: ArmAr.exe V5.06 update 6 (build 750)
Hex Converter:   FromElf.exe V5.06 update 6 (build 750)
CPU DLL:         
Dialog DLL:      
Target DLL:      Segger\JL2CM3.dll V2.99.36.0
Dialog DLL:      TCM.DLL V1.36.5.0
 
<h2>Project:</h2>
E:\BLE\Nordic  - program\nRF5_SDK_17.1.0_ddde560\examples\ble_peripheral\ble_app_hrs\pca10059\s140\arm5_no_packs\ble_app_hrs_pca10059_s140.uvprojx
Project File Date:  09/17/2024

<h2>Output:</h2>
*** Using Compiler 'V5.06 update 6 (build 750)', folder: 'D:\EmbeddedSoftware\MDK\MDK_FILE\ARM\ARMCC\Bin'
Build target 'nrf52840_xxaa'
compiling utf.c...
compiling ble_advertising.c...
compiling ble_advdata.c...
compiling auth_status_tracker.c...
compiling boards.c...
compiling bsp_btn_ble.c...
compiling bsp.c...
compiling main.c...
compiling ble_srv_common.c...
compiling ble_conn_params.c...
compiling ble_conn_state.c...
compiling nrf_ble_gatt.c...
compiling id_manager.c...
compiling gatts_cache_manager.c...
compiling gatt_cache_manager.c...
compiling nrf_ble_lesc.c...
compiling nrf_ble_qwr.c...
compiling peer_id.c...
compiling peer_data_storage.c...
compiling peer_database.c...
compiling peer_manager_handler.c...
compiling peer_manager.c...
compiling pm_buffer.c...
compiling nrf_crypto_aead.c...
compiling security_dispatcher.c...
compiling ble_hrs.c...
compiling ble_bas.c...
compiling ble_dis.c...
compiling security_manager.c...
compiling nrf_crypto_aes.c...
compiling nrf_crypto_aes_shared.c...
compiling nrf_crypto_error.c...
compiling nrf_crypto_hash.c...
compiling nrf_crypto_eddsa.c...
compiling nrf_crypto_ecc.c...
compiling nrf_crypto_ecdsa.c...
compiling nrf_crypto_ecdh.c...
compiling nrf_crypto_hkdf.c...
compiling nrf_crypto_hmac.c...
compiling nrf_crypto_shared.c...
compiling nrf_crypto_init.c...
compiling cc310_backend_aes_aead.c...
compiling nrf_crypto_rng.c...
compiling cc310_backend_aes.c...
compiling cc310_backend_chacha_poly_aead.c...
compiling cc310_backend_eddsa.c...
compiling cc310_backend_hash.c...
compiling cc310_backend_ecdh.c...
compiling cc310_backend_hmac.c...
compiling cc310_backend_ecdsa.c...
compiling cc310_backend_ecc.c...
compiling oberon_backend_ecc.c...
compiling cc310_backend_init.c...
compiling oberon_backend_ecdh.c...
compiling oberon_backend_ecdsa.c...
compiling oberon_backend_eddsa.c...
compiling cc310_backend_mutex.c...
compiling oberon_backend_chacha_poly_aead.c...
compiling oberon_backend_hash.c...
compiling nrf_hw_backend_init.c...
compiling cc310_backend_shared.c...
compiling oberon_backend_hmac.c...
compiling cc310_backend_rng.c...
compiling nrf_hw_backend_rng.c...
compiling nrf_hw_backend_rng_mbedtls.c...
compiling nrfx_atomic.c...
compiling nrf_drv_uart.c...
compiling nrfx_clock.c...
compiling nrf_drv_rng.c...
compiling nrf_drv_clock.c...
compiling nrfx_prs.c...
compiling nrfx_gpiote.c...
compiling app_error.c...
compiling nrfx_rng.c...
compiling nrfx_uart.c...
compiling app_button.c...
compiling nrfx_uarte.c...
compiling app_error_handler_keil.c...
compiling app_scheduler.c...
compiling app_error_weak.c...
compiling app_util_platform.c...
compiling crc16.c...
compiling app_timer2.c...
compiling nrf_assert.c...
compiling hardfault_implementation.c...
compiling drv_rtc.c...
compiling mem_manager.c...
compiling fds.c...
compiling nrf_atfifo.c...
compiling nrf_atflags.c...
compiling nrf_atomic.c...
compiling nrf_fprintf.c...
compiling nrf_fprintf_format.c...
compiling nrf_balloc.c...
compiling nrf_fstorage.c...
compiling nrf_fstorage_sd.c...
compiling nrf_memobj.c...
compiling sensorsim.c...
compiling nrf_section_iter.c...
compiling nrf_sortlist.c...
compiling nrf_ringbuf.c...
compiling nrf_queue.c...
compiling nrf_pwr_mgmt.c...
compiling nrf_strerror.c...
compiling nrf_log_backend_rtt.c...
compiling nrf_log_backend_serial.c...
compiling nrf_log_default_backends.c...
compiling SEGGER_RTT.c...
compiling SEGGER_RTT_Syscalls_KEIL.c...
compiling nrf_log_str_formatter.c...
compiling nrf_log_backend_uart.c...
compiling nrf_log_frontend.c...
compiling SEGGER_RTT_printf.c...
compiling platform_util.c...
compiling ctr_drbg.c...
assembling arm_startup_nrf52840.s...
compiling aes.c...
compiling nrf_sdh_soc.c...
compiling system_nrf52.c...
compiling nrf_sdh.c...
compiling nrf_sdh_ble.c...
linking...
Program Size: Code=79256 RO-data=20368 RW-data=984 ZI-data=23768  
FromELF: creating hex file...
".\_build\nrf52840_xxaa.axf" - 0 Error(s), 0 Warning(s).

<h2>Software Packages used:</h2>

Package Vendor: ARM
                http://www.keil.com/pack/ARM.CMSIS.5.6.0.pack
                ARM.CMSIS.5.6.0
                CMSIS (Cortex Microcontroller Software Interface Standard)
   * Component: CORE Version: 5.3.0

Package Vendor: NordicSemiconductor
                http://developer.nordicsemi.com/nRF5_SDK/pieces/nRF_DeviceFamilyPack/NordicSemiconductor.nRF_DeviceFamilyPack.8.44.1.pack
                NordicSemiconductor.nRF_DeviceFamilyPack.8.44.1
                Nordic Semiconductor nRF ARM devices Device Family Pack with BSD license.
   * Component: Startup Version: 8.44.1

<h2>Collection of Component include folders:</h2>
  .\RTE\_nrf52840_xxaa
  D:\EmbeddedSoftware\MDK\MDK_FILE\ARM\CMSIS\5.6.0\CMSIS\Core\Include
  D:\EmbeddedSoftware\MDK\MDK_FILE\NordicSemiconductor\nRF_DeviceFamilyPack\8.44.1\Device\Include

<h2>Collection of Component Files used:</h2>

   * Component: ARM::CMSIS:CORE:5.3.0

   * Component: NordicSemiconductor::Device:Startup:8.44.1
      Source file:   Device\Source\arm\arm_startup_nrf52840.s
      Source file:   Device\Source\system_nrf52.c
      Include file:  Device\Include\system_nrf.h
      Include file:  Device\Include\system_nrf52840.h
Build Time Elapsed:  00:01:50
</pre>
</body>
</html>
