<html>
<body>
<pre>
<h1>µVision Build Log</h1>
<h2>Tool Versions:</h2>
IDE-Version: ¦ÌVision V5.29.0.0
Copyright (C) 2019 ARM Ltd and ARM Germany GmbH. All rights reserved.
License Information: 1 Laptop, 1, LIC=RC93N-YMS09-QD1KD-8PLFH-KRD7T-U1X3S
 
Tool Versions:
Toolchain:       MDK-ARM Plus  Version: 5.29.0.0
Toolchain Path:  D:\EmbeddedSoftware\MDK\MDK_FILE\ARM\ARMCC\Bin
C Compiler:      Armcc.exe V5.06 update 6 (build 750)
Assembler:       Armasm.exe V5.06 update 6 (build 750)
Linker/Locator:  ArmLink.exe V5.06 update 6 (build 750)
Library Manager: ArmAr.exe V5.06 update 6 (build 750)
Hex Converter:   FromElf.exe V5.06 update 6 (build 750)
CPU DLL:         
Dialog DLL:      
Target DLL:      Segger\JL2CM3.dll V2.99.36.0
Dialog DLL:      TCM.DLL V1.36.5.0
 
<h2>Project:</h2>
E:\BLE\Nordic  - program\nRF5_SDK_17.1.0_ddde560\examples\ble_peripheral\ble_app_hrs\pca10059\s140\arm5_no_packs\ble_app_hrs_pca10059_s140.uvprojx
Project File Date:  09/19/2024

<h2>Output:</h2>
*** Using Compiler 'V5.06 update 6 (build 750)', folder: 'D:\EmbeddedSoftware\MDK\MDK_FILE\ARM\ARMCC\Bin'
Build target 'nrf52840_xxaa'
compiling ble_conn_params.c...
compiling ble_advertising.c...
compiling ble_advdata.c...
compiling auth_status_tracker.c...
compiling bsp.c...
compiling bsp_btn_ble.c...
compiling main.c...
compiling ble_srv_common.c...
compiling nrf_ble_gatt.c...
compiling gatt_cache_manager.c...
compiling gatts_cache_manager.c...
compiling ble_conn_state.c...
compiling id_manager.c...
compiling nrf_ble_lesc.c...
compiling nrf_ble_qwr.c...
compiling peer_id.c...
compiling peer_data_storage.c...
compiling security_manager.c...
compiling peer_manager_handler.c...
compiling peer_database.c...
compiling security_dispatcher.c...
compiling peer_manager.c...
compiling nrf_sdh_ble.c...
compiling ble_bas.c...
compiling ble_hrs.c...
compiling ble_dis.c...
linking...
Program Size: Code=79256 RO-data=20368 RW-data=984 ZI-data=23768  
FromELF: creating hex file...
".\_build\nrf52840_xxaa.axf" - 0 Error(s), 0 Warning(s).

<h2>Software Packages used:</h2>

Package Vendor: ARM
                http://www.keil.com/pack/ARM.CMSIS.5.6.0.pack
                ARM.CMSIS.5.6.0
                CMSIS (Cortex Microcontroller Software Interface Standard)
   * Component: CORE Version: 5.3.0

Package Vendor: NordicSemiconductor
                http://developer.nordicsemi.com/nRF5_SDK/pieces/nRF_DeviceFamilyPack/NordicSemiconductor.nRF_DeviceFamilyPack.8.44.1.pack
                NordicSemiconductor.nRF_DeviceFamilyPack.8.44.1
                Nordic Semiconductor nRF ARM devices Device Family Pack with BSD license.
   * Component: Startup Version: 8.44.1

<h2>Collection of Component include folders:</h2>
  .\RTE\_nrf52840_xxaa
  D:\EmbeddedSoftware\MDK\MDK_FILE\ARM\CMSIS\5.6.0\CMSIS\Core\Include
  D:\EmbeddedSoftware\MDK\MDK_FILE\NordicSemiconductor\nRF_DeviceFamilyPack\8.44.1\Device\Include

<h2>Collection of Component Files used:</h2>

   * Component: ARM::CMSIS:CORE:5.3.0

   * Component: NordicSemiconductor::Device:Startup:8.44.1
      Source file:   Device\Source\system_nrf52.c
      Include file:  Device\Include\system_nrf.h
      Source file:   Device\Source\arm\arm_startup_nrf52840.s
      Include file:  Device\Include\system_nrf52840.h
Build Time Elapsed:  00:00:23
</pre>
</body>
</html>
